Archive member included to satisfy reference by file (symbol)

C:\Users\Dell\STM32CubeIDE\workspace_1.12.1\library_copy\SDK_1.0.3_NUCLEO-F401RE\lib_stm\libLibraries.a(system_stm32f4xx.o)
                              ./Src/main.o (SystemCoreClockUpdate)
C:\Users\Dell\STM32CubeIDE\workspace_1.12.1\library_copy\SDK_1.0.3_NUCLEO-F401RE\lib_stm\libLibraries.a(eventbutton.o)
                              ./Src/main.o (EventButton_Init)
C:\Users\Dell\STM32CubeIDE\workspace_1.12.1\library_copy\SDK_1.0.3_NUCLEO-F401RE\lib_stm\libLibraries.a(buzzer.o)
                              ./Src/main.o (BuzzerControl_Init)
C:\Users\Dell\STM32CubeIDE\workspace_1.12.1\library_copy\SDK_1.0.3_NUCLEO-F401RE\lib_stm\libLibraries.a(melody.o)
                              ./Src/main.o (pbeep)
C:\Users\Dell\STM32CubeIDE\workspace_1.12.1\library_copy\SDK_1.0.3_NUCLEO-F401RE\lib_stm\libLibraries.a(led.o)
                              ./Src/main.o (LedControl_Init)
C:\Users\Dell\STM32CubeIDE\workspace_1.12.1\library_copy\SDK_1.0.3_NUCLEO-F401RE\lib_stm\libLibraries.a(eventman.o)
                              ./Src/main.o (EventSchedulerInit)
C:\Users\Dell\STM32CubeIDE\workspace_1.12.1\library_copy\SDK_1.0.3_NUCLEO-F401RE\lib_stm\libLibraries.a(timer.o)
                              ./Src/main.o (TimerInit)
C:\Users\Dell\STM32CubeIDE\workspace_1.12.1\library_copy\SDK_1.0.3_NUCLEO-F401RE\lib_stm\libLibraries.a(lightsensor.o)
                              ./Src/main.o (LightSensor_Init)
C:\Users\Dell\STM32CubeIDE\workspace_1.12.1\library_copy\SDK_1.0.3_NUCLEO-F401RE\lib_stm\libLibraries.a(temhumsensor.o)
                              ./Src/main.o (TemHumSensor_Init)
C:\Users\Dell\STM32CubeIDE\workspace_1.12.1\library_copy\SDK_1.0.3_NUCLEO-F401RE\lib_stm\libLibraries.a(serial.o)
                              C:\Users\Dell\STM32CubeIDE\workspace_1.12.1\library_copy\SDK_1.0.3_NUCLEO-F401RE\lib_stm\libLibraries.a(eventbutton.o) (Serial_SendPacket)
C:\Users\Dell\STM32CubeIDE\workspace_1.12.1\library_copy\SDK_1.0.3_NUCLEO-F401RE\lib_stm\libLibraries.a(Ucglib.o)
                              ./Src/main.o (Ucglib4WireSWSPI_begin)
C:\Users\Dell\STM32CubeIDE\workspace_1.12.1\library_copy\SDK_1.0.3_NUCLEO-F401RE\lib_stm\libLibraries.a(ucg_box.o)
                              ./Src/main.o (ucg_ClearScreen)
C:\Users\Dell\STM32CubeIDE\workspace_1.12.1\library_copy\SDK_1.0.3_NUCLEO-F401RE\lib_stm\libLibraries.a(ucg_ccs.o)
                              C:\Users\Dell\STM32CubeIDE\workspace_1.12.1\library_copy\SDK_1.0.3_NUCLEO-F401RE\lib_stm\libLibraries.a(ucg_box.o) (ucg_ccs_init)
C:\Users\Dell\STM32CubeIDE\workspace_1.12.1\library_copy\SDK_1.0.3_NUCLEO-F401RE\lib_stm\libLibraries.a(ucg_circle.o)
                              C:\Users\Dell\STM32CubeIDE\workspace_1.12.1\library_copy\SDK_1.0.3_NUCLEO-F401RE\lib_stm\libLibraries.a(ucg_box.o) (ucg_DrawCircle)
C:\Users\Dell\STM32CubeIDE\workspace_1.12.1\library_copy\SDK_1.0.3_NUCLEO-F401RE\lib_stm\libLibraries.a(ucg_dev_default_cb.o)
                              C:\Users\Dell\STM32CubeIDE\workspace_1.12.1\library_copy\SDK_1.0.3_NUCLEO-F401RE\lib_stm\libLibraries.a(Ucglib.o) (ucg_dev_default_cb)
C:\Users\Dell\STM32CubeIDE\workspace_1.12.1\library_copy\SDK_1.0.3_NUCLEO-F401RE\lib_stm\libLibraries.a(ucg_dev_ic_st7735.o)
                              C:\Users\Dell\STM32CubeIDE\workspace_1.12.1\library_copy\SDK_1.0.3_NUCLEO-F401RE\lib_stm\libLibraries.a(Ucglib.o) (ucg_ext_st7735_18)
C:\Users\Dell\STM32CubeIDE\workspace_1.12.1\library_copy\SDK_1.0.3_NUCLEO-F401RE\lib_stm\libLibraries.a(ucg_dev_msg_api.o)
                              C:\Users\Dell\STM32CubeIDE\workspace_1.12.1\library_copy\SDK_1.0.3_NUCLEO-F401RE\lib_stm\libLibraries.a(ucg_box.o) (ucg_SetMaxClipRange)
C:\Users\Dell\STM32CubeIDE\workspace_1.12.1\library_copy\SDK_1.0.3_NUCLEO-F401RE\lib_stm\libLibraries.a(ucg_dev_tft_128x128_st7735.o)
                              C:\Users\Dell\STM32CubeIDE\workspace_1.12.1\library_copy\SDK_1.0.3_NUCLEO-F401RE\lib_stm\libLibraries.a(Ucglib.o) (ucg_dev_st7735_18x128x128)
C:\Users\Dell\STM32CubeIDE\workspace_1.12.1\library_copy\SDK_1.0.3_NUCLEO-F401RE\lib_stm\libLibraries.a(ucg_font.o)
                              C:\Users\Dell\STM32CubeIDE\workspace_1.12.1\library_copy\SDK_1.0.3_NUCLEO-F401RE\lib_stm\libLibraries.a(Ucglib.o) (ucg_SetFontMode)
C:\Users\Dell\STM32CubeIDE\workspace_1.12.1\library_copy\SDK_1.0.3_NUCLEO-F401RE\lib_stm\libLibraries.a(ucg_init.o)
                              C:\Users\Dell\STM32CubeIDE\workspace_1.12.1\library_copy\SDK_1.0.3_NUCLEO-F401RE\lib_stm\libLibraries.a(Ucglib.o) (ucg_Init)
C:\Users\Dell\STM32CubeIDE\workspace_1.12.1\library_copy\SDK_1.0.3_NUCLEO-F401RE\lib_stm\libLibraries.a(ucg_line.o)
                              C:\Users\Dell\STM32CubeIDE\workspace_1.12.1\library_copy\SDK_1.0.3_NUCLEO-F401RE\lib_stm\libLibraries.a(ucg_font.o) (ucg_Draw90Line)
[...]
Memory Configuration

Name             Origin             Length             Attributes
RAM              0x0000000020000000 0x0000000000018000 xrw
FLASH            0x0000000008000000 0x0000000000080000 xr
*default*        0x0000000000000000 0xffffffffffffffff

Linker script and memory map

LOAD c:/st/stm32cubeide_1.12.1/stm32cubeide/plugins/com.st.stm32cube.ide.mcu.externaltools.gnu-tools-for-stm32.10.3-2021.10.win32_1.0.200.202301161003/tools/bin/../lib/gcc/arm-none-eabi/10.3.1/thumb/v7e-m+fp/hard/crti.o
LOAD c:/st/stm32cubeide_1.12.1/stm32cubeide/plugins/com.st.stm32cube.ide.mcu.externaltools.gnu-tools-for-stm32.10.3-2021.10.win32_1.0.200.202301161003/tools/bin/../lib/gcc/arm-none-eabi/10.3.1/thumb/v7e-m+fp/hard/crtbegin.o
LOAD c:/st/stm32cubeide_1.12.1/stm32cubeide/plugins/com.st.stm32cube.ide.mcu.externaltools.gnu-tools-for-stm32.10.3-2021.10.win32_1.0.200.202301161003/tools/bin/../lib/gcc/arm-none-eabi/10.3.1/../../../../arm-none-eabi/lib/thumb/v7e-m+fp/hard/crt0.o
LOAD ./Src/main.o
LOAD ./Src/syscalls.o
LOAD ./Src/sysmem.o
LOAD ./Startup/startup_stm32f401retx.o
LOAD C:\Users\Dell\STM32CubeIDE\workspace_1.12.1\library_copy\SDK_1.0.3_NUCLEO-F401RE\lib_stm\libLibraries.a
START GROUP
LOAD c:/st/stm32cubeide_1.12.1/stm32cubeide/plugins/com.st.stm32cube.ide.mcu.externaltools.gnu-tools-for-stm32.10.3-2021.10.win32_1.0.200.202301161003/tools/bin/../lib/gcc/arm-none-eabi/10.3.1/../../../../arm-none-eabi/lib/thumb/v7e-m+fp/hard\libc_nano.a
LOAD c:/st/stm32cubeide_1.12.1/stm32cubeide/plugins/com.st.stm32cube.ide.mcu.externaltools.gnu-tools-for-stm32.10.3-2021.10.win32_1.0.200.202301161003/tools/bin/../lib/gcc/arm-none-eabi/10.3.1/../../../../arm-none-eabi/lib/thumb/v7e-m+fp/hard\libm.a
END GROUP
START GROUP
LOAD c:/st/stm32cubeide_1.12.1/stm32cubeide/plugins/com.st.stm32cube.ide.mcu.externaltools.gnu-tools-for-stm32.10.3-2021.10.win32_1.0.200.202301161003/tools/bin/../lib/gcc/arm-none-eabi/10.3.1/thumb/v7e-m+fp/hard\libgcc.a
LOAD c:/st/stm32cubeide_1.12.1/stm32cubeide/plugins/com.st.stm32cube.ide.mcu.externaltools.gnu-tools-for-stm32.10.3-2021.10.win32_1.0.200.202301161003/tools/bin/../lib/gcc/arm-none-eabi/10.3.1/../../../../arm-none-eabi/lib/thumb/v7e-m+fp/hard\libc_nano.a
END GROUP
START GROUP
LOAD c:/st/stm32cubeide_1.12.1/stm32cubeide/plugins/com.st.stm32cube.ide.mcu.externaltools.gnu-tools-for-stm32.10.3-2021.10.win32_1.0.200.202301161003/tools/bin/../lib/gcc/arm-none-eabi/10.3.1/thumb/v7e-m+fp/hard\libgcc.a
LOAD c:/st/stm32cubeide_1.12.1/stm32cubeide/plugins/com.st.stm32cube.ide.mcu.externaltools.gnu-tools-for-stm32.10.3-2021.10.win32_1.0.200.202301161003/tools/bin/../lib/gcc/arm-none-eabi/10.3.1/../../../../arm-none-eabi/lib/thumb/v7e-m+fp/hard\libc_nano.a
LOAD c:/st/stm32cubeide_1.12.1/stm32cubeide/plugins/com.st.stm32cube.ide.mcu.externaltools.gnu-tools-for-stm32.10.3-2021.10.win32_1.0.200.202301161003/tools/bin/../lib/gcc/arm-none-eabi/10.3.1/../../../../arm-none-eabi/lib/thumb/v7e-m+fp/hard\libnosys.a
END GROUP
START GROUP
LOAD c:/st/stm32cubeide_1.12.1/stm32cubeide/plugins/com.st.stm32cube.ide.mcu.externaltools.gnu-tools-for-stm32.10.3-2021.10.win32_1.0.200.202301161003/tools/bin/../lib/gcc/arm-none-eabi/10.3.1/thumb/v7e-m+fp/hard\libgcc.a
LOAD c:/st/stm32cubeide_1.12.1/stm32cubeide/plugins/com.st.stm32cube.ide.mcu.externaltools.gnu-tools-for-stm32.10.3-2021.10.win32_1.0.200.202301161003/tools/bin/../lib/gcc/arm-none-eabi/10.3.1/../../../../arm-none-eabi/lib/thumb/v7e-m+fp/hard\libc_nano.a
LOAD c:/st/stm32cubeide_1.12.1/stm32cubeide/plugins/com.st.stm32cube.ide.mcu.externaltools.gnu-tools-for-stm32.10.3-2021.10.win32_1.0.200.202301161003/tools/bin/../lib/gcc/arm-none-eabi/10.3.1/../../../../arm-none-eabi/lib/thumb/v7e-m+fp/hard\libnosys.a
END GROUP
LOAD c:/st/stm32cubeide_1.12.1/stm32cubeide/plugins/com.st.stm32cube.ide.mcu.externaltools.gnu-tools-for-stm32.10.3-2021.10.win32_1.0.200.202301161003/tools/bin/../lib/gcc/arm-none-eabi/10.3.1/thumb/v7e-m+fp/hard/crtend.o
LOAD c:/st/stm32cubeide_1.12.1/stm32cubeide/plugins/com.st.stm32cube.ide.mcu.externaltools.gnu-tools-for-stm32.10.3-2021.10.win32_1.0.200.202301161003/tools/bin/../lib/gcc/arm-none-eabi/10.3.1/thumb/v7e-m+fp/hard/crtn.o
                0x0000000020018000                _estack = (ORIGIN (RAM) + LENGTH (RAM))
                0x0000000000000200                _Min_Heap_Size = 0x200
                0x0000000000000400                _Min_Stack_Size = 0x400

.isr_vector     0x0000000008000000      0x194
                0x0000000008000000                . = ALIGN (0x4)
 *(.isr_vector)
 .isr_vector    0x0000000008000000      0x194 ./Startup/startup_stm32f401retx.o
                0x0000000008000000                g_pfnVectors
                0x0000000008000194                . = ALIGN (0x4)

.text           0x00000000080001a0     0x6588
                0x00000000080001a0                . = ALIGN (0x4)
 *(.text)
 .text          0x00000000080001a0       0x40 c:/st/stm32cubeide_1.12.1/stm32cubeide/plugins/com.st.stm32cube.ide.mcu.externaltools.gnu-tools-for-stm32.10.3-2021.10.win32_1.0.200.202301161003/tools/bin/../lib/gcc/arm-none-eabi/10.3.1/thumb/v7e-m+fp/hard/crtbegin.o
 .text          0x00000000080001e0       0xa0 c:/st/stm32cubeide_1.12.1/stm32cubeide/plugins/com.st.stm32cube.ide.mcu.externaltools.gnu-tools-for-stm32.10.3-2021.10.win32_1.0.200.202301161003/tools/bin/../lib/gcc/arm-none-eabi/10.3.1/../../../../arm-none-eabi/lib/thumb/v7e-m+fp/hard\libc_nano.a(lib_a-memchr.o)
                0x00000000080001e0                memchr
 *(.text*)
 .text.AppInitCommon
                0x0000000008000280       0x78 ./Src/main.o
                0x0000000008000280                AppInitCommon
 .text.AppStateManager
                0x00000000080002f8       0x50 ./Src/main.o
 .text.SetStateApp
                0x0000000008000348       0x20 ./Src/main.o
 .text.GetStateApp
                0x0000000008000368       0x18 ./Src/main.o
 .text.LoadConfiguration
                0x0000000008000380       0x24 ./Src/main.o
                0x0000000008000380                LoadConfiguration
 .text.tangDoSangLed
                0x00000000080003a4       0x34 ./Src/main.o
                0x00000000080003a4                tangDoSangLed
 .text.giamDoSangLed
                0x00000000080003d8       0x30 ./Src/main.o
                0x00000000080003d8                giamDoSangLed
 .text.DeviceStateMachine
                0x0000000008000408      0x340 ./Src/main.o
                0x0000000008000408                DeviceStateMachine
 .text.Task_multiSensorScan
                0x0000000008000748      0x104 ./Src/main.o
                0x0000000008000748                Task_multiSensorScan
 .text.MultiSensorScan
                0x000000000800084c       0x44 ./Src/main.o
                0x000000000800084c                MultiSensorScan
 .text.main     0x0000000008000890       0x22 ./Src/main.o
                0x0000000008000890                main
 *fill*         0x00000000080008b2        0x2 
 .text._sbrk    0x00000000080008b4       0x6c ./Src/sysmem.o
                0x00000000080008b4                _sbrk
 .text.Reset_Handler
                0x0000000008000920       0x50 ./Startup/startup_stm32f401retx.o
                0x0000000008000920                Reset_Handler
 .text.Default_Handler
                0x0000000008000970        0x2 ./Startup/startup_stm32f401retx.o
                0x0000000008000970                EXTI2_IRQHandler
                0x0000000008000970                DebugMon_Handler
                0x0000000008000970                SPI4_IRQHandler
                0x0000000008000970                TIM1_CC_IRQHandler
                0x0000000008000970                DMA2_Stream5_IRQHandler
                0x0000000008000970                HardFault_Handler
                0x0000000008000970                DMA1_Stream5_IRQHandler
                0x0000000008000970                SDIO_IRQHandler
                0x0000000008000970                TAMP_STAMP_IRQHandler
                0x0000000008000970                PendSV_Handler
                0x0000000008000970                NMI_Handler
                0x0000000008000970                EXTI3_IRQHandler
                0x0000000008000970                TIM1_UP_TIM10_IRQHandler
                0x0000000008000970                I2C3_ER_IRQHandler
                0x0000000008000970                EXTI18_OTG_FS_WKUP_IRQHandler
                0x0000000008000970                EXTI0_IRQHandler
                0x0000000008000970                I2C2_EV_IRQHandler
                0x0000000008000970                DMA1_Stream2_IRQHandler
                0x0000000008000970                UsageFault_Handler
                0x0000000008000970                DMA2_Stream2_IRQHandler
                0x0000000008000970                SPI1_IRQHandler
                0x0000000008000970                TIM1_BRK_TIM9_IRQHandler
                0x0000000008000970                DMA2_Stream3_IRQHandler
                0x0000000008000970                USART6_IRQHandler
                0x0000000008000970                DMA2_Stream0_IRQHandler
                0x0000000008000970                TIM4_IRQHandler
                0x0000000008000970                I2C1_EV_IRQHandler
                0x0000000008000970                DMA1_Stream6_IRQHandler
                0x0000000008000970                DMA1_Stream1_IRQHandler
                0x0000000008000970                TIM3_IRQHandler
                0x0000000008000970                RCC_IRQHandler
                0x0000000008000970                Default_Handler
                0x0000000008000970                EXTI15_10_IRQHandler
                0x0000000008000970                ADC_IRQHandler
                0x0000000008000970                DMA1_Stream7_IRQHandler
                0x0000000008000970                TIM5_IRQHandler
                0x0000000008000970                DMA2_Stream7_IRQHandler
                0x0000000008000970                I2C3_EV_IRQHandler
                0x0000000008000970                EXTI9_5_IRQHandler
                0x0000000008000970                SPI2_IRQHandler
                0x0000000008000970                MemManage_Handler
                0x0000000008000970                DMA1_Stream0_IRQHandler
                0x0000000008000970                SVC_Handler
                0x0000000008000970                EXTI4_IRQHandler
                0x0000000008000970                EXTI22_RTC_WKUP_IRQHandler
                0x0000000008000970                TIM2_IRQHandler
                0x0000000008000970                EXTI16_PVD_IRQHandler
                0x0000000008000970                TIM1_TRG_COM_TIM11_IRQHandler
                0x0000000008000970                EXTI1_IRQHandler
                0x0000000008000970                EXTI17_RTC_Alarm_IRQHandler
                0x0000000008000970                I2C2_ER_IRQHandler
                0x0000000008000970                DMA2_Stream1_IRQHandler
                0x0000000008000970                FLASH_IRQHandler
                0x0000000008000970                DMA2_Stream4_IRQHandler
                0x0000000008000970                BusFault_Handler
                0x0000000008000970                USART1_IRQHandler
                0x0000000008000970                OTG_FS_IRQHandler
                0x0000000008000970                SPI3_IRQHandler
                0x0000000008000970                DMA1_Stream4_IRQHandler
                0x0000000008000970                I2C1_ER_IRQHandler
                0x0000000008000970                DMA2_Stream6_IRQHandler
                0x0000000008000970                DMA1_Stream3_IRQHandler
 *fill*         0x0000000008000972        0x2 
 .text.SystemInit
                0x0000000008000974       0x6c C:\Users\Dell\STM32CubeIDE\workspace_1.12.1\library_copy\SDK_1.0.3_NUCLEO-F401RE\lib_stm\libLibraries.a(system_stm32f4xx.o)
                0x0000000008000974                SystemInit
 .text.SystemCoreClockUpdate
                0x00000000080009e0       0xf8 C:\Users\Dell\STM32CubeIDE\workspace_1.12.1\library_copy\SDK_1.0.3_NUCLEO-F401RE\lib_stm\libLibraries.a(system_stm32f4xx.o)
                0x00000000080009e0                SystemCoreClockUpdate
 .text.SetSysClock
                0x0000000008000ad8       0xa0 C:\Users\Dell\STM32CubeIDE\workspace_1.12.1\library_copy\SDK_1.0.3_NUCLEO-F401RE\lib_stm\libLibraries.a(system_stm32f4xx.o)
 .text.EventButton_Init
                0x0000000008000b78       0x6c C:\Users\Dell\STM32CubeIDE\workspace_1.12.1\library_copy\SDK_1.0.3_NUCLEO-F401RE\lib_stm\libLibraries.a(eventbutton.o)
                0x0000000008000b78                EventButton_Init
 .text.ButtonProcessEventEdge
                0x0000000008000be4       0x34 C:\Users\Dell\STM32CubeIDE\workspace_1.12.1\library_copy\SDK_1.0.3_NUCLEO-F401RE\lib_stm\libLibraries.a(eventbutton.o)
 .text.ButtonProcessEventPress
                0x0000000008000c18       0x48 C:\Users\Dell\STM32CubeIDE\workspace_1.12.1\library_copy\SDK_1.0.3_NUCLEO-F401RE\lib_stm\libLibraries.a(eventbutton.o)
 .text.ButtonProcessEventHold
                0x0000000008000c60       0x5e C:\Users\Dell\STM32CubeIDE\workspace_1.12.1\library_copy\SDK_1.0.3_NUCLEO-F401RE\lib_stm\libLibraries.a(eventbutton.o)
 .text.ButtonProcessEventRelease
                0x0000000008000cbe       0x5e C:\Users\Dell\STM32CubeIDE\workspace_1.12.1\library_copy\SDK_1.0.3_NUCLEO-F401RE\lib_stm\libLibraries.a(eventbutton.o)
 .text.BuzzerControl_Init
                0x0000000008000d1c       0x2c C:\Users\Dell\STM32CubeIDE\workspace_1.12.1\library_copy\SDK_1.0.3_NUCLEO-F401RE\lib_stm\libLibraries.a(buzzer.o)
                0x0000000008000d1c                BuzzerControl_Init
 .text.BuzzOff  0x0000000008000d48       0x58 C:\Users\Dell\STM32CubeIDE\workspace_1.12.1\library_copy\SDK_1.0.3_NUCLEO-F401RE\lib_stm\libLibraries.a(buzzer.o)
 .text.BuzzPlay
                0x0000000008000da0       0x98 C:\Users\Dell\STM32CubeIDE\workspace_1.12.1\library_copy\SDK_1.0.3_NUCLEO-F401RE\lib_stm\libLibraries.a(buzzer.o)
 .text.BuzzerControl_SetMelody
                0x0000000008000e38       0x3c C:\Users\Dell\STM32CubeIDE\workspace_1.12.1\library_copy\SDK_1.0.3_NUCLEO-F401RE\lib_stm\libLibraries.a(buzzer.o)
                0x0000000008000e38                BuzzerControl_SetMelody
 .text.BUZZTIM_InitTimer
                0x0000000008000e74       0x50 C:\Users\Dell\STM32CubeIDE\workspace_1.12.1\library_copy\SDK_1.0.3_NUCLEO-F401RE\lib_stm\libLibraries.a(buzzer.o)
 .text.BUZZTIM_InitPWMChannel
                0x0000000008000ec4       0x90 C:\Users\Dell\STM32CubeIDE\workspace_1.12.1\library_copy\SDK_1.0.3_NUCLEO-F401RE\lib_stm\libLibraries.a(buzzer.o)
 .text.BuzzerControl_SetDutyCycle
                0x0000000008000f54       0x3c C:\Users\Dell\STM32CubeIDE\workspace_1.12.1\library_copy\SDK_1.0.3_NUCLEO-F401RE\lib_stm\libLibraries.a(buzzer.o)
                0x0000000008000f54                BuzzerControl_SetDutyCycle
 .text.BuzzerControl_SetPreriod
                0x0000000008000f90       0x20 C:\Users\Dell\STM32CubeIDE\workspace_1.12.1\library_copy\SDK_1.0.3_NUCLEO-F401RE\lib_stm\libLibraries.a(buzzer.o)
                0x0000000008000f90                BuzzerControl_SetPreriod
 .text.LedControl_Init
                0x0000000008000fb0       0x10 C:\Users\Dell\STM32CubeIDE\workspace_1.12.1\library_copy\SDK_1.0.3_NUCLEO-F401RE\lib_stm\libLibraries.a(led.o)
                0x0000000008000fb0                LedControl_Init
 .text.LedControl_SetColorIndividual
                0x0000000008000fc0       0xf8 C:\Users\Dell\STM32CubeIDE\workspace_1.12.1\library_copy\SDK_1.0.3_NUCLEO-F401RE\lib_stm\libLibraries.a(led.o)
                0x0000000008000fc0                LedControl_SetColorIndividual
 .text.LedControl_SetColorGeneral
                0x00000000080010b8      0x128 C:\Users\Dell\STM32CubeIDE\workspace_1.12.1\library_copy\SDK_1.0.3_NUCLEO-F401RE\lib_stm\libLibraries.a(led.o)
                0x00000000080010b8                LedControl_SetColorGeneral
 .text.LedControl_SetAllColor
                0x00000000080011e0       0x36 C:\Users\Dell\STM32CubeIDE\workspace_1.12.1\library_copy\SDK_1.0.3_NUCLEO-F401RE\lib_stm\libLibraries.a(led.o)
                0x00000000080011e0                LedControl_SetAllColor
 *fill*         0x0000000008001216        0x2 
 .text.LEDGPIO_Config
                0x0000000008001218       0x94 C:\Users\Dell\STM32CubeIDE\workspace_1.12.1\library_copy\SDK_1.0.3_NUCLEO-F401RE\lib_stm\libLibraries.a(led.o)
 .text.LEDTIM_Config
                0x00000000080012ac       0xec C:\Users\Dell\STM32CubeIDE\workspace_1.12.1\library_copy\SDK_1.0.3_NUCLEO-F401RE\lib_stm\libLibraries.a(led.o)
 .text.EventSchedulerInit
                0x0000000008001398       0x38 C:\Users\Dell\STM32CubeIDE\workspace_1.12.1\library_copy\SDK_1.0.3_NUCLEO-F401RE\lib_stm\libLibraries.a(eventman.o)
                0x0000000008001398                EventSchedulerInit
 .text.EventSchedulerAdd
                0x00000000080013d0       0x2c C:\Users\Dell\STM32CubeIDE\workspace_1.12.1\library_copy\SDK_1.0.3_NUCLEO-F401RE\lib_stm\libLibraries.a(eventman.o)
                0x00000000080013d0                EventSchedulerAdd
 .text.processEventScheduler
                0x00000000080013fc       0x38 C:\Users\Dell\STM32CubeIDE\workspace_1.12.1\library_copy\SDK_1.0.3_NUCLEO-F401RE\lib_stm\libLibraries.a(eventman.o)
                0x00000000080013fc                processEventScheduler
 .text.NVIC_SetPriority
                0x0000000008001434       0x54 C:\Users\Dell\STM32CubeIDE\workspace_1.12.1\library_copy\SDK_1.0.3_NUCLEO-F401RE\lib_stm\libLibraries.a(timer.o)
 .text.SysTick_Config
                0x0000000008001488       0x44 C:\Users\Dell\STM32CubeIDE\workspace_1.12.1\library_copy\SDK_1.0.3_NUCLEO-F401RE\lib_stm\libLibraries.a(timer.o)
 .text.TimerInit
                0x00000000080014cc       0x44 C:\Users\Dell\STM32CubeIDE\workspace_1.12.1\library_copy\SDK_1.0.3_NUCLEO-F401RE\lib_stm\libLibraries.a(timer.o)
                0x00000000080014cc                TimerInit
 .text.TimerStart
                0x0000000008001510       0xc4 C:\Users\Dell\STM32CubeIDE\workspace_1.12.1\library_copy\SDK_1.0.3_NUCLEO-F401RE\lib_stm\libLibraries.a(timer.o)
                0x0000000008001510                TimerStart
 .text.TimerStop
                0x00000000080015d4       0xa0 C:\Users\Dell\STM32CubeIDE\workspace_1.12.1\library_copy\SDK_1.0.3_NUCLEO-F401RE\lib_stm\libLibraries.a(timer.o)
                0x00000000080015d4                TimerStop
 .text.GetMilSecTick
                0x0000000008001674       0x18 C:\Users\Dell\STM32CubeIDE\workspace_1.12.1\library_copy\SDK_1.0.3_NUCLEO-F401RE\lib_stm\libLibraries.a(timer.o)
                0x0000000008001674                GetMilSecTick
 .text.processTimerScheduler
                0x000000000800168c       0xf0 C:\Users\Dell\STM32CubeIDE\workspace_1.12.1\library_copy\SDK_1.0.3_NUCLEO-F401RE\lib_stm\libLibraries.a(timer.o)
                0x000000000800168c                processTimerScheduler
 .text.TimeExpired
                0x000000000800177c       0xcc C:\Users\Dell\STM32CubeIDE\workspace_1.12.1\library_copy\SDK_1.0.3_NUCLEO-F401RE\lib_stm\libLibraries.a(timer.o)
 .text.SysTick_Handler
                0x0000000008001848       0x1c C:\Users\Dell\STM32CubeIDE\workspace_1.12.1\library_copy\SDK_1.0.3_NUCLEO-F401RE\lib_stm\libLibraries.a(timer.o)
                0x0000000008001848                SysTick_Handler
 .text.LightSensor_Init
                0x0000000008001864      0x160 C:\Users\Dell\STM32CubeIDE\workspace_1.12.1\library_copy\SDK_1.0.3_NUCLEO-F401RE\lib_stm\libLibraries.a(lightsensor.o)
                0x0000000008001864                LightSensor_Init
 .text.LightSensor_MeasureUseDMAMode
                0x00000000080019c4       0x18 C:\Users\Dell\STM32CubeIDE\workspace_1.12.1\library_copy\SDK_1.0.3_NUCLEO-F401RE\lib_stm\libLibraries.a(lightsensor.o)
                0x00000000080019c4                LightSensor_MeasureUseDMAMode
 .text.TemHumSensor_Init
                0x00000000080019dc        0xc C:\Users\Dell\STM32CubeIDE\workspace_1.12.1\library_copy\SDK_1.0.3_NUCLEO-F401RE\lib_stm\libLibraries.a(temhumsensor.o)
                0x00000000080019dc                TemHumSensor_Init
 .text.TemHumSensor_GetTemp
                0x00000000080019e8       0x7c C:\Users\Dell\STM32CubeIDE\workspace_1.12.1\library_copy\SDK_1.0.3_NUCLEO-F401RE\lib_stm\libLibraries.a(temhumsensor.o)
                0x00000000080019e8                TemHumSensor_GetTemp
 .text.TemHumSensor_GetHumi
                0x0000000008001a64       0x78 C:\Users\Dell\STM32CubeIDE\workspace_1.12.1\library_copy\SDK_1.0.3_NUCLEO-F401RE\lib_stm\libLibraries.a(temhumsensor.o)
                0x0000000008001a64                TemHumSensor_GetHumi
 .text.CalculateCRC8
                0x0000000008001adc       0x86 C:\Users\Dell\STM32CubeIDE\workspace_1.12.1\library_copy\SDK_1.0.3_NUCLEO-F401RE\lib_stm\libLibraries.a(temhumsensor.o)
 *fill*         0x0000000008001b62        0x2 
 .text.i2c_config
                0x0000000008001b64       0x94 C:\Users\Dell\STM32CubeIDE\workspace_1.12.1\library_copy\SDK_1.0.3_NUCLEO-F401RE\lib_stm\libLibraries.a(temhumsensor.o)
                0x0000000008001b64                i2c_config
 .text.i2c_read_reg_expand
                0x0000000008001bf8       0xac C:\Users\Dell\STM32CubeIDE\workspace_1.12.1\library_copy\SDK_1.0.3_NUCLEO-F401RE\lib_stm\libLibraries.a(temhumsensor.o)
                0x0000000008001bf8                i2c_read_reg_expand
 .text.i2c_start
                0x0000000008001ca4       0x3c C:\Users\Dell\STM32CubeIDE\workspace_1.12.1\library_copy\SDK_1.0.3_NUCLEO-F401RE\lib_stm\libLibraries.a(temhumsensor.o)
                0x0000000008001ca4                i2c_start
 .text.i2c_stop
                0x0000000008001ce0       0x14 C:\Users\Dell\STM32CubeIDE\workspace_1.12.1\library_copy\SDK_1.0.3_NUCLEO-F401RE\lib_stm\libLibraries.a(temhumsensor.o)
                0x0000000008001ce0                i2c_stop
 .text.i2c_address_direction
                0x0000000008001cf4       0x60 C:\Users\Dell\STM32CubeIDE\workspace_1.12.1\library_copy\SDK_1.0.3_NUCLEO-F401RE\lib_stm\libLibraries.a(temhumsensor.o)
                0x0000000008001cf4                i2c_address_direction
 .text.i2c_transmit
                0x0000000008001d54       0x34 C:\Users\Dell\STM32CubeIDE\workspace_1.12.1\library_copy\SDK_1.0.3_NUCLEO-F401RE\lib_stm\libLibraries.a(temhumsensor.o)
                0x0000000008001d54                i2c_transmit
 .text.i2c_receive_ack
                0x0000000008001d88       0x30 C:\Users\Dell\STM32CubeIDE\workspace_1.12.1\library_copy\SDK_1.0.3_NUCLEO-F401RE\lib_stm\libLibraries.a(temhumsensor.o)
                0x0000000008001d88                i2c_receive_ack
 .text.i2c_receive_nack
                0x0000000008001db8       0x30 C:\Users\Dell\STM32CubeIDE\workspace_1.12.1\library_copy\SDK_1.0.3_NUCLEO-F401RE\lib_stm\libLibraries.a(temhumsensor.o)
                0x0000000008001db8                i2c_receive_nack
 .text.USART2_IRQHandler
                0x0000000008001de8       0x50 C:\Users\Dell\STM32CubeIDE\workspace_1.12.1\library_copy\SDK_1.0.3_NUCLEO-F401RE\lib_stm\libLibraries.a(serial.o)
                0x0000000008001de8                USART2_IRQHandler
 .text.delayMicroseconds
                0x0000000008001e38       0x14 C:\Users\Dell\STM32CubeIDE\workspace_1.12.1\library_copy\SDK_1.0.3_NUCLEO-F401RE\lib_stm\libLibraries.a(Ucglib.o)
 .text.ucg_gpio_init
                0x0000000008001e4c       0x60 C:\Users\Dell\STM32CubeIDE\workspace_1.12.1\library_copy\SDK_1.0.3_NUCLEO-F401RE\lib_stm\libLibraries.a(Ucglib.o)
 .text.ucg_com_arduino_send_generic_SW_SPI
                0x0000000008001eac       0x74 C:\Users\Dell\STM32CubeIDE\workspace_1.12.1\library_copy\SDK_1.0.3_NUCLEO-F401RE\lib_stm\libLibraries.a(Ucglib.o)
 .text.ucg_com_arduino_generic_SW_SPI
                0x0000000008001f20      0x1ec C:\Users\Dell\STM32CubeIDE\workspace_1.12.1\library_copy\SDK_1.0.3_NUCLEO-F401RE\lib_stm\libLibraries.a(Ucglib.o)
 .text.Ucglib4WireSWSPI_begin
                0x000000000800210c       0x38 C:\Users\Dell\STM32CubeIDE\workspace_1.12.1\library_copy\SDK_1.0.3_NUCLEO-F401RE\lib_stm\libLibraries.a(Ucglib.o)
                0x000000000800210c                Ucglib4WireSWSPI_begin
 .text.ucg_DrawBox
                0x0000000008002144       0x56 C:\Users\Dell\STM32CubeIDE\workspace_1.12.1\library_copy\SDK_1.0.3_NUCLEO-F401RE\lib_stm\libLibraries.a(ucg_box.o)
                0x0000000008002144                ucg_DrawBox
 .text.ucg_ClearScreen
                0x000000000800219a       0x50 C:\Users\Dell\STM32CubeIDE\workspace_1.12.1\library_copy\SDK_1.0.3_NUCLEO-F401RE\lib_stm\libLibraries.a(ucg_box.o)
                0x000000000800219a                ucg_ClearScreen
 .text.ucg_ccs_init
                0x00000000080021ea       0xc0 C:\Users\Dell\STM32CubeIDE\workspace_1.12.1\library_copy\SDK_1.0.3_NUCLEO-F401RE\lib_stm\libLibraries.a(ucg_ccs.o)
                0x00000000080021ea                ucg_ccs_init
 .text.ucg_ccs_step
                0x00000000080022aa       0x80 C:\Users\Dell\STM32CubeIDE\workspace_1.12.1\library_copy\SDK_1.0.3_NUCLEO-F401RE\lib_stm\libLibraries.a(ucg_ccs.o)
                0x00000000080022aa                ucg_ccs_step
 .text.ucg_ccs_seek
                0x000000000800232a       0xca C:\Users\Dell\STM32CubeIDE\workspace_1.12.1\library_copy\SDK_1.0.3_NUCLEO-F401RE\lib_stm\libLibraries.a(ucg_ccs.o)
                0x000000000800232a                ucg_ccs_seek
 .text.ucg_dev_default_cb
                0x00000000080023f4       0x44 C:\Users\Dell\STM32CubeIDE\workspace_1.12.1\library_copy\SDK_1.0.3_NUCLEO-F401RE\lib_stm\libLibraries.a(ucg_dev_default_cb.o)
                0x00000000080023f4                ucg_dev_default_cb
 .text.ucg_ext_none
                0x0000000008002438       0x1c C:\Users\Dell\STM32CubeIDE\workspace_1.12.1\library_copy\SDK_1.0.3_NUCLEO-F401RE\lib_stm\libLibraries.a(ucg_dev_default_cb.o)
                0x0000000008002438                ucg_ext_none
 .text.ucg_handle_st7735_l90fx
                0x0000000008002454       0xd8 C:\Users\Dell\STM32CubeIDE\workspace_1.12.1\library_copy\SDK_1.0.3_NUCLEO-F401RE\lib_stm\libLibraries.a(ucg_dev_ic_st7735.o)
                0x0000000008002454                ucg_handle_st7735_l90fx
 .text.ucg_handle_st7735_l90se
                0x000000000800252c      0x154 C:\Users\Dell\STM32CubeIDE\workspace_1.12.1\library_copy\SDK_1.0.3_NUCLEO-F401RE\lib_stm\libLibraries.a(ucg_dev_ic_st7735.o)
                0x000000000800252c                ucg_handle_st7735_l90se
 .text.ucg_dev_ic_st7735_18
                0x0000000008002680       0xf8 C:\Users\Dell\STM32CubeIDE\workspace_1.12.1\library_copy\SDK_1.0.3_NUCLEO-F401RE\lib_stm\libLibraries.a(ucg_dev_ic_st7735.o)
                0x0000000008002680                ucg_dev_ic_st7735_18
 .text.ucg_ext_st7735_18
                0x0000000008002778       0x28 C:\Users\Dell\STM32CubeIDE\workspace_1.12.1\library_copy\SDK_1.0.3_NUCLEO-F401RE\lib_stm\libLibraries.a(ucg_dev_ic_st7735.o)
                0x0000000008002778                ucg_ext_st7735_18
 .text.ucg_PowerDown
                0x00000000080027a0       0x34 C:\Users\Dell\STM32CubeIDE\workspace_1.12.1\library_copy\SDK_1.0.3_NUCLEO-F401RE\lib_stm\libLibraries.a(ucg_dev_msg_api.o)
                0x00000000080027a0                ucg_PowerDown
 .text.ucg_PowerUp
                0x00000000080027d4       0x3c C:\Users\Dell\STM32CubeIDE\workspace_1.12.1\library_copy\SDK_1.0.3_NUCLEO-F401RE\lib_stm\libLibraries.a(ucg_dev_msg_api.o)
                0x00000000080027d4                ucg_PowerUp
 .text.ucg_SetClipBox
                0x0000000008002810       0x1e C:\Users\Dell\STM32CubeIDE\workspace_1.12.1\library_copy\SDK_1.0.3_NUCLEO-F401RE\lib_stm\libLibraries.a(ucg_dev_msg_api.o)
                0x0000000008002810                ucg_SetClipBox
 .text.ucg_SetMaxClipRange
                0x000000000800282e       0x30 C:\Users\Dell\STM32CubeIDE\workspace_1.12.1\library_copy\SDK_1.0.3_NUCLEO-F401RE\lib_stm\libLibraries.a(ucg_dev_msg_api.o)
                0x000000000800282e                ucg_SetMaxClipRange
 .text.ucg_GetDimension
                0x000000000800285e       0x24 C:\Users\Dell\STM32CubeIDE\workspace_1.12.1\library_copy\SDK_1.0.3_NUCLEO-F401RE\lib_stm\libLibraries.a(ucg_dev_msg_api.o)
                0x000000000800285e                ucg_GetDimension
 .text.ucg_DrawL90FXWithArg
                0x0000000008002882       0x1e C:\Users\Dell\STM32CubeIDE\workspace_1.12.1\library_copy\SDK_1.0.3_NUCLEO-F401RE\lib_stm\libLibraries.a(ucg_dev_msg_api.o)
                0x0000000008002882                ucg_DrawL90FXWithArg
 .text.ucg_dev_st7735_18x128x128
                0x00000000080028a0       0x80 C:\Users\Dell\STM32CubeIDE\workspace_1.12.1\library_copy\SDK_1.0.3_NUCLEO-F401RE\lib_stm\libLibraries.a(ucg_dev_tft_128x128_st7735.o)
                0x00000000080028a0                ucg_dev_st7735_18x128x128
 .text.ucg_font_get_byte
                0x0000000008002920       0x24 C:\Users\Dell\STM32CubeIDE\workspace_1.12.1\library_copy\SDK_1.0.3_NUCLEO-F401RE\lib_stm\libLibraries.a(ucg_font.o)
 .text.ucg_font_get_word
                0x0000000008002944       0x40 C:\Users\Dell\STM32CubeIDE\workspace_1.12.1\library_copy\SDK_1.0.3_NUCLEO-F401RE\lib_stm\libLibraries.a(ucg_font.o)
 .text.ucg_read_font_info
                0x0000000008002984      0x142 C:\Users\Dell\STM32CubeIDE\workspace_1.12.1\library_copy\SDK_1.0.3_NUCLEO-F401RE\lib_stm\libLibraries.a(ucg_font.o)
                0x0000000008002984                ucg_read_font_info
 .text.ucg_font_decode_get_unsigned_bits
                0x0000000008002ac6       0x96 C:\Users\Dell\STM32CubeIDE\workspace_1.12.1\library_copy\SDK_1.0.3_NUCLEO-F401RE\lib_stm\libLibraries.a(ucg_font.o)
                0x0000000008002ac6                ucg_font_decode_get_unsigned_bits
 .text.ucg_font_decode_get_signed_bits
                0x0000000008002b5c       0x46 C:\Users\Dell\STM32CubeIDE\workspace_1.12.1\library_copy\SDK_1.0.3_NUCLEO-F401RE\lib_stm\libLibraries.a(ucg_font.o)
                0x0000000008002b5c                ucg_font_decode_get_signed_bits
 .text.ucg_add_vector_y
                0x0000000008002ba2       0x7a C:\Users\Dell\STM32CubeIDE\workspace_1.12.1\library_copy\SDK_1.0.3_NUCLEO-F401RE\lib_stm\libLibraries.a(ucg_font.o)
 .text.ucg_add_vector_x
                0x0000000008002c1c       0x7a C:\Users\Dell\STM32CubeIDE\workspace_1.12.1\library_copy\SDK_1.0.3_NUCLEO-F401RE\lib_stm\libLibraries.a(ucg_font.o)
 .text.ucg_font_decode_len
                0x0000000008002c96      0x118 C:\Users\Dell\STM32CubeIDE\workspace_1.12.1\library_copy\SDK_1.0.3_NUCLEO-F401RE\lib_stm\libLibraries.a(ucg_font.o)
                0x0000000008002c96                ucg_font_decode_len
 .text.ucg_font_setup_decode
                0x0000000008002dae       0x64 C:\Users\Dell\STM32CubeIDE\workspace_1.12.1\library_copy\SDK_1.0.3_NUCLEO-F401RE\lib_stm\libLibraries.a(ucg_font.o)
 .text.ucg_font_decode_glyph
                0x0000000008002e12      0x14c C:\Users\Dell\STM32CubeIDE\workspace_1.12.1\library_copy\SDK_1.0.3_NUCLEO-F401RE\lib_stm\libLibraries.a(ucg_font.o)
                0x0000000008002e12                ucg_font_decode_glyph
 .text.ucg_font_get_glyph_data
                0x0000000008002f5e       0x7a C:\Users\Dell\STM32CubeIDE\workspace_1.12.1\library_copy\SDK_1.0.3_NUCLEO-F401RE\lib_stm\libLibraries.a(ucg_font.o)
                0x0000000008002f5e                ucg_font_get_glyph_data
 .text.ucg_font_draw_glyph
                0x0000000008002fd8       0x62 C:\Users\Dell\STM32CubeIDE\workspace_1.12.1\library_copy\SDK_1.0.3_NUCLEO-F401RE\lib_stm\libLibraries.a(ucg_font.o)
                0x0000000008002fd8                ucg_font_draw_glyph
 .text.ucg_SetFontMode
                0x000000000800303a       0x20 C:\Users\Dell\STM32CubeIDE\workspace_1.12.1\library_copy\SDK_1.0.3_NUCLEO-F401RE\lib_stm\libLibraries.a(ucg_font.o)
                0x000000000800303a                ucg_SetFontMode
 *fill*         0x000000000800305a        0x2 
 .text.ucg_DrawGlyph
                0x000000000800305c       0xb0 C:\Users\Dell\STM32CubeIDE\workspace_1.12.1\library_copy\SDK_1.0.3_NUCLEO-F401RE\lib_stm\libLibraries.a(ucg_font.o)
                0x000000000800305c                ucg_DrawGlyph
 .text.task_drawString
                0x000000000800310c      0x138 C:\Users\Dell\STM32CubeIDE\workspace_1.12.1\library_copy\SDK_1.0.3_NUCLEO-F401RE\lib_stm\libLibraries.a(ucg_font.o)
                0x000000000800310c                task_drawString
 .text.ucg_DrawString
                0x0000000008003244       0x78 C:\Users\Dell\STM32CubeIDE\workspace_1.12.1\library_copy\SDK_1.0.3_NUCLEO-F401RE\lib_stm\libLibraries.a(ucg_font.o)
                0x0000000008003244                ucg_DrawString
 .text.ucg_UpdateRefHeight
                0x00000000080032bc       0xd8 C:\Users\Dell\STM32CubeIDE\workspace_1.12.1\library_copy\SDK_1.0.3_NUCLEO-F401RE\lib_stm\libLibraries.a(ucg_font.o)
                0x00000000080032bc                ucg_UpdateRefHeight
 .text.ucg_font_calc_vref_font
                0x0000000008003394       0x16 C:\Users\Dell\STM32CubeIDE\workspace_1.12.1\library_copy\SDK_1.0.3_NUCLEO-F401RE\lib_stm\libLibraries.a(ucg_font.o)
                0x0000000008003394                ucg_font_calc_vref_font
 *fill*         0x00000000080033aa        0x2 
 .text.ucg_SetFontPosBaseline
                0x00000000080033ac       0x20 C:\Users\Dell\STM32CubeIDE\workspace_1.12.1\library_copy\SDK_1.0.3_NUCLEO-F401RE\lib_stm\libLibraries.a(ucg_font.o)
                0x00000000080033ac                ucg_SetFontPosBaseline
 .text.ucg_SetFont
                0x00000000080033cc       0x4c C:\Users\Dell\STM32CubeIDE\workspace_1.12.1\library_copy\SDK_1.0.3_NUCLEO-F401RE\lib_stm\libLibraries.a(ucg_font.o)
                0x00000000080033cc                ucg_SetFont
 .text.ucg_init_struct
                0x0000000008003418       0x50 C:\Users\Dell\STM32CubeIDE\workspace_1.12.1\library_copy\SDK_1.0.3_NUCLEO-F401RE\lib_stm\libLibraries.a(ucg_init.o)
                0x0000000008003418                ucg_init_struct
 .text.ucg_Init
                0x0000000008003468       0x5c C:\Users\Dell\STM32CubeIDE\workspace_1.12.1\library_copy\SDK_1.0.3_NUCLEO-F401RE\lib_stm\libLibraries.a(ucg_init.o)
                0x0000000008003468                ucg_Init
 .text.ucg_Draw90Line
                0x00000000080034c4       0x88 C:\Users\Dell\STM32CubeIDE\workspace_1.12.1\library_copy\SDK_1.0.3_NUCLEO-F401RE\lib_stm\libLibraries.a(ucg_line.o)
                0x00000000080034c4                ucg_Draw90Line
 .text.ucg_DrawHLine
                0x000000000800354c       0x3e C:\Users\Dell\STM32CubeIDE\workspace_1.12.1\library_copy\SDK_1.0.3_NUCLEO-F401RE\lib_stm\libLibraries.a(ucg_line.o)
                0x000000000800354c                ucg_DrawHLine
 .text.ucg_SetColor
                0x000000000800358a       0x5c C:\Users\Dell\STM32CubeIDE\workspace_1.12.1\library_copy\SDK_1.0.3_NUCLEO-F401RE\lib_stm\libLibraries.a(ucg_pixel.o)
                0x000000000800358a                ucg_SetColor
 .text.ucg_UndoRotate
                0x00000000080035e6       0x32 C:\Users\Dell\STM32CubeIDE\workspace_1.12.1\library_copy\SDK_1.0.3_NUCLEO-F401RE\lib_stm\libLibraries.a(ucg_rotate.o)
                0x00000000080035e6                ucg_UndoRotate
 .text.ucg_rotate_180_xy
                0x0000000008003618       0x66 C:\Users\Dell\STM32CubeIDE\workspace_1.12.1\library_copy\SDK_1.0.3_NUCLEO-F401RE\lib_stm\libLibraries.a(ucg_rotate.o)
 *fill*         0x000000000800367e        0x2 
 .text.ucg_dev_rotate180
                0x0000000008003680      0x100 C:\Users\Dell\STM32CubeIDE\workspace_1.12.1\library_copy\SDK_1.0.3_NUCLEO-F401RE\lib_stm\libLibraries.a(ucg_rotate.o)
                0x0000000008003680                ucg_dev_rotate180
 .text.ucg_SetRotate180
                0x0000000008003780       0x34 C:\Users\Dell\STM32CubeIDE\workspace_1.12.1\library_copy\SDK_1.0.3_NUCLEO-F401RE\lib_stm\libLibraries.a(ucg_rotate.o)
                0x0000000008003780                ucg_SetRotate180
 .text.bufInit  0x00000000080037b4       0x36 C:\Users\Dell\STM32CubeIDE\workspace_1.12.1\library_copy\SDK_1.0.3_NUCLEO-F401RE\lib_stm\libLibraries.a(buff.o)
                0x00000000080037b4                bufInit
 .text.bufNumItems
                0x00000000080037ea       0x18 C:\Users\Dell\STM32CubeIDE\workspace_1.12.1\library_copy\SDK_1.0.3_NUCLEO-F401RE\lib_stm\libLibraries.a(buff.o)
                0x00000000080037ea                bufNumItems
 .text.bufIsFull
                0x0000000008003802       0x26 C:\Users\Dell\STM32CubeIDE\workspace_1.12.1\library_copy\SDK_1.0.3_NUCLEO-F401RE\lib_stm\libLibraries.a(buff.o)
                0x0000000008003802                bufIsFull
 .text.bufIsEmpty
                0x0000000008003828       0x26 C:\Users\Dell\STM32CubeIDE\workspace_1.12.1\library_copy\SDK_1.0.3_NUCLEO-F401RE\lib_stm\libLibraries.a(buff.o)
                0x0000000008003828                bufIsEmpty
 .text.bufFlush
                0x000000000800384e       0x32 C:\Users\Dell\STM32CubeIDE\workspace_1.12.1\library_copy\SDK_1.0.3_NUCLEO-F401RE\lib_stm\libLibraries.a(buff.o)
                0x000000000800384e                bufFlush
 .text.bufEnDat
                0x0000000008003880       0x9c C:\Users\Dell\STM32CubeIDE\workspace_1.12.1\library_copy\SDK_1.0.3_NUCLEO-F401RE\lib_stm\libLibraries.a(buff.o)
                0x0000000008003880                bufEnDat
 .text.bufDeDat
                0x000000000800391c       0x84 C:\Users\Dell\STM32CubeIDE\workspace_1.12.1\library_copy\SDK_1.0.3_NUCLEO-F401RE\lib_stm\libLibraries.a(buff.o)
                0x000000000800391c                bufDeDat
 .text.memsetl  0x00000000080039a0       0x32 C:\Users\Dell\STM32CubeIDE\workspace_1.12.1\library_copy\SDK_1.0.3_NUCLEO-F401RE\lib_stm\libLibraries.a(utilities.o)
                0x00000000080039a0                memsetl
 .text.ADC_DeInit
                0x00000000080039d2       0x1c C:\Users\Dell\STM32CubeIDE\workspace_1.12.1\library_copy\SDK_1.0.3_NUCLEO-F401RE\lib_stm\libLibraries.a(stm32f401re_adc.o)
                0x00000000080039d2                ADC_DeInit
 *fill*         0x00000000080039ee        0x2 
 .text.ADC_Init
                0x00000000080039f0       0xac C:\Users\Dell\STM32CubeIDE\workspace_1.12.1\library_copy\SDK_1.0.3_NUCLEO-F401RE\lib_stm\libLibraries.a(stm32f401re_adc.o)
                0x00000000080039f0                ADC_Init
 .text.ADC_CommonInit
                0x0000000008003a9c       0x50 C:\Users\Dell\STM32CubeIDE\workspace_1.12.1\library_copy\SDK_1.0.3_NUCLEO-F401RE\lib_stm\libLibraries.a(stm32f401re_adc.o)
                0x0000000008003a9c                ADC_CommonInit
 .text.ADC_Cmd  0x0000000008003aec       0x38 C:\Users\Dell\STM32CubeIDE\workspace_1.12.1\library_copy\SDK_1.0.3_NUCLEO-F401RE\lib_stm\libLibraries.a(stm32f401re_adc.o)
                0x0000000008003aec                ADC_Cmd
 .text.ADC_RegularChannelConfig
                0x0000000008003b24      0x194 C:\Users\Dell\STM32CubeIDE\workspace_1.12.1\library_copy\SDK_1.0.3_NUCLEO-F401RE\lib_stm\libLibraries.a(stm32f401re_adc.o)
                0x0000000008003b24                ADC_RegularChannelConfig
 .text.ADC_SoftwareStartConv
                0x0000000008003cb8       0x20 C:\Users\Dell\STM32CubeIDE\workspace_1.12.1\library_copy\SDK_1.0.3_NUCLEO-F401RE\lib_stm\libLibraries.a(stm32f401re_adc.o)
                0x0000000008003cb8                ADC_SoftwareStartConv
 .text.ADC_EOCOnEachRegularChannelCmd
                0x0000000008003cd8       0x38 C:\Users\Dell\STM32CubeIDE\workspace_1.12.1\library_copy\SDK_1.0.3_NUCLEO-F401RE\lib_stm\libLibraries.a(stm32f401re_adc.o)
                0x0000000008003cd8                ADC_EOCOnEachRegularChannelCmd
 .text.ADC_ContinuousModeCmd
                0x0000000008003d10       0x38 C:\Users\Dell\STM32CubeIDE\workspace_1.12.1\library_copy\SDK_1.0.3_NUCLEO-F401RE\lib_stm\libLibraries.a(stm32f401re_adc.o)
                0x0000000008003d10                ADC_ContinuousModeCmd
 .text.ADC_DiscModeChannelCountConfig
                0x0000000008003d48       0x44 C:\Users\Dell\STM32CubeIDE\workspace_1.12.1\library_copy\SDK_1.0.3_NUCLEO-F401RE\lib_stm\libLibraries.a(stm32f401re_adc.o)
                0x0000000008003d48                ADC_DiscModeChannelCountConfig
 .text.ADC_DiscModeCmd
                0x0000000008003d8c       0x38 C:\Users\Dell\STM32CubeIDE\workspace_1.12.1\library_copy\SDK_1.0.3_NUCLEO-F401RE\lib_stm\libLibraries.a(stm32f401re_adc.o)
                0x0000000008003d8c                ADC_DiscModeCmd
 .text.ADC_DMACmd
                0x0000000008003dc4       0x38 C:\Users\Dell\STM32CubeIDE\workspace_1.12.1\library_copy\SDK_1.0.3_NUCLEO-F401RE\lib_stm\libLibraries.a(stm32f401re_adc.o)
                0x0000000008003dc4                ADC_DMACmd
 .text.ADC_DMARequestAfterLastTransferCmd
                0x0000000008003dfc       0x38 C:\Users\Dell\STM32CubeIDE\workspace_1.12.1\library_copy\SDK_1.0.3_NUCLEO-F401RE\lib_stm\libLibraries.a(stm32f401re_adc.o)
                0x0000000008003dfc                ADC_DMARequestAfterLastTransferCmd
 .text.DMA_DeInit
                0x0000000008003e34      0x1a8 C:\Users\Dell\STM32CubeIDE\workspace_1.12.1\library_copy\SDK_1.0.3_NUCLEO-F401RE\lib_stm\libLibraries.a(stm32f401re_dma.o)
                0x0000000008003e34                DMA_DeInit
 .text.DMA_Init
                0x0000000008003fdc       0xb0 C:\Users\Dell\STM32CubeIDE\workspace_1.12.1\library_copy\SDK_1.0.3_NUCLEO-F401RE\lib_stm\libLibraries.a(stm32f401re_dma.o)
                0x0000000008003fdc                DMA_Init
 .text.DMA_Cmd  0x000000000800408c       0x38 C:\Users\Dell\STM32CubeIDE\workspace_1.12.1\library_copy\SDK_1.0.3_NUCLEO-F401RE\lib_stm\libLibraries.a(stm32f401re_dma.o)
                0x000000000800408c                DMA_Cmd
 .text.GPIO_Init
                0x00000000080040c4      0x11c C:\Users\Dell\STM32CubeIDE\workspace_1.12.1\library_copy\SDK_1.0.3_NUCLEO-F401RE\lib_stm\libLibraries.a(stm32f401re_gpio.o)
                0x00000000080040c4                GPIO_Init
 .text.GPIO_ReadInputDataBit
                0x00000000080041e0       0x34 C:\Users\Dell\STM32CubeIDE\workspace_1.12.1\library_copy\SDK_1.0.3_NUCLEO-F401RE\lib_stm\libLibraries.a(stm32f401re_gpio.o)
                0x00000000080041e0                GPIO_ReadInputDataBit
 .text.GPIO_SetBits
                0x0000000008004214       0x1e C:\Users\Dell\STM32CubeIDE\workspace_1.12.1\library_copy\SDK_1.0.3_NUCLEO-F401RE\lib_stm\libLibraries.a(stm32f401re_gpio.o)
                0x0000000008004214                GPIO_SetBits
 .text.GPIO_ResetBits
                0x0000000008004232       0x1e C:\Users\Dell\STM32CubeIDE\workspace_1.12.1\library_copy\SDK_1.0.3_NUCLEO-F401RE\lib_stm\libLibraries.a(stm32f401re_gpio.o)
                0x0000000008004232                GPIO_ResetBits
 .text.GPIO_WriteBit
                0x0000000008004250       0x30 C:\Users\Dell\STM32CubeIDE\workspace_1.12.1\library_copy\SDK_1.0.3_NUCLEO-F401RE\lib_stm\libLibraries.a(stm32f401re_gpio.o)
                0x0000000008004250                GPIO_WriteBit
 .text.GPIO_PinAFConfig
                0x0000000008004280       0x92 C:\Users\Dell\STM32CubeIDE\workspace_1.12.1\library_copy\SDK_1.0.3_NUCLEO-F401RE\lib_stm\libLibraries.a(stm32f401re_gpio.o)
                0x0000000008004280                GPIO_PinAFConfig
 *fill*         0x0000000008004312        0x2 
 .text.I2C_Init
                0x0000000008004314      0x184 C:\Users\Dell\STM32CubeIDE\workspace_1.12.1\library_copy\SDK_1.0.3_NUCLEO-F401RE\lib_stm\libLibraries.a(stm32f401re_i2c.o)
                0x0000000008004314                I2C_Init
 .text.I2C_Cmd  0x0000000008004498       0x40 C:\Users\Dell\STM32CubeIDE\workspace_1.12.1\library_copy\SDK_1.0.3_NUCLEO-F401RE\lib_stm\libLibraries.a(stm32f401re_i2c.o)
                0x0000000008004498                I2C_Cmd
 .text.I2C_GenerateSTART
                0x00000000080044d8       0x40 C:\Users\Dell\STM32CubeIDE\workspace_1.12.1\library_copy\SDK_1.0.3_NUCLEO-F401RE\lib_stm\libLibraries.a(stm32f401re_i2c.o)
                0x00000000080044d8                I2C_GenerateSTART
 .text.I2C_GenerateSTOP
                0x0000000008004518       0x40 C:\Users\Dell\STM32CubeIDE\workspace_1.12.1\library_copy\SDK_1.0.3_NUCLEO-F401RE\lib_stm\libLibraries.a(stm32f401re_i2c.o)
                0x0000000008004518                I2C_GenerateSTOP
 .text.I2C_Send7bitAddress
                0x0000000008004558       0x3c C:\Users\Dell\STM32CubeIDE\workspace_1.12.1\library_copy\SDK_1.0.3_NUCLEO-F401RE\lib_stm\libLibraries.a(stm32f401re_i2c.o)
                0x0000000008004558                I2C_Send7bitAddress
 .text.I2C_AcknowledgeConfig
                0x0000000008004594       0x40 C:\Users\Dell\STM32CubeIDE\workspace_1.12.1\library_copy\SDK_1.0.3_NUCLEO-F401RE\lib_stm\libLibraries.a(stm32f401re_i2c.o)
                0x0000000008004594                I2C_AcknowledgeConfig
 .text.I2C_SendData
                0x00000000080045d4       0x20 C:\Users\Dell\STM32CubeIDE\workspace_1.12.1\library_copy\SDK_1.0.3_NUCLEO-F401RE\lib_stm\libLibraries.a(stm32f401re_i2c.o)
                0x00000000080045d4                I2C_SendData
 .text.I2C_ReceiveData
                0x00000000080045f4       0x1c C:\Users\Dell\STM32CubeIDE\workspace_1.12.1\library_copy\SDK_1.0.3_NUCLEO-F401RE\lib_stm\libLibraries.a(stm32f401re_i2c.o)
                0x00000000080045f4                I2C_ReceiveData
 .text.I2C_CheckEvent
                0x0000000008004610       0x60 C:\Users\Dell\STM32CubeIDE\workspace_1.12.1\library_copy\SDK_1.0.3_NUCLEO-F401RE\lib_stm\libLibraries.a(stm32f401re_i2c.o)
                0x0000000008004610                I2C_CheckEvent
 .text.I2C_GetFlagStatus
                0x0000000008004670       0x66 C:\Users\Dell\STM32CubeIDE\workspace_1.12.1\library_copy\SDK_1.0.3_NUCLEO-F401RE\lib_stm\libLibraries.a(stm32f401re_i2c.o)
                0x0000000008004670                I2C_GetFlagStatus
 *fill*         0x00000000080046d6        0x2 
 .text.RCC_GetClocksFreq
                0x00000000080046d8      0x150 C:\Users\Dell\STM32CubeIDE\workspace_1.12.1\library_copy\SDK_1.0.3_NUCLEO-F401RE\lib_stm\libLibraries.a(stm32f401re_rcc.o)
                0x00000000080046d8                RCC_GetClocksFreq
 .text.RCC_AHB1PeriphClockCmd
                0x0000000008004828       0x40 C:\Users\Dell\STM32CubeIDE\workspace_1.12.1\library_copy\SDK_1.0.3_NUCLEO-F401RE\lib_stm\libLibraries.a(stm32f401re_rcc.o)
                0x0000000008004828                RCC_AHB1PeriphClockCmd
 .text.RCC_APB1PeriphClockCmd
                0x0000000008004868       0x40 C:\Users\Dell\STM32CubeIDE\workspace_1.12.1\library_copy\SDK_1.0.3_NUCLEO-F401RE\lib_stm\libLibraries.a(stm32f401re_rcc.o)
                0x0000000008004868                RCC_APB1PeriphClockCmd
 .text.RCC_APB2PeriphClockCmd
                0x00000000080048a8       0x40 C:\Users\Dell\STM32CubeIDE\workspace_1.12.1\library_copy\SDK_1.0.3_NUCLEO-F401RE\lib_stm\libLibraries.a(stm32f401re_rcc.o)
                0x00000000080048a8                RCC_APB2PeriphClockCmd
 .text.RCC_APB2PeriphResetCmd
                0x00000000080048e8       0x40 C:\Users\Dell\STM32CubeIDE\workspace_1.12.1\library_copy\SDK_1.0.3_NUCLEO-F401RE\lib_stm\libLibraries.a(stm32f401re_rcc.o)
                0x00000000080048e8                RCC_APB2PeriphResetCmd
 .text.TIM_TimeBaseInit
                0x0000000008004928       0xd8 C:\Users\Dell\STM32CubeIDE\workspace_1.12.1\library_copy\SDK_1.0.3_NUCLEO-F401RE\lib_stm\libLibraries.a(stm32f401re_tim.o)
                0x0000000008004928                TIM_TimeBaseInit
 .text.TIM_Cmd  0x0000000008004a00       0x40 C:\Users\Dell\STM32CubeIDE\workspace_1.12.1\library_copy\SDK_1.0.3_NUCLEO-F401RE\lib_stm\libLibraries.a(stm32f401re_tim.o)
                0x0000000008004a00                TIM_Cmd
 .text.TIM_OC1Init
                0x0000000008004a40       0xf4 C:\Users\Dell\STM32CubeIDE\workspace_1.12.1\library_copy\SDK_1.0.3_NUCLEO-F401RE\lib_stm\libLibraries.a(stm32f401re_tim.o)
                0x0000000008004a40                TIM_OC1Init
 .text.TIM_OC2Init
                0x0000000008004b34      0x110 C:\Users\Dell\STM32CubeIDE\workspace_1.12.1\library_copy\SDK_1.0.3_NUCLEO-F401RE\lib_stm\libLibraries.a(stm32f401re_tim.o)
                0x0000000008004b34                TIM_OC2Init
 .text.TIM_OC3Init
                0x0000000008004c44      0x10c C:\Users\Dell\STM32CubeIDE\workspace_1.12.1\library_copy\SDK_1.0.3_NUCLEO-F401RE\lib_stm\libLibraries.a(stm32f401re_tim.o)
                0x0000000008004c44                TIM_OC3Init
 .text.TIM_OC4Init
                0x0000000008004d50       0xd0 C:\Users\Dell\STM32CubeIDE\workspace_1.12.1\library_copy\SDK_1.0.3_NUCLEO-F401RE\lib_stm\libLibraries.a(stm32f401re_tim.o)
                0x0000000008004d50                TIM_OC4Init
 .text.TIM_SetCompare1
                0x0000000008004e20       0x1c C:\Users\Dell\STM32CubeIDE\workspace_1.12.1\library_copy\SDK_1.0.3_NUCLEO-F401RE\lib_stm\libLibraries.a(stm32f401re_tim.o)
                0x0000000008004e20                TIM_SetCompare1
 .text.TIM_SetCompare2
                0x0000000008004e3c       0x1c C:\Users\Dell\STM32CubeIDE\workspace_1.12.1\library_copy\SDK_1.0.3_NUCLEO-F401RE\lib_stm\libLibraries.a(stm32f401re_tim.o)
                0x0000000008004e3c                TIM_SetCompare2
 .text.TIM_SetCompare3
                0x0000000008004e58       0x1c C:\Users\Dell\STM32CubeIDE\workspace_1.12.1\library_copy\SDK_1.0.3_NUCLEO-F401RE\lib_stm\libLibraries.a(stm32f401re_tim.o)
                0x0000000008004e58                TIM_SetCompare3
 .text.TIM_SetCompare4
                0x0000000008004e74       0x1c C:\Users\Dell\STM32CubeIDE\workspace_1.12.1\library_copy\SDK_1.0.3_NUCLEO-F401RE\lib_stm\libLibraries.a(stm32f401re_tim.o)
                0x0000000008004e74                TIM_SetCompare4
 .text.TIM_CtrlPWMOutputs
                0x0000000008004e90       0x4c C:\Users\Dell\STM32CubeIDE\workspace_1.12.1\library_copy\SDK_1.0.3_NUCLEO-F401RE\lib_stm\libLibraries.a(stm32f401re_tim.o)
                0x0000000008004e90                TIM_CtrlPWMOutputs
 .text.USART_ReceiveData
                0x0000000008004edc       0x20 C:\Users\Dell\STM32CubeIDE\workspace_1.12.1\library_copy\SDK_1.0.3_NUCLEO-F401RE\lib_stm\libLibraries.a(stm32f401re_usart.o)
                0x0000000008004edc                USART_ReceiveData
 .text.USART_GetITStatus
                0x0000000008004efc       0xb6 C:\Users\Dell\STM32CubeIDE\workspace_1.12.1\library_copy\SDK_1.0.3_NUCLEO-F401RE\lib_stm\libLibraries.a(stm32f401re_usart.o)
                0x0000000008004efc                USART_GetITStatus
 .text.USART_ClearITPendingBit
                0x0000000008004fb2       0x3a C:\Users\Dell\STM32CubeIDE\workspace_1.12.1\library_copy\SDK_1.0.3_NUCLEO-F401RE\lib_stm\libLibraries.a(stm32f401re_usart.o)
                0x0000000008004fb2                USART_ClearITPendingBit
 .text.Button_Init
                0x0000000008004fec       0xbc C:\Users\Dell\STM32CubeIDE\workspace_1.12.1\library_copy\SDK_1.0.3_NUCLEO-F401RE\lib_stm\libLibraries.a(button.o)
                0x0000000008004fec                Button_Init
 .text.Button_SetMode
                0x00000000080050a8       0x3c C:\Users\Dell\STM32CubeIDE\workspace_1.12.1\library_copy\SDK_1.0.3_NUCLEO-F401RE\lib_stm\libLibraries.a(button.o)
                0x00000000080050a8                Button_SetMode
 .text.Button_RegisterEventCallback
                0x00000000080050e4       0x28 C:\Users\Dell\STM32CubeIDE\workspace_1.12.1\library_copy\SDK_1.0.3_NUCLEO-F401RE\lib_stm\libLibraries.a(button.o)
                0x00000000080050e4                Button_RegisterEventCallback
 .text.ButtonScanTypeEdge
                0x000000000800510c      0x1fc C:\Users\Dell\STM32CubeIDE\workspace_1.12.1\library_copy\SDK_1.0.3_NUCLEO-F401RE\lib_stm\libLibraries.a(button.o)
 .text.ButtonScan
                0x0000000008005308       0x4c C:\Users\Dell\STM32CubeIDE\workspace_1.12.1\library_copy\SDK_1.0.3_NUCLEO-F401RE\lib_stm\libLibraries.a(button.o)
 .text.BTNGPIO_Init
                0x0000000008005354       0x6c C:\Users\Dell\STM32CubeIDE\workspace_1.12.1\library_copy\SDK_1.0.3_NUCLEO-F401RE\lib_stm\libLibraries.a(button.o)
 .text.ucg_clip_is_x_visible
                0x00000000080053c0       0x4a C:\Users\Dell\STM32CubeIDE\workspace_1.12.1\library_copy\SDK_1.0.3_NUCLEO-F401RE\lib_stm\libLibraries.a(ucg_clip.o)
 .text.ucg_clip_is_y_visible
                0x000000000800540a       0x4a C:\Users\Dell\STM32CubeIDE\workspace_1.12.1\library_copy\SDK_1.0.3_NUCLEO-F401RE\lib_stm\libLibraries.a(ucg_clip.o)
 .text.ucg_clip_intersection
                0x0000000008005454       0x74 C:\Users\Dell\STM32CubeIDE\workspace_1.12.1\library_copy\SDK_1.0.3_NUCLEO-F401RE\lib_stm\libLibraries.a(ucg_clip.o)
 .text.ucg_clip_is_pixel_visible
                0x00000000080054c8       0x32 C:\Users\Dell\STM32CubeIDE\workspace_1.12.1\library_copy\SDK_1.0.3_NUCLEO-F401RE\lib_stm\libLibraries.a(ucg_clip.o)
                0x00000000080054c8                ucg_clip_is_pixel_visible
 *fill*         0x00000000080054fa        0x2 
 .text.ucg_clip_l90fx
                0x00000000080054fc      0x300 C:\Users\Dell\STM32CubeIDE\workspace_1.12.1\library_copy\SDK_1.0.3_NUCLEO-F401RE\lib_stm\libLibraries.a(ucg_clip.o)
                0x00000000080054fc                ucg_clip_l90fx
 .text.ucg_clip_l90se
                0x00000000080057fc       0x54 C:\Users\Dell\STM32CubeIDE\workspace_1.12.1\library_copy\SDK_1.0.3_NUCLEO-F401RE\lib_stm\libLibraries.a(ucg_clip.o)
                0x00000000080057fc                ucg_clip_l90se
 .text.ucg_com_PowerDown
                0x0000000008005850       0x3e C:\Users\Dell\STM32CubeIDE\workspace_1.12.1\library_copy\SDK_1.0.3_NUCLEO-F401RE\lib_stm\libLibraries.a(ucg_com_msg_api.o)
                0x0000000008005850                ucg_com_PowerDown
 .text.ucg_com_PowerUp
                0x000000000800588e       0x60 C:\Users\Dell\STM32CubeIDE\workspace_1.12.1\library_copy\SDK_1.0.3_NUCLEO-F401RE\lib_stm\libLibraries.a(ucg_com_msg_api.o)
                0x000000000800588e                ucg_com_PowerUp
 .text.ucg_com_SetLineStatus
                0x00000000080058ee       0xe2 C:\Users\Dell\STM32CubeIDE\workspace_1.12.1\library_copy\SDK_1.0.3_NUCLEO-F401RE\lib_stm\libLibraries.a(ucg_com_msg_api.o)
                0x00000000080058ee                ucg_com_SetLineStatus
 .text.ucg_com_SetResetLineStatus
                0x00000000080059d0       0x20 C:\Users\Dell\STM32CubeIDE\workspace_1.12.1\library_copy\SDK_1.0.3_NUCLEO-F401RE\lib_stm\libLibraries.a(ucg_com_msg_api.o)
                0x00000000080059d0                ucg_com_SetResetLineStatus
 .text.ucg_com_SetCSLineStatus
                0x00000000080059f0       0x20 C:\Users\Dell\STM32CubeIDE\workspace_1.12.1\library_copy\SDK_1.0.3_NUCLEO-F401RE\lib_stm\libLibraries.a(ucg_com_msg_api.o)
                0x00000000080059f0                ucg_com_SetCSLineStatus
 .text.ucg_com_SetCDLineStatus
                0x0000000008005a10       0x20 C:\Users\Dell\STM32CubeIDE\workspace_1.12.1\library_copy\SDK_1.0.3_NUCLEO-F401RE\lib_stm\libLibraries.a(ucg_com_msg_api.o)
                0x0000000008005a10                ucg_com_SetCDLineStatus
 .text.ucg_com_DelayMicroseconds
                0x0000000008005a30       0x22 C:\Users\Dell\STM32CubeIDE\workspace_1.12.1\library_copy\SDK_1.0.3_NUCLEO-F401RE\lib_stm\libLibraries.a(ucg_com_msg_api.o)
                0x0000000008005a30                ucg_com_DelayMicroseconds
 .text.ucg_com_DelayMilliseconds
                0x0000000008005a52       0x2c C:\Users\Dell\STM32CubeIDE\workspace_1.12.1\library_copy\SDK_1.0.3_NUCLEO-F401RE\lib_stm\libLibraries.a(ucg_com_msg_api.o)
                0x0000000008005a52                ucg_com_DelayMilliseconds
 .text.ucg_com_SendByte
                0x0000000008005a7e       0x24 C:\Users\Dell\STM32CubeIDE\workspace_1.12.1\library_copy\SDK_1.0.3_NUCLEO-F401RE\lib_stm\libLibraries.a(ucg_com_msg_api.o)
                0x0000000008005a7e                ucg_com_SendByte
 .text.ucg_com_SendStringP
                0x0000000008005aa2       0x40 C:\Users\Dell\STM32CubeIDE\workspace_1.12.1\library_copy\SDK_1.0.3_NUCLEO-F401RE\lib_stm\libLibraries.a(ucg_com_msg_api.o)
                0x0000000008005aa2                ucg_com_SendStringP
 .text.ucg_com_SendCmdArg
                0x0000000008005ae2       0x74 C:\Users\Dell\STM32CubeIDE\workspace_1.12.1\library_copy\SDK_1.0.3_NUCLEO-F401RE\lib_stm\libLibraries.a(ucg_com_msg_api.o)
 *fill*         0x0000000008005b56        0x2 
 .text.ucg_com_SendCmdSeq
                0x0000000008005b58      0x278 C:\Users\Dell\STM32CubeIDE\workspace_1.12.1\library_copy\SDK_1.0.3_NUCLEO-F401RE\lib_stm\libLibraries.a(ucg_com_msg_api.o)
                0x0000000008005b58                ucg_com_SendCmdSeq
 .text.__errno  0x0000000008005dd0        0xc c:/st/stm32cubeide_1.12.1/stm32cubeide/plugins/com.st.stm32cube.ide.mcu.externaltools.gnu-tools-for-stm32.10.3-2021.10.win32_1.0.200.202301161003/tools/bin/../lib/gcc/arm-none-eabi/10.3.1/../../../../arm-none-eabi/lib/thumb/v7e-m+fp/hard\libc_nano.a(lib_a-errno.o)
                0x0000000008005dd0                __errno
 .text.__libc_init_array
                0x0000000008005ddc       0x48 c:/st/stm32cubeide_1.12.1/stm32cubeide/plugins/com.st.stm32cube.ide.mcu.externaltools.gnu-tools-for-stm32.10.3-2021.10.win32_1.0.200.202301161003/tools/bin/../lib/gcc/arm-none-eabi/10.3.1/../../../../arm-none-eabi/lib/thumb/v7e-m+fp/hard\libc_nano.a(lib_a-init.o)
                0x0000000008005ddc                __libc_init_array
 .text.memset   0x0000000008005e24       0x10 c:/st/stm32cubeide_1.12.1/stm32cubeide/plugins/com.st.stm32cube.ide.mcu.externaltools.gnu-tools-for-stm32.10.3-2021.10.win32_1.0.200.202301161003/tools/bin/../lib/gcc/arm-none-eabi/10.3.1/../../../../arm-none-eabi/lib/thumb/v7e-m+fp/hard\libc_nano.a(lib_a-memset.o)
                0x0000000008005e24                memset
 .text.sprintf  0x0000000008005e34       0x40 c:/st/stm32cubeide_1.12.1/stm32cubeide/plugins/com.st.stm32cube.ide.mcu.externaltools.gnu-tools-for-stm32.10.3-2021.10.win32_1.0.200.202301161003/tools/bin/../lib/gcc/arm-none-eabi/10.3.1/../../../../arm-none-eabi/lib/thumb/v7e-m+fp/hard\libc_nano.a(lib_a-sprintf.o)
                0x0000000008005e34                siprintf
                0x0000000008005e34                sprintf
 .text.__ssputs_r
                0x0000000008005e74       0xb6 c:/st/stm32cubeide_1.12.1/stm32cubeide/plugins/com.st.stm32cube.ide.mcu.externaltools.gnu-tools-for-stm32.10.3-2021.10.win32_1.0.200.202301161003/tools/bin/../lib/gcc/arm-none-eabi/10.3.1/../../../../arm-none-eabi/lib/thumb/v7e-m+fp/hard\libc_nano.a(lib_a-nano-svfprintf.o)
                0x0000000008005e74                __ssputs_r
 *fill*         0x0000000008005f2a        0x2 
 .text._svfprintf_r
                0x0000000008005f2c      0x200 c:/st/stm32cubeide_1.12.1/stm32cubeide/plugins/com.st.stm32cube.ide.mcu.externaltools.gnu-tools-for-stm32.10.3-2021.10.win32_1.0.200.202301161003/tools/bin/../lib/gcc/arm-none-eabi/10.3.1/../../../../arm-none-eabi/lib/thumb/v7e-m+fp/hard\libc_nano.a(lib_a-nano-svfprintf.o)
                0x0000000008005f2c                _svfiprintf_r
                0x0000000008005f2c                _svfprintf_r
 .text._printf_common
                0x000000000800612c       0xda c:/st/stm32cubeide_1.12.1/stm32cubeide/plugins/com.st.stm32cube.ide.mcu.externaltools.gnu-tools-for-stm32.10.3-2021.10.win32_1.0.200.202301161003/tools/bin/../lib/gcc/arm-none-eabi/10.3.1/../../../../arm-none-eabi/lib/thumb/v7e-m+fp/hard\libc_nano.a(lib_a-nano-vfprintf_i.o)
                0x000000000800612c                _printf_common
 *fill*         0x0000000008006206        0x2 
 .text._printf_i
                0x0000000008006208      0x24c c:/st/stm32cubeide_1.12.1/stm32cubeide/plugins/com.st.stm32cube.ide.mcu.externaltools.gnu-tools-for-stm32.10.3-2021.10.win32_1.0.200.202301161003/tools/bin/../lib/gcc/arm-none-eabi/10.3.1/../../../../arm-none-eabi/lib/thumb/v7e-m+fp/hard\libc_nano.a(lib_a-nano-vfprintf_i.o)
                0x0000000008006208                _printf_i
 .text.memcpy   0x0000000008006454       0x1c c:/st/stm32cubeide_1.12.1/stm32cubeide/plugins/com.st.stm32cube.ide.mcu.externaltools.gnu-tools-for-stm32.10.3-2021.10.win32_1.0.200.202301161003/tools/bin/../lib/gcc/arm-none-eabi/10.3.1/../../../../arm-none-eabi/lib/thumb/v7e-m+fp/hard\libc_nano.a(lib_a-memcpy-stub.o)
                0x0000000008006454                memcpy
 .text.memmove  0x0000000008006470       0x34 c:/st/stm32cubeide_1.12.1/stm32cubeide/plugins/com.st.stm32cube.ide.mcu.externaltools.gnu-tools-for-stm32.10.3-2021.10.win32_1.0.200.202301161003/tools/bin/../lib/gcc/arm-none-eabi/10.3.1/../../../../arm-none-eabi/lib/thumb/v7e-m+fp/hard\libc_nano.a(lib_a-memmove.o)
                0x0000000008006470                memmove
 .text._free_r  0x00000000080064a4       0x98 c:/st/stm32cubeide_1.12.1/stm32cubeide/plugins/com.st.stm32cube.ide.mcu.externaltools.gnu-tools-for-stm32.10.3-2021.10.win32_1.0.200.202301161003/tools/bin/../lib/gcc/arm-none-eabi/10.3.1/../../../../arm-none-eabi/lib/thumb/v7e-m+fp/hard\libc_nano.a(lib_a-nano-freer.o)
                0x00000000080064a4                _free_r
 .text.sbrk_aligned
                0x000000000800653c       0x40 c:/st/stm32cubeide_1.12.1/stm32cubeide/plugins/com.st.stm32cube.ide.mcu.externaltools.gnu-tools-for-stm32.10.3-2021.10.win32_1.0.200.202301161003/tools/bin/../lib/gcc/arm-none-eabi/10.3.1/../../../../arm-none-eabi/lib/thumb/v7e-m+fp/hard\libc_nano.a(lib_a-nano-mallocr.o)
 .text._malloc_r
                0x000000000800657c       0xe8 c:/st/stm32cubeide_1.12.1/stm32cubeide/plugins/com.st.stm32cube.ide.mcu.externaltools.gnu-tools-for-stm32.10.3-2021.10.win32_1.0.200.202301161003/tools/bin/../lib/gcc/arm-none-eabi/10.3.1/../../../../arm-none-eabi/lib/thumb/v7e-m+fp/hard\libc_nano.a(lib_a-nano-mallocr.o)
                0x000000000800657c                _malloc_r
 .text._realloc_r
                0x0000000008006664       0x5e c:/st/stm32cubeide_1.12.1/stm32cubeide/plugins/com.st.stm32cube.ide.mcu.externaltools.gnu-tools-for-stm32.10.3-2021.10.win32_1.0.200.202301161003/tools/bin/../lib/gcc/arm-none-eabi/10.3.1/../../../../arm-none-eabi/lib/thumb/v7e-m+fp/hard\libc_nano.a(lib_a-nano-reallocr.o)
                0x0000000008006664                _realloc_r
 *fill*         0x00000000080066c2        0x2 
 .text._sbrk_r  0x00000000080066c4       0x20 c:/st/stm32cubeide_1.12.1/stm32cubeide/plugins/com.st.stm32cube.ide.mcu.externaltools.gnu-tools-for-stm32.10.3-2021.10.win32_1.0.200.202301161003/tools/bin/../lib/gcc/arm-none-eabi/10.3.1/../../../../arm-none-eabi/lib/thumb/v7e-m+fp/hard\libc_nano.a(lib_a-sbrkr.o)
                0x00000000080066c4                _sbrk_r
 .text.__malloc_lock
                0x00000000080066e4        0xc c:/st/stm32cubeide_1.12.1/stm32cubeide/plugins/com.st.stm32cube.ide.mcu.externaltools.gnu-tools-for-stm32.10.3-2021.10.win32_1.0.200.202301161003/tools/bin/../lib/gcc/arm-none-eabi/10.3.1/../../../../arm-none-eabi/lib/thumb/v7e-m+fp/hard\libc_nano.a(lib_a-mlock.o)
                0x00000000080066e4                __malloc_lock
 .text.__malloc_unlock
                0x00000000080066f0        0xc c:/st/stm32cubeide_1.12.1/stm32cubeide/plugins/com.st.stm32cube.ide.mcu.externaltools.gnu-tools-for-stm32.10.3-2021.10.win32_1.0.200.202301161003/tools/bin/../lib/gcc/arm-none-eabi/10.3.1/../../../../arm-none-eabi/lib/thumb/v7e-m+fp/hard\libc_nano.a(lib_a-mlock.o)
                0x00000000080066f0                __malloc_unlock
 .text._malloc_usable_size_r
                0x00000000080066fc       0x10 c:/st/stm32cubeide_1.12.1/stm32cubeide/plugins/com.st.stm32cube.ide.mcu.externaltools.gnu-tools-for-stm32.10.3-2021.10.win32_1.0.200.202301161003/tools/bin/../lib/gcc/arm-none-eabi/10.3.1/../../../../arm-none-eabi/lib/thumb/v7e-m+fp/hard\libc_nano.a(lib_a-nano-msizer.o)
                0x00000000080066fc                _malloc_usable_size_r
 .text.__retarget_lock_acquire_recursive
                0x000000000800670c        0x2 c:/st/stm32cubeide_1.12.1/stm32cubeide/plugins/com.st.stm32cube.ide.mcu.externaltools.gnu-tools-for-stm32.10.3-2021.10.win32_1.0.200.202301161003/tools/bin/../lib/gcc/arm-none-eabi/10.3.1/../../../../arm-none-eabi/lib/thumb/v7e-m+fp/hard\libc_nano.a(lib_a-lock.o)
                0x000000000800670c                __retarget_lock_acquire_recursive
 .text.__retarget_lock_release_recursive
                0x000000000800670e        0x2 c:/st/stm32cubeide_1.12.1/stm32cubeide/plugins/com.st.stm32cube.ide.mcu.externaltools.gnu-tools-for-stm32.10.3-2021.10.win32_1.0.200.202301161003/tools/bin/../lib/gcc/arm-none-eabi/10.3.1/../../../../arm-none-eabi/lib/thumb/v7e-m+fp/hard\libc_nano.a(lib_a-lock.o)
                0x000000000800670e                __retarget_lock_release_recursive
 *(.glue_7)
 .glue_7        0x0000000008006710        0x0 linker stubs
 *(.glue_7t)
 .glue_7t       0x0000000008006710        0x0 linker stubs
 *(.eh_frame)
 .eh_frame      0x0000000008006710        0x0 c:/st/stm32cubeide_1.12.1/stm32cubeide/plugins/com.st.stm32cube.ide.mcu.externaltools.gnu-tools-for-stm32.10.3-2021.10.win32_1.0.200.202301161003/tools/bin/../lib/gcc/arm-none-eabi/10.3.1/thumb/v7e-m+fp/hard/crtbegin.o
 *(.init)
 .init          0x0000000008006710        0x4 c:/st/stm32cubeide_1.12.1/stm32cubeide/plugins/com.st.stm32cube.ide.mcu.externaltools.gnu-tools-for-stm32.10.3-2021.10.win32_1.0.200.202301161003/tools/bin/../lib/gcc/arm-none-eabi/10.3.1/thumb/v7e-m+fp/hard/crti.o
                0x0000000008006710                _init
 .init          0x0000000008006714        0x8 c:/st/stm32cubeide_1.12.1/stm32cubeide/plugins/com.st.stm32cube.ide.mcu.externaltools.gnu-tools-for-stm32.10.3-2021.10.win32_1.0.200.202301161003/tools/bin/../lib/gcc/arm-none-eabi/10.3.1/thumb/v7e-m+fp/hard/crtn.o
 *(.fini)
 .fini          0x000000000800671c        0x4 c:/st/stm32cubeide_1.12.1/stm32cubeide/plugins/com.st.stm32cube.ide.mcu.externaltools.gnu-tools-for-stm32.10.3-2021.10.win32_1.0.200.202301161003/tools/bin/../lib/gcc/arm-none-eabi/10.3.1/thumb/v7e-m+fp/hard/crti.o
                0x000000000800671c                _fini
 .fini          0x0000000008006720        0x8 c:/st/stm32cubeide_1.12.1/stm32cubeide/plugins/com.st.stm32cube.ide.mcu.externaltools.gnu-tools-for-stm32.10.3-2021.10.win32_1.0.200.202301161003/tools/bin/../lib/gcc/arm-none-eabi/10.3.1/thumb/v7e-m+fp/hard/crtn.o
                0x0000000008006728                . = ALIGN (0x4)
                0x0000000008006728                _etext = .

.vfp11_veneer   0x0000000008006728        0x0
 .vfp11_veneer  0x0000000008006728        0x0 linker stubs

.v4_bx          0x0000000008006728        0x0
 .v4_bx         0x0000000008006728        0x0 linker stubs

.iplt           0x0000000008006728        0x0
 .iplt          0x0000000008006728        0x0 c:/st/stm32cubeide_1.12.1/stm32cubeide/plugins/com.st.stm32cube.ide.mcu.externaltools.gnu-tools-for-stm32.10.3-2021.10.win32_1.0.200.202301161003/tools/bin/../lib/gcc/arm-none-eabi/10.3.1/thumb/v7e-m+fp/hard/crtbegin.o

.rodata         0x0000000008006728      0xb74
                0x0000000008006728                . = ALIGN (0x4)
 *(.rodata)
 .rodata        0x0000000008006728      0x195 ./Src/main.o
 *fill*         0x00000000080068bd        0x3 
 .rodata        0x00000000080068c0        0x5 C:\Users\Dell\STM32CubeIDE\workspace_1.12.1\library_copy\SDK_1.0.3_NUCLEO-F401RE\lib_stm\libLibraries.a(buzzer.o)
 *fill*         0x00000000080068c5        0x3 
 .rodata        0x00000000080068c8       0x16 C:\Users\Dell\STM32CubeIDE\workspace_1.12.1\library_copy\SDK_1.0.3_NUCLEO-F401RE\lib_stm\libLibraries.a(temhumsensor.o)
 *fill*         0x00000000080068de        0x2 
 .rodata        0x00000000080068e0        0xf C:\Users\Dell\STM32CubeIDE\workspace_1.12.1\library_copy\SDK_1.0.3_NUCLEO-F401RE\lib_stm\libLibraries.a(ucg_font.o)
 *fill*         0x00000000080068ef        0x1 
 .rodata        0x00000000080068f0        0x1 C:\Users\Dell\STM32CubeIDE\workspace_1.12.1\library_copy\SDK_1.0.3_NUCLEO-F401RE\lib_stm\libLibraries.a(button.o)
 *(.rodata*)
 *fill*         0x00000000080068f1        0x3 
 .rodata.pinBuzz
                0x00000000080068f4        0x8 C:\Users\Dell\STM32CubeIDE\workspace_1.12.1\library_copy\SDK_1.0.3_NUCLEO-F401RE\lib_stm\libLibraries.a(buzzer.o)
 .rodata.ucg_st7735_set_pos_seq
                0x00000000080068fc       0x1e C:\Users\Dell\STM32CubeIDE\workspace_1.12.1\library_copy\SDK_1.0.3_NUCLEO-F401RE\lib_stm\libLibraries.a(ucg_dev_ic_st7735.o)
                0x00000000080068fc                ucg_st7735_set_pos_seq
 *fill*         0x000000000800691a        0x2 
 .rodata.ucg_st7735_set_pos_dir0_seq
                0x000000000800691c       0x1e C:\Users\Dell\STM32CubeIDE\workspace_1.12.1\library_copy\SDK_1.0.3_NUCLEO-F401RE\lib_stm\libLibraries.a(ucg_dev_ic_st7735.o)
                0x000000000800691c                ucg_st7735_set_pos_dir0_seq
 *fill*         0x000000000800693a        0x2 
 .rodata.ucg_st7735_set_pos_dir1_seq
                0x000000000800693c       0x21 C:\Users\Dell\STM32CubeIDE\workspace_1.12.1\library_copy\SDK_1.0.3_NUCLEO-F401RE\lib_stm\libLibraries.a(ucg_dev_ic_st7735.o)
                0x000000000800693c                ucg_st7735_set_pos_dir1_seq
 *fill*         0x000000000800695d        0x3 
 .rodata.ucg_st7735_set_pos_dir2_seq
                0x0000000008006960       0x21 C:\Users\Dell\STM32CubeIDE\workspace_1.12.1\library_copy\SDK_1.0.3_NUCLEO-F401RE\lib_stm\libLibraries.a(ucg_dev_ic_st7735.o)
                0x0000000008006960                ucg_st7735_set_pos_dir2_seq
 *fill*         0x0000000008006981        0x3 
 .rodata.ucg_st7735_set_pos_dir3_seq
                0x0000000008006984       0x24 C:\Users\Dell\STM32CubeIDE\workspace_1.12.1\library_copy\SDK_1.0.3_NUCLEO-F401RE\lib_stm\libLibraries.a(ucg_dev_ic_st7735.o)
                0x0000000008006984                ucg_st7735_set_pos_dir3_seq
 .rodata.ucg_st7735_power_down_seq
                0x00000000080069a8        0x7 C:\Users\Dell\STM32CubeIDE\workspace_1.12.1\library_copy\SDK_1.0.3_NUCLEO-F401RE\lib_stm\libLibraries.a(ucg_dev_ic_st7735.o)
 *fill*         0x00000000080069af        0x1 
 .rodata.ucg_tft_128x160_st7735_init_seq
                0x00000000080069b0       0x2c C:\Users\Dell\STM32CubeIDE\workspace_1.12.1\library_copy\SDK_1.0.3_NUCLEO-F401RE\lib_stm\libLibraries.a(ucg_dev_tft_128x128_st7735.o)
 .rodata.ucg_font_helvR08_tf
                0x00000000080069dc      0x88b C:\Users\Dell\STM32CubeIDE\workspace_1.12.1\library_copy\SDK_1.0.3_NUCLEO-F401RE\lib_stm\libLibraries.a(ucg_pixel_font_data.o)
                0x00000000080069dc                ucg_font_helvR08_tf
 .rodata._svfprintf_r.str1.1
                0x0000000008007267       0x11 c:/st/stm32cubeide_1.12.1/stm32cubeide/plugins/com.st.stm32cube.ide.mcu.externaltools.gnu-tools-for-stm32.10.3-2021.10.win32_1.0.200.202301161003/tools/bin/../lib/gcc/arm-none-eabi/10.3.1/../../../../arm-none-eabi/lib/thumb/v7e-m+fp/hard\libc_nano.a(lib_a-nano-svfprintf.o)
 .rodata._printf_i.str1.1
                0x0000000008007278       0x22 c:/st/stm32cubeide_1.12.1/stm32cubeide/plugins/com.st.stm32cube.ide.mcu.externaltools.gnu-tools-for-stm32.10.3-2021.10.win32_1.0.200.202301161003/tools/bin/../lib/gcc/arm-none-eabi/10.3.1/../../../../arm-none-eabi/lib/thumb/v7e-m+fp/hard\libc_nano.a(lib_a-nano-vfprintf_i.o)
                0x000000000800729c                . = ALIGN (0x4)
 *fill*         0x000000000800729a        0x2 

.rel.dyn        0x000000000800729c        0x0
 .rel.iplt      0x000000000800729c        0x0 c:/st/stm32cubeide_1.12.1/stm32cubeide/plugins/com.st.stm32cube.ide.mcu.externaltools.gnu-tools-for-stm32.10.3-2021.10.win32_1.0.200.202301161003/tools/bin/../lib/gcc/arm-none-eabi/10.3.1/thumb/v7e-m+fp/hard/crtbegin.o

.ARM.extab      0x000000000800729c        0x0
                0x000000000800729c                . = ALIGN (0x4)
 *(.ARM.extab* .gnu.linkonce.armextab.*)
                0x000000000800729c                . = ALIGN (0x4)

.ARM            0x000000000800729c        0x0
                0x000000000800729c                . = ALIGN (0x4)
                0x000000000800729c                __exidx_start = .
 *(.ARM.exidx*)
                0x000000000800729c                __exidx_end = .
                0x000000000800729c                . = ALIGN (0x4)

.preinit_array  0x000000000800729c        0x0
                0x000000000800729c                . = ALIGN (0x4)
                0x000000000800729c                PROVIDE (__preinit_array_start = .)
 *(.preinit_array*)
                0x000000000800729c                PROVIDE (__preinit_array_end = .)
                0x000000000800729c                . = ALIGN (0x4)

.init_array     0x000000000800729c        0x4
                0x000000000800729c                . = ALIGN (0x4)
                0x000000000800729c                PROVIDE (__init_array_start = .)
 *(SORT_BY_NAME(.init_array.*))
 *(.init_array*)
 .init_array    0x000000000800729c        0x4 c:/st/stm32cubeide_1.12.1/stm32cubeide/plugins/com.st.stm32cube.ide.mcu.externaltools.gnu-tools-for-stm32.10.3-2021.10.win32_1.0.200.202301161003/tools/bin/../lib/gcc/arm-none-eabi/10.3.1/thumb/v7e-m+fp/hard/crtbegin.o
                0x00000000080072a0                PROVIDE (__init_array_end = .)
                0x00000000080072a0                . = ALIGN (0x4)

.fini_array     0x00000000080072a0        0x4
                0x00000000080072a0                . = ALIGN (0x4)
                [!provide]                        PROVIDE (__fini_array_start = .)
 *(SORT_BY_NAME(.fini_array.*))
 *(.fini_array*)
 .fini_array    0x00000000080072a0        0x4 c:/st/stm32cubeide_1.12.1/stm32cubeide/plugins/com.st.stm32cube.ide.mcu.externaltools.gnu-tools-for-stm32.10.3-2021.10.win32_1.0.200.202301161003/tools/bin/../lib/gcc/arm-none-eabi/10.3.1/thumb/v7e-m+fp/hard/crtbegin.o
                [!provide]                        PROVIDE (__fini_array_end = .)
                0x00000000080072a4                . = ALIGN (0x4)
                0x00000000080072a4                _sidata = LOADADDR (.data)

.data           0x0000000020000000       0xcc load address 0x00000000080072a4
                0x0000000020000000                . = ALIGN (0x4)
                0x0000000020000000                _sdata = .
 *(.data)
 *(.data*)
 .data.SystemCoreClock
                0x0000000020000000        0x4 C:\Users\Dell\STM32CubeIDE\workspace_1.12.1\library_copy\SDK_1.0.3_NUCLEO-F401RE\lib_stm\libLibraries.a(system_stm32f4xx.o)
                0x0000000020000000                SystemCoreClock
 .data.AHBPrescTable
                0x0000000020000004       0x10 C:\Users\Dell\STM32CubeIDE\workspace_1.12.1\library_copy\SDK_1.0.3_NUCLEO-F401RE\lib_stm\libLibraries.a(system_stm32f4xx.o)
                0x0000000020000004                AHBPrescTable
 .data.idBuzz   0x0000000020000014        0x1 C:\Users\Dell\STM32CubeIDE\workspace_1.12.1\library_copy\SDK_1.0.3_NUCLEO-F401RE\lib_stm\libLibraries.a(buzzer.o)
 *fill*         0x0000000020000015        0x3 
 .data.pbeep    0x0000000020000018        0x8 C:\Users\Dell\STM32CubeIDE\workspace_1.12.1\library_copy\SDK_1.0.3_NUCLEO-F401RE\lib_stm\libLibraries.a(melody.o)
                0x0000000020000018                pbeep
 .data.g_byTimeWaitGetTemp
                0x0000000020000020        0x1 C:\Users\Dell\STM32CubeIDE\workspace_1.12.1\library_copy\SDK_1.0.3_NUCLEO-F401RE\lib_stm\libLibraries.a(temhumsensor.o)
 .data.g_byTimeWaitGetHumi
                0x0000000020000021        0x1 C:\Users\Dell\STM32CubeIDE\workspace_1.12.1\library_copy\SDK_1.0.3_NUCLEO-F401RE\lib_stm\libLibraries.a(temhumsensor.o)
 .data.idTaskScanDecodeLen
                0x0000000020000022        0x1 C:\Users\Dell\STM32CubeIDE\workspace_1.12.1\library_copy\SDK_1.0.3_NUCLEO-F401RE\lib_stm\libLibraries.a(ucg_font.o)
 *fill*         0x0000000020000023        0x1 
 .data.APBAHBPrescTable
                0x0000000020000024       0x10 C:\Users\Dell\STM32CubeIDE\workspace_1.12.1\library_copy\SDK_1.0.3_NUCLEO-F401RE\lib_stm\libLibraries.a(stm32f401re_rcc.o)
 .data.pinBtnPad
                0x0000000020000034       0x30 C:\Users\Dell\STM32CubeIDE\workspace_1.12.1\library_copy\SDK_1.0.3_NUCLEO-F401RE\lib_stm\libLibraries.a(button.o)
 .data.idTaskScanButton
                0x0000000020000064        0x1 C:\Users\Dell\STM32CubeIDE\workspace_1.12.1\library_copy\SDK_1.0.3_NUCLEO-F401RE\lib_stm\libLibraries.a(button.o)
 *fill*         0x0000000020000065        0x3 
 .data._impure_ptr
                0x0000000020000068        0x4 c:/st/stm32cubeide_1.12.1/stm32cubeide/plugins/com.st.stm32cube.ide.mcu.externaltools.gnu-tools-for-stm32.10.3-2021.10.win32_1.0.200.202301161003/tools/bin/../lib/gcc/arm-none-eabi/10.3.1/../../../../arm-none-eabi/lib/thumb/v7e-m+fp/hard\libc_nano.a(lib_a-impure.o)
                0x0000000020000068                _impure_ptr
 .data.impure_data
                0x000000002000006c       0x60 c:/st/stm32cubeide_1.12.1/stm32cubeide/plugins/com.st.stm32cube.ide.mcu.externaltools.gnu-tools-for-stm32.10.3-2021.10.win32_1.0.200.202301161003/tools/bin/../lib/gcc/arm-none-eabi/10.3.1/../../../../arm-none-eabi/lib/thumb/v7e-m+fp/hard\libc_nano.a(lib_a-impure.o)
 *(.RamFunc)
 *(.RamFunc*)
                0x00000000200000cc                . = ALIGN (0x4)
                0x00000000200000cc                _edata = .

.igot.plt       0x00000000200000cc        0x0 load address 0x0000000008007370
 .igot.plt      0x00000000200000cc        0x0 c:/st/stm32cubeide_1.12.1/stm32cubeide/plugins/com.st.stm32cube.ide.mcu.externaltools.gnu-tools-for-stm32.10.3-2021.10.win32_1.0.200.202301161003/tools/bin/../lib/gcc/arm-none-eabi/10.3.1/thumb/v7e-m+fp/hard/crtbegin.o
                0x00000000200000cc                . = ALIGN (0x4)

.bss            0x00000000200000cc     0x1444 load address 0x0000000008007370
                0x00000000200000cc                _sbss = .
                0x00000000200000cc                __bss_start__ = _sbss
 *(.bss)
 .bss           0x00000000200000cc       0x1c c:/st/stm32cubeide_1.12.1/stm32cubeide/plugins/com.st.stm32cube.ide.mcu.externaltools.gnu-tools-for-stm32.10.3-2021.10.win32_1.0.200.202301161003/tools/bin/../lib/gcc/arm-none-eabi/10.3.1/thumb/v7e-m+fp/hard/crtbegin.o
 *(.bss*)
 .bss.ucg       0x00000000200000e8       0xb4 ./Src/main.o
 .bss.eCurrentState
                0x000000002000019c        0x1 ./Src/main.o
                0x000000002000019c                eCurrentState
 .bss.LevelLed  0x000000002000019d        0x1 ./Src/main.o
                0x000000002000019d                LevelLed
 *fill*         0x000000002000019e        0x2 
 .bss.TimerId   0x00000000200001a0        0x4 ./Src/main.o
                0x00000000200001a0                TimerId
 .bss.__sbrk_heap_end
                0x00000000200001a4        0x4 ./Src/sysmem.o
 .bss.bBuzzInit
                0x00000000200001a8        0x1 C:\Users\Dell\STM32CubeIDE\workspace_1.12.1\library_copy\SDK_1.0.3_NUCLEO-F401RE\lib_stm\libLibraries.a(buzzer.o)
 *fill*         0x00000000200001a9        0x3 
 .bss.gpToneList
                0x00000000200001ac        0x4 C:\Users\Dell\STM32CubeIDE\workspace_1.12.1\library_copy\SDK_1.0.3_NUCLEO-F401RE\lib_stm\libLibraries.a(buzzer.o)
 .bss.g_brightnessLed
                0x00000000200001b0        0x1 C:\Users\Dell\STM32CubeIDE\workspace_1.12.1\library_copy\SDK_1.0.3_NUCLEO-F401RE\lib_stm\libLibraries.a(led.o)
 *fill*         0x00000000200001b1        0x3 
 .bss.pAppStateFunc
                0x00000000200001b4        0x4 C:\Users\Dell\STM32CubeIDE\workspace_1.12.1\library_copy\SDK_1.0.3_NUCLEO-F401RE\lib_stm\libLibraries.a(eventman.o)
 .bss.pBuffEvent
                0x00000000200001b8      0x100 C:\Users\Dell\STM32CubeIDE\workspace_1.12.1\library_copy\SDK_1.0.3_NUCLEO-F401RE\lib_stm\libLibraries.a(eventman.o)
 .bss.eventQueue
                0x00000000200002b8       0x10 C:\Users\Dell\STM32CubeIDE\workspace_1.12.1\library_copy\SDK_1.0.3_NUCLEO-F401RE\lib_stm\libLibraries.a(eventman.o)
 .bss.g_pTimerHandle
                0x00000000200002c8      0x180 C:\Users\Dell\STM32CubeIDE\workspace_1.12.1\library_copy\SDK_1.0.3_NUCLEO-F401RE\lib_stm\libLibraries.a(timer.o)
 .bss.g_wMilSecTickTimer
                0x0000000020000448        0x4 C:\Users\Dell\STM32CubeIDE\workspace_1.12.1\library_copy\SDK_1.0.3_NUCLEO-F401RE\lib_stm\libLibraries.a(timer.o)
 .bss.uhADCConvertedValue
                0x000000002000044c        0x2 C:\Users\Dell\STM32CubeIDE\workspace_1.12.1\library_copy\SDK_1.0.3_NUCLEO-F401RE\lib_stm\libLibraries.a(lightsensor.o)
 *fill*         0x000000002000044e        0x2 
 .bss.g_pUartQueueRx
                0x0000000020000450        0x8 C:\Users\Dell\STM32CubeIDE\workspace_1.12.1\library_copy\SDK_1.0.3_NUCLEO-F401RE\lib_stm\libLibraries.a(serial.o)
 .bss.fontQueue
                0x0000000020000458       0x10 C:\Users\Dell\STM32CubeIDE\workspace_1.12.1\library_copy\SDK_1.0.3_NUCLEO-F401RE\lib_stm\libLibraries.a(ucg_font.o)
 .bss.pQueueFont
                0x0000000020000468     0x1000 C:\Users\Dell\STM32CubeIDE\workspace_1.12.1\library_copy\SDK_1.0.3_NUCLEO-F401RE\lib_stm\libLibraries.a(ucg_font.o)
 .bss.next.7562
                0x0000000020001468        0x1 C:\Users\Dell\STM32CubeIDE\workspace_1.12.1\library_copy\SDK_1.0.3_NUCLEO-F401RE\lib_stm\libLibraries.a(ucg_font.o)
 *fill*         0x0000000020001469        0x3 
 .bss.kpad      0x000000002000146c       0x78 C:\Users\Dell\STM32CubeIDE\workspace_1.12.1\library_copy\SDK_1.0.3_NUCLEO-F401RE\lib_stm\libLibraries.a(button.o)
 .bss.pEventCallbacks
                0x00000000200014e4       0x10 C:\Users\Dell\STM32CubeIDE\workspace_1.12.1\library_copy\SDK_1.0.3_NUCLEO-F401RE\lib_stm\libLibraries.a(button.o)
 .bss.__malloc_free_list
                0x00000000200014f4        0x4 c:/st/stm32cubeide_1.12.1/stm32cubeide/plugins/com.st.stm32cube.ide.mcu.externaltools.gnu-tools-for-stm32.10.3-2021.10.win32_1.0.200.202301161003/tools/bin/../lib/gcc/arm-none-eabi/10.3.1/../../../../arm-none-eabi/lib/thumb/v7e-m+fp/hard\libc_nano.a(lib_a-nano-mallocr.o)
                0x00000000200014f4                __malloc_free_list
 .bss.__malloc_sbrk_start
                0x00000000200014f8        0x4 c:/st/stm32cubeide_1.12.1/stm32cubeide/plugins/com.st.stm32cube.ide.mcu.externaltools.gnu-tools-for-stm32.10.3-2021.10.win32_1.0.200.202301161003/tools/bin/../lib/gcc/arm-none-eabi/10.3.1/../../../../arm-none-eabi/lib/thumb/v7e-m+fp/hard\libc_nano.a(lib_a-nano-mallocr.o)
                0x00000000200014f8                __malloc_sbrk_start
 .bss.errno     0x00000000200014fc        0x4 c:/st/stm32cubeide_1.12.1/stm32cubeide/plugins/com.st.stm32cube.ide.mcu.externaltools.gnu-tools-for-stm32.10.3-2021.10.win32_1.0.200.202301161003/tools/bin/../lib/gcc/arm-none-eabi/10.3.1/../../../../arm-none-eabi/lib/thumb/v7e-m+fp/hard\libc_nano.a(lib_a-reent.o)
                0x00000000200014fc                errno
 .bss.__lock___malloc_recursive_mutex
                0x0000000020001500        0x1 c:/st/stm32cubeide_1.12.1/stm32cubeide/plugins/com.st.stm32cube.ide.mcu.externaltools.gnu-tools-for-stm32.10.3-2021.10.win32_1.0.200.202301161003/tools/bin/../lib/gcc/arm-none-eabi/10.3.1/../../../../arm-none-eabi/lib/thumb/v7e-m+fp/hard\libc_nano.a(lib_a-lock.o)
                0x0000000020001500                __lock___malloc_recursive_mutex
 *(COMMON)
 *fill*         0x0000000020001501        0x3 
 COMMON         0x0000000020001504        0xc C:\Users\Dell\STM32CubeIDE\workspace_1.12.1\library_copy\SDK_1.0.3_NUCLEO-F401RE\lib_stm\libLibraries.a(ucg_font.o)
                0x0000000020001504                ucg_draw_str
                0x0000000020001510                . = ALIGN (0x4)
                0x0000000020001510                _ebss = .
                0x0000000020001510                __bss_end__ = _ebss

._user_heap_stack
                0x0000000020001510      0x600 load address 0x0000000008007370
                0x0000000020001510                . = ALIGN (0x8)
                [!provide]                        PROVIDE (end = .)
                0x0000000020001510                PROVIDE (_end = .)
                0x0000000020001710                . = (. + _Min_Heap_Size)
 *fill*         0x0000000020001510      0x200 
                0x0000000020001b10                . = (. + _Min_Stack_Size)
 *fill*         0x0000000020001710      0x400 
                0x0000000020001b10                . = ALIGN (0x8)

/DISCARD/
 libc.a(*)
 libm.a(*)
 libgcc.a(*)

.ARM.attributes
                0x0000000000000000       0x30
 *(.ARM.attributes)
 .ARM.attributes
                0x0000000000000000       0x1e c:/st/stm32cubeide_1.12.1/stm32cubeide/plugins/com.st.stm32cube.ide.mcu.externaltools.gnu-tools-for-stm32.10.3-2021.10.win32_1.0.200.202301161003/tools/bin/../lib/gcc/arm-none-eabi/10.3.1/thumb/v7e-m+fp/hard/crti.o
 .ARM.attributes
                0x000000000000001e       0x34 c:/st/stm32cubeide_1.12.1/stm32cubeide/plugins/com.st.stm32cube.ide.mcu.externaltools.gnu-tools-for-stm32.10.3-2021.10.win32_1.0.200.202301161003/tools/bin/../lib/gcc/arm-none-eabi/10.3.1/thumb/v7e-m+fp/hard/crtbegin.o
 .ARM.attributes
                0x0000000000000052       0x34 ./Src/main.o
 .ARM.attributes
                0x0000000000000086       0x34 ./Src/sysmem.o
 .ARM.attributes
                0x00000000000000ba       0x21 ./Startup/startup_stm32f401retx.o
 .ARM.attributes
                0x00000000000000db       0x39 C:\Users\Dell\STM32CubeIDE\workspace_1.12.1\library_copy\SDK_1.0.3_NUCLEO-F401RE\lib_stm\libLibraries.a(system_stm32f4xx.o)
 .ARM.attributes
                0x0000000000000114       0x39 C:\Users\Dell\STM32CubeIDE\workspace_1.12.1\library_copy\SDK_1.0.3_NUCLEO-F401RE\lib_stm\libLibraries.a(eventbutton.o)
 .ARM.attributes
                0x000000000000014d       0x39 C:\Users\Dell\STM32CubeIDE\workspace_1.12.1\library_copy\SDK_1.0.3_NUCLEO-F401RE\lib_stm\libLibraries.a(buzzer.o)
 .ARM.attributes
                0x0000000000000186       0x39 C:\Users\Dell\STM32CubeIDE\workspace_1.12.1\library_copy\SDK_1.0.3_NUCLEO-F401RE\lib_stm\libLibraries.a(melody.o)
 .ARM.attributes
                0x00000000000001bf       0x39 C:\Users\Dell\STM32CubeIDE\workspace_1.12.1\library_copy\SDK_1.0.3_NUCLEO-F401RE\lib_stm\libLibraries.a(led.o)
 .ARM.attributes
                0x00000000000001f8       0x39 C:\Users\Dell\STM32CubeIDE\workspace_1.12.1\library_copy\SDK_1.0.3_NUCLEO-F401RE\lib_stm\libLibraries.a(eventman.o)
 .ARM.attributes
                0x0000000000000231       0x39 C:\Users\Dell\STM32CubeIDE\workspace_1.12.1\library_copy\SDK_1.0.3_NUCLEO-F401RE\lib_stm\libLibraries.a(timer.o)
 .ARM.attributes
                0x000000000000026a       0x39 C:\Users\Dell\STM32CubeIDE\workspace_1.12.1\library_copy\SDK_1.0.3_NUCLEO-F401RE\lib_stm\libLibraries.a(lightsensor.o)
 .ARM.attributes
                0x00000000000002a3       0x39 C:\Users\Dell\STM32CubeIDE\workspace_1.12.1\library_copy\SDK_1.0.3_NUCLEO-F401RE\lib_stm\libLibraries.a(temhumsensor.o)
 .ARM.attributes
                0x00000000000002dc       0x39 C:\Users\Dell\STM32CubeIDE\workspace_1.12.1\library_copy\SDK_1.0.3_NUCLEO-F401RE\lib_stm\libLibraries.a(serial.o)
 .ARM.attributes
                0x0000000000000315       0x39 C:\Users\Dell\STM32CubeIDE\workspace_1.12.1\library_copy\SDK_1.0.3_NUCLEO-F401RE\lib_stm\libLibraries.a(Ucglib.o)
 .ARM.attributes
                0x000000000000034e       0x39 C:\Users\Dell\STM32CubeIDE\workspace_1.12.1\library_copy\SDK_1.0.3_NUCLEO-F401RE\lib_stm\libLibraries.a(ucg_box.o)
 .ARM.attributes
                0x0000000000000387       0x39 C:\Users\Dell\STM32CubeIDE\workspace_1.12.1\library_copy\SDK_1.0.3_NUCLEO-F401RE\lib_stm\libLibraries.a(ucg_ccs.o)
 .ARM.attributes
                0x00000000000003c0       0x39 C:\Users\Dell\STM32CubeIDE\workspace_1.12.1\library_copy\SDK_1.0.3_NUCLEO-F401RE\lib_stm\libLibraries.a(ucg_dev_default_cb.o)
 .ARM.attributes
                0x00000000000003f9       0x39 C:\Users\Dell\STM32CubeIDE\workspace_1.12.1\library_copy\SDK_1.0.3_NUCLEO-F401RE\lib_stm\libLibraries.a(ucg_dev_ic_st7735.o)
 .ARM.attributes
                0x0000000000000432       0x39 C:\Users\Dell\STM32CubeIDE\workspace_1.12.1\library_copy\SDK_1.0.3_NUCLEO-F401RE\lib_stm\libLibraries.a(ucg_dev_msg_api.o)
 .ARM.attributes
                0x000000000000046b       0x39 C:\Users\Dell\STM32CubeIDE\workspace_1.12.1\library_copy\SDK_1.0.3_NUCLEO-F401RE\lib_stm\libLibraries.a(ucg_dev_tft_128x128_st7735.o)
 .ARM.attributes
                0x00000000000004a4       0x39 C:\Users\Dell\STM32CubeIDE\workspace_1.12.1\library_copy\SDK_1.0.3_NUCLEO-F401RE\lib_stm\libLibraries.a(ucg_font.o)
 .ARM.attributes
                0x00000000000004dd       0x39 C:\Users\Dell\STM32CubeIDE\workspace_1.12.1\library_copy\SDK_1.0.3_NUCLEO-F401RE\lib_stm\libLibraries.a(ucg_init.o)
 .ARM.attributes
                0x0000000000000516       0x39 C:\Users\Dell\STM32CubeIDE\workspace_1.12.1\library_copy\SDK_1.0.3_NUCLEO-F401RE\lib_stm\libLibraries.a(ucg_line.o)
 .ARM.attributes
                0x000000000000054f       0x39 C:\Users\Dell\STM32CubeIDE\workspace_1.12.1\library_copy\SDK_1.0.3_NUCLEO-F401RE\lib_stm\libLibraries.a(ucg_pixel.o)
 .ARM.attributes
                0x0000000000000588       0x39 C:\Users\Dell\STM32CubeIDE\workspace_1.12.1\library_copy\SDK_1.0.3_NUCLEO-F401RE\lib_stm\libLibraries.a(ucg_pixel_font_data.o)
 .ARM.attributes
                0x00000000000005c1       0x39 C:\Users\Dell\STM32CubeIDE\workspace_1.12.1\library_copy\SDK_1.0.3_NUCLEO-F401RE\lib_stm\libLibraries.a(ucg_rotate.o)
 .ARM.attributes
                0x00000000000005fa       0x39 C:\Users\Dell\STM32CubeIDE\workspace_1.12.1\library_copy\SDK_1.0.3_NUCLEO-F401RE\lib_stm\libLibraries.a(buff.o)
 .ARM.attributes
                0x0000000000000633       0x39 C:\Users\Dell\STM32CubeIDE\workspace_1.12.1\library_copy\SDK_1.0.3_NUCLEO-F401RE\lib_stm\libLibraries.a(utilities.o)
 .ARM.attributes
                0x000000000000066c       0x39 C:\Users\Dell\STM32CubeIDE\workspace_1.12.1\library_copy\SDK_1.0.3_NUCLEO-F401RE\lib_stm\libLibraries.a(stm32f401re_adc.o)
 .ARM.attributes
                0x00000000000006a5       0x39 C:\Users\Dell\STM32CubeIDE\workspace_1.12.1\library_copy\SDK_1.0.3_NUCLEO-F401RE\lib_stm\libLibraries.a(stm32f401re_dma.o)
 .ARM.attributes
                0x00000000000006de       0x39 C:\Users\Dell\STM32CubeIDE\workspace_1.12.1\library_copy\SDK_1.0.3_NUCLEO-F401RE\lib_stm\libLibraries.a(stm32f401re_gpio.o)
 .ARM.attributes
                0x0000000000000717       0x39 C:\Users\Dell\STM32CubeIDE\workspace_1.12.1\library_copy\SDK_1.0.3_NUCLEO-F401RE\lib_stm\libLibraries.a(stm32f401re_i2c.o)
 .ARM.attributes
                0x0000000000000750       0x39 C:\Users\Dell\STM32CubeIDE\workspace_1.12.1\library_copy\SDK_1.0.3_NUCLEO-F401RE\lib_stm\libLibraries.a(stm32f401re_rcc.o)
 .ARM.attributes
                0x0000000000000789       0x39 C:\Users\Dell\STM32CubeIDE\workspace_1.12.1\library_copy\SDK_1.0.3_NUCLEO-F401RE\lib_stm\libLibraries.a(stm32f401re_tim.o)
 .ARM.attributes
                0x00000000000007c2       0x39 C:\Users\Dell\STM32CubeIDE\workspace_1.12.1\library_copy\SDK_1.0.3_NUCLEO-F401RE\lib_stm\libLibraries.a(stm32f401re_usart.o)
 .ARM.attributes
                0x00000000000007fb       0x39 C:\Users\Dell\STM32CubeIDE\workspace_1.12.1\library_copy\SDK_1.0.3_NUCLEO-F401RE\lib_stm\libLibraries.a(button.o)
 .ARM.attributes
                0x0000000000000834       0x39 C:\Users\Dell\STM32CubeIDE\workspace_1.12.1\library_copy\SDK_1.0.3_NUCLEO-F401RE\lib_stm\libLibraries.a(ucg_clip.o)
 .ARM.attributes
                0x000000000000086d       0x39 C:\Users\Dell\STM32CubeIDE\workspace_1.12.1\library_copy\SDK_1.0.3_NUCLEO-F401RE\lib_stm\libLibraries.a(ucg_com_msg_api.o)
 .ARM.attributes
                0x00000000000008a6       0x34 c:/st/stm32cubeide_1.12.1/stm32cubeide/plugins/com.st.stm32cube.ide.mcu.externaltools.gnu-tools-for-stm32.10.3-2021.10.win32_1.0.200.202301161003/tools/bin/../lib/gcc/arm-none-eabi/10.3.1/../../../../arm-none-eabi/lib/thumb/v7e-m+fp/hard\libc_nano.a(lib_a-errno.o)
 .ARM.attributes
                0x00000000000008da       0x34 c:/st/stm32cubeide_1.12.1/stm32cubeide/plugins/com.st.stm32cube.ide.mcu.externaltools.gnu-tools-for-stm32.10.3-2021.10.win32_1.0.200.202301161003/tools/bin/../lib/gcc/arm-none-eabi/10.3.1/../../../../arm-none-eabi/lib/thumb/v7e-m+fp/hard\libc_nano.a(lib_a-impure.o)
 .ARM.attributes
                0x000000000000090e       0x34 c:/st/stm32cubeide_1.12.1/stm32cubeide/plugins/com.st.stm32cube.ide.mcu.externaltools.gnu-tools-for-stm32.10.3-2021.10.win32_1.0.200.202301161003/tools/bin/../lib/gcc/arm-none-eabi/10.3.1/../../../../arm-none-eabi/lib/thumb/v7e-m+fp/hard\libc_nano.a(lib_a-init.o)
 .ARM.attributes
                0x0000000000000942       0x34 c:/st/stm32cubeide_1.12.1/stm32cubeide/plugins/com.st.stm32cube.ide.mcu.externaltools.gnu-tools-for-stm32.10.3-2021.10.win32_1.0.200.202301161003/tools/bin/../lib/gcc/arm-none-eabi/10.3.1/../../../../arm-none-eabi/lib/thumb/v7e-m+fp/hard\libc_nano.a(lib_a-memset.o)
 .ARM.attributes
                0x0000000000000976       0x34 c:/st/stm32cubeide_1.12.1/stm32cubeide/plugins/com.st.stm32cube.ide.mcu.externaltools.gnu-tools-for-stm32.10.3-2021.10.win32_1.0.200.202301161003/tools/bin/../lib/gcc/arm-none-eabi/10.3.1/../../../../arm-none-eabi/lib/thumb/v7e-m+fp/hard\libc_nano.a(lib_a-sprintf.o)
 .ARM.attributes