Archive member included to satisfy reference by file (symbol)

C:\Users\Dell\STM32CubeIDE\workspace_1.12.1\library_copy\SDK_1.0.3_NUCLEO-F401RE\lib_stm\libLibraries.a(system_stm32f4xx.o)
                              ./Src/main.o (SystemCoreClockUpdate)
C:\Users\Dell\STM32CubeIDE\workspace_1.12.1\library_copy\SDK_1.0.3_NUCLEO-F401RE\lib_stm\libLibraries.a(eventbutton.o)
                              ./Src/main.o (EventButton_Init)
C:\Users\Dell\STM32CubeIDE\workspace_1.12.1\library_copy\SDK_1.0.3_NUCLEO-F401RE\lib_stm\libLibraries.a(buzzer.o)
                              ./Src/main.o (BuzzerControl_Init)
C:\Users\Dell\STM32CubeIDE\workspace_1.12.1\library_copy\SDK_1.0.3_NUCLEO-F401RE\lib_stm\libLibraries.a(melody.o)
                              ./Src/main.o (pbeep)
C:\Users\Dell\STM32CubeIDE\workspace_1.12.1\library_copy\SDK_1.0.3_NUCLEO-F401RE\lib_stm\libLibraries.a(led.o)
                              ./Src/main.o (LedControl_Init)
C:\Users\Dell\STM32CubeIDE\workspace_1.12.1\library_copy\SDK_1.0.3_NUCLEO-F401RE\lib_stm\libLibraries.a(eventman.o)
                              ./Src/main.o (EventSchedulerInit)
C:\Users\Dell\STM32CubeIDE\workspace_1.12.1\library_copy\SDK_1.0.3_NUCLEO-F401RE\lib_stm\libLibraries.a(timer.o)
                              ./Src/main.o (TimerInit)
C:\Users\Dell\STM32CubeIDE\workspace_1.12.1\library_copy\SDK_1.0.3_NUCLEO-F401RE\lib_stm\libLibraries.a(lightsensor.o)
                              ./Src/main.o (LightSensor_Init)
C:\Users\Dell\STM32CubeIDE\workspace_1.12.1\library_copy\SDK_1.0.3_NUCLEO-F401RE\lib_stm\libLibraries.a(temhumsensor.o)
                              ./Src/main.o (TemHumSensor_Init)
C:\Users\Dell\STM32CubeIDE\workspace_1.12.1\library_copy\SDK_1.0.3_NUCLEO-F401RE\lib_stm\libLibraries.a(serial.o)
                              C:\Users\Dell\STM32CubeIDE\workspace_1.12.1\library_copy\SDK_1.0.3_NUCLEO-F401RE\lib_stm\libLibraries.a(eventbutton.o) (Serial_SendPacket)
C:\Users\Dell\STM32CubeIDE\workspace_1.12.1\library_copy\SDK_1.0.3_NUCLEO-F401RE\lib_stm\libLibraries.a(Ucglib.o)
                              ./Src/main.o (Ucglib4WireSWSPI_begin)
C:\Users\Dell\STM32CubeIDE\workspace_1.12.1\library_copy\SDK_1.0.3_NUCLEO-F401RE\lib_stm\libLibraries.a(ucg_box.o)
                              ./Src/main.o (ucg_ClearScreen)
C:\Users\Dell\STM32CubeIDE\workspace_1.12.1\library_copy\SDK_1.0.3_NUCLEO-F401RE\lib_stm\libLibraries.a(ucg_ccs.o)
                              C:\Users\Dell\STM32CubeIDE\workspace_1.12.1\library_copy\SDK_1.0.3_NUCLEO-F401RE\lib_stm\libLibraries.a(ucg_box.o) (ucg_ccs_init)
C:\Users\Dell\STM32CubeIDE\workspace_1.12.1\library_copy\SDK_1.0.3_NUCLEO-F401RE\lib_stm\libLibraries.a(ucg_circle.o)
                              C:\Users\Dell\STM32CubeIDE\workspace_1.12.1\library_copy\SDK_1.0.3_NUCLEO-F401RE\lib_stm\libLibraries.a(ucg_box.o) (ucg_DrawCircle)
C:\Users\Dell\STM32CubeIDE\workspace_1.12.1\library_copy\SDK_1.0.3_NUCLEO-F401RE\lib_stm\libLibraries.a(ucg_dev_default_cb.o)
                              C:\Users\Dell\STM32CubeIDE\workspace_1.12.1\library_copy\SDK_1.0.3_NUCLEO-F401RE\lib_stm\libLibraries.a(Ucglib.o) (ucg_dev_default_cb)
C:\Users\Dell\STM32CubeIDE\workspace_1.12.1\library_copy\SDK_1.0.3_NUCLEO-F401RE\lib_stm\libLibraries.a(ucg_dev_ic_st7735.o)
                              C:\Users\Dell\STM32CubeIDE\workspace_1.12.1\library_copy\SDK_1.0.3_NUCLEO-F401RE\lib_stm\libLibraries.a(Ucglib.o) (ucg_ext_st7735_18)
C:\Users\Dell\STM32CubeIDE\workspace_1.12.1\library_copy\SDK_1.0.3_NUCLEO-F401RE\lib_stm\libLibraries.a(ucg_dev_msg_api.o)
                              C:\Users\Dell\STM32CubeIDE\workspace_1.12.1\library_copy\SDK_1.0.3_NUCLEO-F401RE\lib_stm\libLibraries.a(ucg_box.o) (ucg_SetMaxClipRange)
C:\Users\Dell\STM32CubeIDE\workspace_1.12.1\library_copy\SDK_1.0.3_NUCLEO-F401RE\lib_stm\libLibraries.a(ucg_dev_tft_128x128_st7735.o)
                              C:\Users\Dell\STM32CubeIDE\workspace_1.12.1\library_copy\SDK_1.0.3_NUCLEO-F401RE\lib_stm\libLibraries.a(Ucglib.o) (ucg_dev_st7735_18x128x128)
C:\Users\Dell\STM32CubeIDE\workspace_1.12.1\library_copy\SDK_1.0.3_NUCLEO-F401RE\lib_stm\libLibraries.a(ucg_font.o)
                              C:\Users\Dell\STM32CubeIDE\workspace_1.12.1\library_copy\SDK_1.0.3_NUCLEO-F401RE\lib_stm\libLibraries.a(Ucglib.o) (ucg_SetFontMode)
C:\Users\Dell\STM32CubeIDE\workspace_1.12.1\library_copy\SDK_1.0.3_NUCLEO-F401RE\lib_stm\libLibraries.a(ucg_init.o)
                              C:\Users\Dell\STM32CubeIDE\workspace_1.12.1\library_copy\SDK_1.0.3_NUCLEO-F401RE\lib_stm\libLibraries.a(Ucglib.o) (ucg_Init)
C:\Users\Dell\STM32CubeIDE\workspace_1.12.1\library_copy\SDK_1.0.3_NUCLEO-F401RE\lib_stm\libLibraries.a(ucg_line.o)
                              C:\Users\Dell\STM32CubeIDE\workspace_1.12.1\library_copy\SDK_1.0.3_NUCLEO-F401RE\lib_stm\libLibraries.a(ucg_font.o) (ucg_Draw90Line)
[...]
Memory Configuration

Name             Origin             Length             Attributes
RAM              0x0000000020000000 0x0000000000018000 xrw
FLASH            0x0000000008000000 0x0000000000080000 xr
*default*        0x0000000000000000 0xffffffffffffffff

Linker script and memory map

LOAD c:/st/stm32cubeide_1.12.1/stm32cubeide/plugins/com.st.stm32cube.ide.mcu.externaltools.gnu-tools-for-stm32.10.3-2021.10.win32_1.0.200.202301161003/tools/bin/../lib/gcc/arm-none-eabi/10.3.1/thumb/v7e-m+fp/hard/crti.o
LOAD c:/st/stm32cubeide_1.12.1/stm32cubeide/plugins/com.st.stm32cube.ide.mcu.externaltools.gnu-tools-for-stm32.10.3-2021.10.win32_1.0.200.202301161003/tools/bin/../lib/gcc/arm-none-eabi/10.3.1/thumb/v7e-m+fp/hard/crtbegin.o
LOAD c:/st/stm32cubeide_1.12.1/stm32cubeide/plugins/com.st.stm32cube.ide.mcu.externaltools.gnu-tools-for-stm32.10.3-2021.10.win32_1.0.200.202301161003/tools/bin/../lib/gcc/arm-none-eabi/10.3.1/../../../../arm-none-eabi/lib/thumb/v7e-m+fp/hard/crt0.o
LOAD ./Src/main.o
LOAD ./Src/syscalls.o
LOAD ./Src/sysmem.o
LOAD ./Startup/startup_stm32f401retx.o
LOAD C:\Users\Dell\STM32CubeIDE\workspace_1.12.1\library_copy\SDK_1.0.3_NUCLEO-F401RE\lib_stm\libLibraries.a
START GROUP
LOAD c:/st/stm32cubeide_1.12.1/stm32cubeide/plugins/com.st.stm32cube.ide.mcu.externaltools.gnu-tools-for-stm32.10.3-2021.10.win32_1.0.200.202301161003/tools/bin/../lib/gcc/arm-none-eabi/10.3.1/../../../../arm-none-eabi/lib/thumb/v7e-m+fp/hard\libc_nano.a
LOAD c:/st/stm32cubeide_1.12.1/stm32cubeide/plugins/com.st.stm32cube.ide.mcu.externaltools.gnu-tools-for-stm32.10.3-2021.10.win32_1.0.200.202301161003/tools/bin/../lib/gcc/arm-none-eabi/10.3.1/../../../../arm-none-eabi/lib/thumb/v7e-m+fp/hard\libm.a
END GROUP
START GROUP
LOAD c:/st/stm32cubeide_1.12.1/stm32cubeide/plugins/com.st.stm32cube.ide.mcu.externaltools.gnu-tools-for-stm32.10.3-2021.10.win32_1.0.200.202301161003/tools/bin/../lib/gcc/arm-none-eabi/10.3.1/thumb/v7e-m+fp/hard\libgcc.a
LOAD c:/st/stm32cubeide_1.12.1/stm32cubeide/plugins/com.st.stm32cube.ide.mcu.externaltools.gnu-tools-for-stm32.10.3-2021.10.win32_1.0.200.202301161003/tools/bin/../lib/gcc/arm-none-eabi/10.3.1/../../../../arm-none-eabi/lib/thumb/v7e-m+fp/hard\libc_nano.a
END GROUP
START GROUP
LOAD c:/st/stm32cubeide_1.12.1/stm32cubeide/plugins/com.st.stm32cube.ide.mcu.externaltools.gnu-tools-for-stm32.10.3-2021.10.win32_1.0.200.202301161003/tools/bin/../lib/gcc/arm-none-eabi/10.3.1/thumb/v7e-m+fp/hard\libgcc.a
LOAD c:/st/stm32cubeide_1.12.1/stm32cubeide/plugins/com.st.stm32cube.ide.mcu.externaltools.gnu-tools-for-stm32.10.3-2021.10.win32_1.0.200.202301161003/tools/bin/../lib/gcc/arm-none-eabi/10.3.1/../../../../arm-none-eabi/lib/thumb/v7e-m+fp/hard\libc_nano.a
LOAD c:/st/stm32cubeide_1.12.1/stm32cubeide/plugins/com.st.stm32cube.ide.mcu.externaltools.gnu-tools-for-stm32.10.3-2021.10.win32_1.0.200.202301161003/tools/bin/../lib/gcc/arm-none-eabi/10.3.1/../../../../arm-none-eabi/lib/thumb/v7e-m+fp/hard\libnosys.a
END GROUP
START GROUP
LOAD c:/st/stm32cubeide_1.12.1/stm32cubeide/plugins/com.st.stm32cube.ide.mcu.externaltools.gnu-tools-for-stm32.10.3-2021.10.win32_1.0.200.202301161003/tools/bin/../lib/gcc/arm-none-eabi/10.3.1/thumb/v7e-m+fp/hard\libgcc.a
LOAD c:/st/stm32cubeide_1.12.1/stm32cubeide/plugins/com.st.stm32cube.ide.mcu.externaltools.gnu-tools-for-stm32.10.3-2021.10.win32_1.0.200.202301161003/tools/bin/../lib/gcc/arm-none-eabi/10.3.1/../../../../arm-none-eabi/lib/thumb/v7e-m+fp/hard\libc_nano.a
LOAD c:/st/stm32cubeide_1.12.1/stm32cubeide/plugins/com.st.stm32cube.ide.mcu.externaltools.gnu-tools-for-stm32.10.3-2021.10.win32_1.0.200.202301161003/tools/bin/../lib/gcc/arm-none-eabi/10.3.1/../../../../arm-none-eabi/lib/thumb/v7e-m+fp/hard\libnosys.a
END GROUP
LOAD c:/st/stm32cubeide_1.12.1/stm32cubeide/plugins/com.st.stm32cube.ide.mcu.externaltools.gnu-tools-for-stm32.10.3-2021.10.win32_1.0.200.202301161003/tools/bin/../lib/gcc/arm-none-eabi/10.3.1/thumb/v7e-m+fp/hard/crtend.o
LOAD c:/st/stm32cubeide_1.12.1/stm32cubeide/plugins/com.st.stm32cube.ide.mcu.externaltools.gnu-tools-for-stm32.10.3-2021.10.win32_1.0.200.202301161003/tools/bin/../lib/gcc/arm-none-eabi/10.3.1/thumb/v7e-m+fp/hard/crtn.o
                0x0000000020018000                _estack = (ORIGIN (RAM) + LENGTH (RAM))
                0x0000000000000200                _Min_Heap_Size = 0x200
                0x0000000000000400                _Min_Stack_Size = 0x400

.isr_vector     0x0000000008000000      0x194
                0x0000000008000000                . = ALIGN (0x4)
 *(.isr_vector)
 .isr_vector    0x0000000008000000      0x194 ./Startup/startup_stm32f401retx.o
                0x0000000008000000                g_pfnVectors
                0x0000000008000194                . = ALIGN (0x4)

.text           0x00000000080001a0     0x6554
                0x00000000080001a0                . = ALIGN (0x4)
 *(.text)
 .text          0x00000000080001a0       0x40 c:/st/stm32cubeide_1.12.1/stm32cubeide/plugins/com.st.stm32cube.ide.mcu.externaltools.gnu-tools-for-stm32.10.3-2021.10.win32_1.0.200.202301161003/tools/bin/../lib/gcc/arm-none-eabi/10.3.1/thumb/v7e-m+fp/hard/crtbegin.o
 .text          0x00000000080001e0       0xa0 c:/st/stm32cubeide_1.12.1/stm32cubeide/plugins/com.st.stm32cube.ide.mcu.externaltools.gnu-tools-for-stm32.10.3-2021.10.win32_1.0.200.202301161003/tools/bin/../lib/gcc/arm-none-eabi/10.3.1/../../../../arm-none-eabi/lib/thumb/v7e-m+fp/hard\libc_nano.a(lib_a-memchr.o)
                0x00000000080001e0                memchr
 *(.text*)
 .text.AppInitCommon
                0x0000000008000280       0x78 ./Src/main.o
                0x0000000008000280                AppInitCommon
 .text.AppStateManager
                0x00000000080002f8       0x50 ./Src/main.o
 .text.SetStateApp
                0x0000000008000348       0x20 ./Src/main.o
 .text.GetStateApp
                0x0000000008000368       0x18 ./Src/main.o
 .text.LoadConfiguration
                0x0000000008000380       0x24 ./Src/main.o
                0x0000000008000380                LoadConfiguration
 .text.tangDoSangLed
                0x00000000080003a4       0x34 ./Src/main.o
                0x00000000080003a4                tangDoSangLed
 .text.giamDoSangLed
                0x00000000080003d8       0x30 ./Src/main.o
                0x00000000080003d8                giamDoSangLed
 .text.DeviceStateMachine
                0x0000000008000408      0x30c ./Src/main.o
                0x0000000008000408                DeviceStateMachine
 .text.Task_multiSensorScan
                0x0000000008000714      0x104 ./Src/main.o
                0x0000000008000714                Task_multiSensorScan
 .text.MultiSensorScan
                0x0000000008000818       0x44 ./Src/main.o
                0x0000000008000818                MultiSensorScan
 .text.main     0x000000000800085c       0x22 ./Src/main.o
                0x000000000800085c                main
 *fill*         0x000000000800087e        0x2 
 .text._sbrk    0x0000000008000880       0x6c ./Src/sysmem.o
                0x0000000008000880                _sbrk
 .text.Reset_Handler
                0x00000000080008ec       0x50 ./Startup/startup_stm32f401retx.o
                0x00000000080008ec                Reset_Handler
 .text.Default_Handler
                0x000000000800093c        0x2 ./Startup/startup_stm32f401retx.o
                0x000000000800093c                EXTI2_IRQHandler
                0x000000000800093c                DebugMon_Handler
                0x000000000800093c                SPI4_IRQHandler
                0x000000000800093c                TIM1_CC_IRQHandler
                0x000000000800093c                DMA2_Stream5_IRQHandler
                0x000000000800093c                HardFault_Handler
                0x000000000800093c                DMA1_Stream5_IRQHandler
                0x000000000800093c                SDIO_IRQHandler
                0x000000000800093c                TAMP_STAMP_IRQHandler
                0x000000000800093c                PendSV_Handler
                0x000000000800093c                NMI_Handler
                0x000000000800093c                EXTI3_IRQHandler
                0x000000000800093c                TIM1_UP_TIM10_IRQHandler
                0x000000000800093c                I2C3_ER_IRQHandler
                0x000000000800093c                EXTI18_OTG_FS_WKUP_IRQHandler
                0x000000000800093c                EXTI0_IRQHandler
                0x000000000800093c                I2C2_EV_IRQHandler
                0x000000000800093c                DMA1_Stream2_IRQHandler
                0x000000000800093c                UsageFault_Handler
                0x000000000800093c                DMA2_Stream2_IRQHandler
                0x000000000800093c                SPI1_IRQHandler
                0x000000000800093c                TIM1_BRK_TIM9_IRQHandler
                0x000000000800093c                DMA2_Stream3_IRQHandler
                0x000000000800093c                USART6_IRQHandler
                0x000000000800093c                DMA2_Stream0_IRQHandler
                0x000000000800093c                TIM4_IRQHandler
                0x000000000800093c                I2C1_EV_IRQHandler
                0x000000000800093c                DMA1_Stream6_IRQHandler
                0x000000000800093c                DMA1_Stream1_IRQHandler
                0x000000000800093c                TIM3_IRQHandler
                0x000000000800093c                RCC_IRQHandler
                0x000000000800093c                Default_Handler
                0x000000000800093c                EXTI15_10_IRQHandler
                0x000000000800093c                ADC_IRQHandler
                0x000000000800093c                DMA1_Stream7_IRQHandler
                0x000000000800093c                TIM5_IRQHandler
                0x000000000800093c                DMA2_Stream7_IRQHandler
                0x000000000800093c                I2C3_EV_IRQHandler
                0x000000000800093c                EXTI9_5_IRQHandler
                0x000000000800093c                SPI2_IRQHandler
                0x000000000800093c                MemManage_Handler
                0x000000000800093c                DMA1_Stream0_IRQHandler
                0x000000000800093c                SVC_Handler
                0x000000000800093c                EXTI4_IRQHandler
                0x000000000800093c                EXTI22_RTC_WKUP_IRQHandler
                0x000000000800093c                TIM2_IRQHandler
                0x000000000800093c                EXTI16_PVD_IRQHandler
                0x000000000800093c                TIM1_TRG_COM_TIM11_IRQHandler
                0x000000000800093c                EXTI1_IRQHandler
                0x000000000800093c                EXTI17_RTC_Alarm_IRQHandler
                0x000000000800093c                I2C2_ER_IRQHandler
                0x000000000800093c                DMA2_Stream1_IRQHandler
                0x000000000800093c                FLASH_IRQHandler
                0x000000000800093c                DMA2_Stream4_IRQHandler
                0x000000000800093c                BusFault_Handler
                0x000000000800093c                USART1_IRQHandler
                0x000000000800093c                OTG_FS_IRQHandler
                0x000000000800093c                SPI3_IRQHandler
                0x000000000800093c                DMA1_Stream4_IRQHandler
                0x000000000800093c                I2C1_ER_IRQHandler
                0x000000000800093c                DMA2_Stream6_IRQHandler
                0x000000000800093c                DMA1_Stream3_IRQHandler
 *fill*         0x000000000800093e        0x2 
 .text.SystemInit
                0x0000000008000940       0x6c C:\Users\Dell\STM32CubeIDE\workspace_1.12.1\library_copy\SDK_1.0.3_NUCLEO-F401RE\lib_stm\libLibraries.a(system_stm32f4xx.o)
                0x0000000008000940                SystemInit
 .text.SystemCoreClockUpdate
                0x00000000080009ac       0xf8 C:\Users\Dell\STM32CubeIDE\workspace_1.12.1\library_copy\SDK_1.0.3_NUCLEO-F401RE\lib_stm\libLibraries.a(system_stm32f4xx.o)
                0x00000000080009ac                SystemCoreClockUpdate
 .text.SetSysClock
                0x0000000008000aa4       0xa0 C:\Users\Dell\STM32CubeIDE\workspace_1.12.1\library_copy\SDK_1.0.3_NUCLEO-F401RE\lib_stm\libLibraries.a(system_stm32f4xx.o)
 .text.EventButton_Init
                0x0000000008000b44       0x6c C:\Users\Dell\STM32CubeIDE\workspace_1.12.1\library_copy\SDK_1.0.3_NUCLEO-F401RE\lib_stm\libLibraries.a(eventbutton.o)
                0x0000000008000b44                EventButton_Init
 .text.ButtonProcessEventEdge
                0x0000000008000bb0       0x34 C:\Users\Dell\STM32CubeIDE\workspace_1.12.1\library_copy\SDK_1.0.3_NUCLEO-F401RE\lib_stm\libLibraries.a(eventbutton.o)
 .text.ButtonProcessEventPress
                0x0000000008000be4       0x48 C:\Users\Dell\STM32CubeIDE\workspace_1.12.1\library_copy\SDK_1.0.3_NUCLEO-F401RE\lib_stm\libLibraries.a(eventbutton.o)
 .text.ButtonProcessEventHold
                0x0000000008000c2c       0x5e C:\Users\Dell\STM32CubeIDE\workspace_1.12.1\library_copy\SDK_1.0.3_NUCLEO-F401RE\lib_stm\libLibraries.a(eventbutton.o)
 .text.ButtonProcessEventRelease
                0x0000000008000c8a       0x5e C:\Users\Dell\STM32CubeIDE\workspace_1.12.1\library_copy\SDK_1.0.3_NUCLEO-F401RE\lib_stm\libLibraries.a(eventbutton.o)
 .text.BuzzerControl_Init
                0x0000000008000ce8       0x2c C:\Users\Dell\STM32CubeIDE\workspace_1.12.1\library_copy\SDK_1.0.3_NUCLEO-F401RE\lib_stm\libLibraries.a(buzzer.o)
                0x0000000008000ce8                BuzzerControl_Init
 .text.BuzzOff  0x0000000008000d14       0x58 C:\Users\Dell\STM32CubeIDE\workspace_1.12.1\library_copy\SDK_1.0.3_NUCLEO-F401RE\lib_stm\libLibraries.a(buzzer.o)
 .text.BuzzPlay
                0x0000000008000d6c       0x98 C:\Users\Dell\STM32CubeIDE\workspace_1.12.1\library_copy\SDK_1.0.3_NUCLEO-F401RE\lib_stm\libLibraries.a(buzzer.o)
 .text.BuzzerControl_SetMelody
                0x0000000008000e04       0x3c C:\Users\Dell\STM32CubeIDE\workspace_1.12.1\library_copy\SDK_1.0.3_NUCLEO-F401RE\lib_stm\libLibraries.a(buzzer.o)
                0x0000000008000e04                BuzzerControl_SetMelody
 .text.BUZZTIM_InitTimer
                0x0000000008000e40       0x50 C:\Users\Dell\STM32CubeIDE\workspace_1.12.1\library_copy\SDK_1.0.3_NUCLEO-F401RE\lib_stm\libLibraries.a(buzzer.o)
 .text.BUZZTIM_InitPWMChannel
                0x0000000008000e90       0x90 C:\Users\Dell\STM32CubeIDE\workspace_1.12.1\library_copy\SDK_1.0.3_NUCLEO-F401RE\lib_stm\libLibraries.a(buzzer.o)
 .text.BuzzerControl_SetDutyCycle
                0x0000000008000f20       0x3c C:\Users\Dell\STM32CubeIDE\workspace_1.12.1\library_copy\SDK_1.0.3_NUCLEO-F401RE\lib_stm\libLibraries.a(buzzer.o)
                0x0000000008000f20                BuzzerControl_SetDutyCycle
 .text.BuzzerControl_SetPreriod
                0x0000000008000f5c       0x20 C:\Users\Dell\STM32CubeIDE\workspace_1.12.1\library_copy\SDK_1.0.3_NUCLEO-F401RE\lib_stm\libLibraries.a(buzzer.o)
                0x0000000008000f5c                BuzzerControl_SetPreriod
 .text.LedControl_Init
                0x0000000008000f7c       0x10 C:\Users\Dell\STM32CubeIDE\workspace_1.12.1\library_copy\SDK_1.0.3_NUCLEO-F401RE\lib_stm\libLibraries.a(led.o)
                0x0000000008000f7c                LedControl_Init
 .text.LedControl_SetColorIndividual
                0x0000000008000f8c       0xf8 C:\Users\Dell\STM32CubeIDE\workspace_1.12.1\library_copy\SDK_1.0.3_NUCLEO-F401RE\lib_stm\libLibraries.a(led.o)
                0x0000000008000f8c                LedControl_SetColorIndividual
 .text.LedControl_SetColorGeneral
                0x0000000008001084      0x128 C:\Users\Dell\STM32CubeIDE\workspace_1.12.1\library_copy\SDK_1.0.3_NUCLEO-F401RE\lib_stm\libLibraries.a(led.o)
                0x0000000008001084                LedControl_SetColorGeneral
 .text.LedControl_SetAllColor
                0x00000000080011ac       0x36 C:\Users\Dell\STM32CubeIDE\workspace_1.12.1\library_copy\SDK_1.0.3_NUCLEO-F401RE\lib_stm\libLibraries.a(led.o)
                0x00000000080011ac                LedControl_SetAllColor
 *fill*         0x00000000080011e2        0x2 
 .text.LEDGPIO_Config
                0x00000000080011e4       0x94 C:\Users\Dell\STM32CubeIDE\workspace_1.12.1\library_copy\SDK_1.0.3_NUCLEO-F401RE\lib_stm\libLibraries.a(led.o)
 .text.LEDTIM_Config
                0x0000000008001278       0xec C:\Users\Dell\STM32CubeIDE\workspace_1.12.1\library_copy\SDK_1.0.3_NUCLEO-F401RE\lib_stm\libLibraries.a(led.o)
 .text.EventSchedulerInit
                0x0000000008001364       0x38 C:\Users\Dell\STM32CubeIDE\workspace_1.12.1\library_copy\SDK_1.0.3_NUCLEO-F401RE\lib_stm\libLibraries.a(eventman.o)
                0x0000000008001364                EventSchedulerInit
 .text.EventSchedulerAdd
                0x000000000800139c       0x2c C:\Users\Dell\STM32CubeIDE\workspace_1.12.1\library_copy\SDK_1.0.3_NUCLEO-F401RE\lib_stm\libLibraries.a(eventman.o)
                0x000000000800139c                EventSchedulerAdd
 .text.processEventScheduler
                0x00000000080013c8       0x38 C:\Users\Dell\STM32CubeIDE\workspace_1.12.1\library_copy\SDK_1.0.3_NUCLEO-F401RE\lib_stm\libLibraries.a(eventman.o)
                0x00000000080013c8                processEventScheduler
 .text.NVIC_SetPriority
                0x0000000008001400       0x54 C:\Users\Dell\STM32CubeIDE\workspace_1.12.1\library_copy\SDK_1.0.3_NUCLEO-F401RE\lib_stm\libLibraries.a(timer.o)
 .text.SysTick_Config
                0x0000000008001454       0x44 C:\Users\Dell\STM32CubeIDE\workspace_1.12.1\library_copy\SDK_1.0.3_NUCLEO-F401RE\lib_stm\libLibraries.a(timer.o)
 .text.TimerInit
                0x0000000008001498       0x44 C:\Users\Dell\STM32CubeIDE\workspace_1.12.1\library_copy\SDK_1.0.3_NUCLEO-F401RE\lib_stm\libLibraries.a(timer.o)
                0x0000000008001498                TimerInit
 .text.TimerStart
                0x00000000080014dc       0xc4 C:\Users\Dell\STM32CubeIDE\workspace_1.12.1\library_copy\SDK_1.0.3_NUCLEO-F401RE\lib_stm\libLibraries.a(timer.o)
                0x00000000080014dc                TimerStart
 .text.TimerStop
                0x00000000080015a0       0xa0 C:\Users\Dell\STM32CubeIDE\workspace_1.12.1\library_copy\SDK_1.0.3_NUCLEO-F401RE\lib_stm\libLibraries.a(timer.o)
                0x00000000080015a0                TimerStop
 .text.GetMilSecTick
                0x0000000008001640       0x18 C:\Users\Dell\STM32CubeIDE\workspace_1.12.1\library_copy\SDK_1.0.3_NUCLEO-F401RE\lib_stm\libLibraries.a(timer.o)
                0x0000000008001640                GetMilSecTick
 .text.processTimerScheduler
                0x0000000008001658       0xf0 C:\Users\Dell\STM32CubeIDE\workspace_1.12.1\library_copy\SDK_1.0.3_NUCLEO-F401RE\lib_stm\libLibraries.a(timer.o)
                0x0000000008001658                processTimerScheduler
 .text.TimeExpired
                0x0000000008001748       0xcc C:\Users\Dell\STM32CubeIDE\workspace_1.12.1\library_copy\SDK_1.0.3_NUCLEO-F401RE\lib_stm\libLibraries.a(timer.o)
 .text.SysTick_Handler
                0x0000000008001814       0x1c C:\Users\Dell\STM32CubeIDE\workspace_1.12.1\library_copy\SDK_1.0.3_NUCLEO-F401RE\lib_stm\libLibraries.a(timer.o)
                0x0000000008001814                SysTick_Handler
 .text.LightSensor_Init
                0x0000000008001830      0x160 C:\Users\Dell\STM32CubeIDE\workspace_1.12.1\library_copy\SDK_1.0.3_NUCLEO-F401RE\lib_stm\libLibraries.a(lightsensor.o)
                0x0000000008001830                LightSensor_Init
 .text.LightSensor_MeasureUseDMAMode
                0x0000000008001990       0x18 C:\Users\Dell\STM32CubeIDE\workspace_1.12.1\library_copy\SDK_1.0.3_NUCLEO-F401RE\lib_stm\libLibraries.a(lightsensor.o)
                0x0000000008001990                LightSensor_MeasureUseDMAMode
 .text.TemHumSensor_Init
                0x00000000080019a8        0xc C:\Users\Dell\STM32CubeIDE\workspace_1.12.1\library_copy\SDK_1.0.3_NUCLEO-F401RE\lib_stm\libLibraries.a(temhumsensor.o)
                0x00000000080019a8                TemHumSensor_Init
 .text.TemHumSensor_GetTemp
                0x00000000080019b4       0x7c C:\Users\Dell\STM32CubeIDE\workspace_1.12.1\library_copy\SDK_1.0.3_NUCLEO-F401RE\lib_stm\libLibraries.a(temhumsensor.o)
                0x00000000080019b4                TemHumSensor_GetTemp
 .text.TemHumSensor_GetHumi
                0x0000000008001a30       0x78 C:\Users\Dell\STM32CubeIDE\workspace_1.12.1\library_copy\SDK_1.0.3_NUCLEO-F401RE\lib_stm\libLibraries.a(temhumsensor.o)
                0x0000000008001a30                TemHumSensor_GetHumi
 .text.CalculateCRC8
                0x0000000008001aa8       0x86 C:\Users\Dell\STM32CubeIDE\workspace_1.12.1\library_copy\SDK_1.0.3_NUCLEO-F401RE\lib_stm\libLibraries.a(temhumsensor.o)
 *fill*         0x0000000008001b2e        0x2 
 .text.i2c_config
                0x0000000008001b30       0x94 C:\Users\Dell\STM32CubeIDE\workspace_1.12.1\library_copy\SDK_1.0.3_NUCLEO-F401RE\lib_stm\libLibraries.a(temhumsensor.o)
                0x0000000008001b30                i2c_config
 .text.i2c_read_reg_expand
                0x0000000008001bc4       0xac C:\Users\Dell\STM32CubeIDE\workspace_1.12.1\library_copy\SDK_1.0.3_NUCLEO-F401RE\lib_stm\libLibraries.a(temhumsensor.o)
                0x0000000008001bc4                i2c_read_reg_expand
 .text.i2c_start
                0x0000000008001c70       0x3c C:\Users\Dell\STM32CubeIDE\workspace_1.12.1\library_copy\SDK_1.0.3_NUCLEO-F401RE\lib_stm\libLibraries.a(temhumsensor.o)
                0x0000000008001c70                i2c_start
 .text.i2c_stop
                0x0000000008001cac       0x14 C:\Users\Dell\STM32CubeIDE\workspace_1.12.1\library_copy\SDK_1.0.3_NUCLEO-F401RE\lib_stm\libLibraries.a(temhumsensor.o)
                0x0000000008001cac                i2c_stop
 .text.i2c_address_direction
                0x0000000008001cc0       0x60 C:\Users\Dell\STM32CubeIDE\workspace_1.12.1\library_copy\SDK_1.0.3_NUCLEO-F401RE\lib_stm\libLibraries.a(temhumsensor.o)
                0x0000000008001cc0                i2c_address_direction
 .text.i2c_transmit
                0x0000000008001d20       0x34 C:\Users\Dell\STM32CubeIDE\workspace_1.12.1\library_copy\SDK_1.0.3_NUCLEO-F401RE\lib_stm\libLibraries.a(temhumsensor.o)
                0x0000000008001d20                i2c_transmit
 .text.i2c_receive_ack
                0x0000000008001d54       0x30 C:\Users\Dell\STM32CubeIDE\workspace_1.12.1\library_copy\SDK_1.0.3_NUCLEO-F401RE\lib_stm\libLibraries.a(temhumsensor.o)
                0x0000000008001d54                i2c_receive_ack
 .text.i2c_receive_nack
                0x0000000008001d84       0x30 C:\Users\Dell\STM32CubeIDE\workspace_1.12.1\library_copy\SDK_1.0.3_NUCLEO-F401RE\lib_stm\libLibraries.a(temhumsensor.o)
                0x0000000008001d84                i2c_receive_nack
 .text.USART2_IRQHandler
                0x0000000008001db4       0x50 C:\Users\Dell\STM32CubeIDE\workspace_1.12.1\library_copy\SDK_1.0.3_NUCLEO-F401RE\lib_stm\libLibraries.a(serial.o)
                0x0000000008001db4                USART2_IRQHandler
 .text.delayMicroseconds
                0x0000000008001e04       0x14 C:\Users\Dell\STM32CubeIDE\workspace_1.12.1\library_copy\SDK_1.0.3_NUCLEO-F401RE\lib_stm\libLibraries.a(Ucglib.o)
 .text.ucg_gpio_init
                0x0000000008001e18       0x60 C:\Users\Dell\STM32CubeIDE\workspace_1.12.1\library_copy\SDK_1.0.3_NUCLEO-F401RE\lib_stm\libLibraries.a(Ucglib.o)
 .text.ucg_com_arduino_send_generic_SW_SPI
                0x0000000008001e78       0x74 C:\Users\Dell\STM32CubeIDE\workspace_1.12.1\library_copy\SDK_1.0.3_NUCLEO-F401RE\lib_stm\libLibraries.a(Ucglib.o)
 .text.ucg_com_arduino_generic_SW_SPI
                0x0000000008001eec      0x1ec C:\Users\Dell\STM32CubeIDE\workspace_1.12.1\library_copy\SDK_1.0.3_NUCLEO-F401RE\lib_stm\libLibraries.a(Ucglib.o)
 .text.Ucglib4WireSWSPI_begin
                0x00000000080020d8       0x38 C:\Users\Dell\STM32CubeIDE\workspace_1.12.1\library_copy\SDK_1.0.3_NUCLEO-F401RE\lib_stm\libLibraries.a(Ucglib.o)
                0x00000000080020d8                Ucglib4WireSWSPI_begin
 .text.ucg_DrawBox
                0x0000000008002110       0x56 C:\Users\Dell\STM32CubeIDE\workspace_1.12.1\library_copy\SDK_1.0.3_NUCLEO-F401RE\lib_stm\libLibraries.a(ucg_box.o)
                0x0000000008002110                ucg_DrawBox
 .text.ucg_ClearScreen
                0x0000000008002166       0x50 C:\Users\Dell\STM32CubeIDE\workspace_1.12.1\library_copy\SDK_1.0.3_NUCLEO-F401RE\lib_stm\libLibraries.a(ucg_box.o)
                0x0000000008002166                ucg_ClearScreen
 .text.ucg_ccs_init
                0x00000000080021b6       0xc0 C:\Users\Dell\STM32CubeIDE\workspace_1.12.1\library_copy\SDK_1.0.3_NUCLEO-F401RE\lib_stm\libLibraries.a(ucg_ccs.o)
                0x00000000080021b6                ucg_ccs_init
 .text.ucg_ccs_step
                0x0000000008002276       0x80 C:\Users\Dell\STM32CubeIDE\workspace_1.12.1\library_copy\SDK_1.0.3_NUCLEO-F401RE\lib_stm\libLibraries.a(ucg_ccs.o)
                0x0000000008002276                ucg_ccs_step
 .text.ucg_ccs_seek
                0x00000000080022f6       0xca C:\Users\Dell\STM32CubeIDE\workspace_1.12.1\library_copy\SDK_1.0.3_NUCLEO-F401RE\lib_stm\libLibraries.a(ucg_ccs.o)
                0x00000000080022f6                ucg_ccs_seek
 .text.ucg_dev_default_cb
                0x00000000080023c0       0x44 C:\Users\Dell\STM32CubeIDE\workspace_1.12.1\library_copy\SDK_1.0.3_NUCLEO-F401RE\lib_stm\libLibraries.a(ucg_dev_default_cb.o)
                0x00000000080023c0                ucg_dev_default_cb
 .text.ucg_ext_none
                0x0000000008002404       0x1c C:\Users\Dell\STM32CubeIDE\workspace_1.12.1\library_copy\SDK_1.0.3_NUCLEO-F401RE\lib_stm\libLibraries.a(ucg_dev_default_cb.o)
                0x0000000008002404                ucg_ext_none
 .text.ucg_handle_st7735_l90fx
                0x0000000008002420       0xd8 C:\Users\Dell\STM32CubeIDE\workspace_1.12.1\library_copy\SDK_1.0.3_NUCLEO-F401RE\lib_stm\libLibraries.a(ucg_dev_ic_st7735.o)
                0x0000000008002420                ucg_handle_st7735_l90fx
 .text.ucg_handle_st7735_l90se
                0x00000000080024f8      0x154 C:\Users\Dell\STM32CubeIDE\workspace_1.12.1\library_copy\SDK_1.0.3_NUCLEO-F401RE\lib_stm\libLibraries.a(ucg_dev_ic_st7735.o)
                0x00000000080024f8                ucg_handle_st7735_l90se
 .text.ucg_dev_ic_st7735_18
                0x000000000800264c       0xf8 C:\Users\Dell\STM32CubeIDE\workspace_1.12.1\library_copy\SDK_1.0.3_NUCLEO-F401RE\lib_stm\libLibraries.a(ucg_dev_ic_st7735.o)
                0x000000000800264c                ucg_dev_ic_st7735_18
 .text.ucg_ext_st7735_18
                0x0000000008002744       0x28 C:\Users\Dell\STM32CubeIDE\workspace_1.12.1\library_copy\SDK_1.0.3_NUCLEO-F401RE\lib_stm\libLibraries.a(ucg_dev_ic_st7735.o)
                0x0000000008002744                ucg_ext_st7735_18
 .text.ucg_PowerDown
                0x000000000800276c       0x34 C:\Users\Dell\STM32CubeIDE\workspace_1.12.1\library_copy\SDK_1.0.3_NUCLEO-F401RE\lib_stm\libLibraries.a(ucg_dev_msg_api.o)
                0x000000000800276c                ucg_PowerDown
 .text.ucg_PowerUp
                0x00000000080027a0       0x3c C:\Users\Dell\STM32CubeIDE\workspace_1.12.1\library_copy\SDK_1.0.3_NUCLEO-F401RE\lib_stm\libLibraries.a(ucg_dev_msg_api.o)
                0x00000000080027a0                ucg_PowerUp
 .text.ucg_SetClipBox
                0x00000000080027dc       0x1e C:\Users\Dell\STM32CubeIDE\workspace_1.12.1\library_copy\SDK_1.0.3_NUCLEO-F401RE\lib_stm\libLibraries.a(ucg_dev_msg_api.o)
                0x00000000080027dc                ucg_SetClipBox
 .text.ucg_SetMaxClipRange
                0x00000000080027fa       0x30 C:\Users\Dell\STM32CubeIDE\workspace_1.12.1\library_copy\SDK_1.0.3_NUCLEO-F401RE\lib_stm\libLibraries.a(ucg_dev_msg_api.o)
                0x00000000080027fa                ucg_SetMaxClipRange
 .text.ucg_GetDimension
                0x000000000800282a       0x24 C:\Users\Dell\STM32CubeIDE\workspace_1.12.1\library_copy\SDK_1.0.3_NUCLEO-F401RE\lib_stm\libLibraries.a(ucg_dev_msg_api.o)
                0x000000000800282a                ucg_GetDimension
 .text.ucg_DrawL90FXWithArg
                0x000000000800284e       0x1e C:\Users\Dell\STM32CubeIDE\workspace_1.12.1\library_copy\SDK_1.0.3_NUCLEO-F401RE\lib_stm\libLibraries.a(ucg_dev_msg_api.o)
                0x000000000800284e                ucg_DrawL90FXWithArg
 .text.ucg_dev_st7735_18x128x128
                0x000000000800286c       0x80 C:\Users\Dell\STM32CubeIDE\workspace_1.12.1\library_copy\SDK_1.0.3_NUCLEO-F401RE\lib_stm\libLibraries.a(ucg_dev_tft_128x128_st7735.o)
                0x000000000800286c                ucg_dev_st7735_18x128x128
 .text.ucg_font_get_byte
                0x00000000080028ec       0x24 C:\Users\Dell\STM32CubeIDE\workspace_1.12.1\library_copy\SDK_1.0.3_NUCLEO-F401RE\lib_stm\libLibraries.a(ucg_font.o)
 .text.ucg_font_get_word
                0x0000000008002910       0x40 C:\Users\Dell\STM32CubeIDE\workspace_1.12.1\library_copy\SDK_1.0.3_NUCLEO-F401RE\lib_stm\libLibraries.a(ucg_font.o)
 .text.ucg_read_font_info
                0x0000000008002950      0x142 C:\Users\Dell\STM32CubeIDE\workspace_1.12.1\library_copy\SDK_1.0.3_NUCLEO-F401RE\lib_stm\libLibraries.a(ucg_font.o)
                0x0000000008002950                ucg_read_font_info
 .text.ucg_font_decode_get_unsigned_bits
                0x0000000008002a92       0x96 C:\Users\Dell\STM32CubeIDE\workspace_1.12.1\library_copy\SDK_1.0.3_NUCLEO-F401RE\lib_stm\libLibraries.a(ucg_font.o)
                0x0000000008002a92                ucg_font_decode_get_unsigned_bits
 .text.ucg_font_decode_get_signed_bits
                0x0000000008002b28       0x46 C:\Users\Dell\STM32CubeIDE\workspace_1.12.1\library_copy\SDK_1.0.3_NUCLEO-F401RE\lib_stm\libLibraries.a(ucg_font.o)
                0x0000000008002b28                ucg_font_decode_get_signed_bits
 .text.ucg_add_vector_y
                0x0000000008002b6e       0x7a C:\Users\Dell\STM32CubeIDE\workspace_1.12.1\library_copy\SDK_1.0.3_NUCLEO-F401RE\lib_stm\libLibraries.a(ucg_font.o)
 .text.ucg_add_vector_x
                0x0000000008002be8       0x7a C:\Users\Dell\STM32CubeIDE\workspace_1.12.1\library_copy\SDK_1.0.3_NUCLEO-F401RE\lib_stm\libLibraries.a(ucg_font.o)
 .text.ucg_font_decode_len
                0x0000000008002c62      0x118 C:\Users\Dell\STM32CubeIDE\workspace_1.12.1\library_copy\SDK_1.0.3_NUCLEO-F401RE\lib_stm\libLibraries.a(ucg_font.o)
                0x0000000008002c62                ucg_font_decode_len
 .text.ucg_font_setup_decode
                0x0000000008002d7a       0x64 C:\Users\Dell\STM32CubeIDE\workspace_1.12.1\library_copy\SDK_1.0.3_NUCLEO-F401RE\lib_stm\libLibraries.a(ucg_font.o)
 .text.ucg_font_decode_glyph
                0x0000000008002dde      0x14c C:\Users\Dell\STM32CubeIDE\workspace_1.12.1\library_copy\SDK_1.0.3_NUCLEO-F401RE\lib_stm\libLibraries.a(ucg_font.o)
                0x0000000008002dde                ucg_font_decode_glyph
 .text.ucg_font_get_glyph_data
                0x0000000008002f2a       0x7a C:\Users\Dell\STM32CubeIDE\workspace_1.12.1\library_copy\SDK_1.0.3_NUCLEO-F401RE\lib_stm\libLibraries.a(ucg_font.o)
                0x0000000008002f2a                ucg_font_get_glyph_data
 .text.ucg_font_draw_glyph
                0x0000000008002fa4       0x62 C:\Users\Dell\STM32CubeIDE\workspace_1.12.1\library_copy\SDK_1.0.3_NUCLEO-F401RE\lib_stm\libLibraries.a(ucg_font.o)
                0x0000000008002fa4                ucg_font_draw_glyph
 .text.ucg_SetFontMode
                0x0000000008003006       0x20 C:\Users\Dell\STM32CubeIDE\workspace_1.12.1\library_copy\SDK_1.0.3_NUCLEO-F401RE\lib_stm\libLibraries.a(ucg_font.o)
                0x0000000008003006                ucg_SetFontMode
 *fill*         0x0000000008003026        0x2 
 .text.ucg_DrawGlyph
                0x0000000008003028       0xb0 C:\Users\Dell\STM32CubeIDE\workspace_1.12.1\library_copy\SDK_1.0.3_NUCLEO-F401RE\lib_stm\libLibraries.a(ucg_font.o)
                0x0000000008003028                ucg_DrawGlyph
 .text.task_drawString
                0x00000000080030d8      0x138 C:\Users\Dell\STM32CubeIDE\workspace_1.12.1\library_copy\SDK_1.0.3_NUCLEO-F401RE\lib_stm\libLibraries.a(ucg_font.o)
                0x00000000080030d8                task_drawString
 .text.ucg_DrawString
                0x0000000008003210       0x78 C:\Users\Dell\STM32CubeIDE\workspace_1.12.1\library_copy\SDK_1.0.3_NUCLEO-F401RE\lib_stm\libLibraries.a(ucg_font.o)
                0x0000000008003210                ucg_DrawString
 .text.ucg_UpdateRefHeight
                0x0000000008003288       0xd8 C:\Users\Dell\STM32CubeIDE\workspace_1.12.1\library_copy\SDK_1.0.3_NUCLEO-F401RE\lib_stm\libLibraries.a(ucg_font.o)
                0x0000000008003288                ucg_UpdateRefHeight
 .text.ucg_font_calc_vref_font
                0x0000000008003360       0x16 C:\Users\Dell\STM32CubeIDE\workspace_1.12.1\library_copy\SDK_1.0.3_NUCLEO-F401RE\lib_stm\libLibraries.a(ucg_font.o)
                0x0000000008003360                ucg_font_calc_vref_font
 *fill*         0x0000000008003376        0x2 
 .text.ucg_SetFontPosBaseline
                0x0000000008003378       0x20 C:\Users\Dell\STM32CubeIDE\workspace_1.12.1\library_copy\SDK_1.0.3_NUCLEO-F401RE\lib_stm\libLibraries.a(ucg_font.o)
                0x0000000008003378                ucg_SetFontPosBaseline
 .text.ucg_SetFont
                0x0000000008003398       0x4c C:\Users\Dell\STM32CubeIDE\workspace_1.12.1\library_copy\SDK_1.0.3_NUCLEO-F401RE\lib_stm\libLibraries.a(ucg_font.o)
                0x0000000008003398                ucg_SetFont
 .text.ucg_init_struct
                0x00000000080033e4       0x50 C:\Users\Dell\STM32CubeIDE\workspace_1.12.1\library_copy\SDK_1.0.3_NUCLEO-F401RE\lib_stm\libLibraries.a(ucg_init.o)
                0x00000000080033e4                ucg_init_struct
 .text.ucg_Init
                0x0000000008003434       0x5c C:\Users\Dell\STM32CubeIDE\workspace_1.12.1\library_copy\SDK_1.0.3_NUCLEO-F401RE\lib_stm\libLibraries.a(ucg_init.o)
                0x0000000008003434                ucg_Init
 .text.ucg_Draw90Line
                0x0000000008003490       0x88 C:\Users\Dell\STM32CubeIDE\workspace_1.12.1\library_copy\SDK_1.0.3_NUCLEO-F401RE\lib_stm\libLibraries.a(ucg_line.o)
                0x0000000008003490                ucg_Draw90Line
 .text.ucg_DrawHLine
                0x0000000008003518       0x3e C:\Users\Dell\STM32CubeIDE\workspace_1.12.1\library_copy\SDK_1.0.3_NUCLEO-F401RE\lib_stm\libLibraries.a(ucg_line.o)
                0x0000000008003518                ucg_DrawHLine
 .text.ucg_SetColor
                0x0000000008003556       0x5c C:\Users\Dell\STM32CubeIDE\workspace_1.12.1\library_copy\SDK_1.0.3_NUCLEO-F401RE\lib_stm\libLibraries.a(ucg_pixel.o)
                0x0000000008003556                ucg_SetColor
 .text.ucg_UndoRotate
                0x00000000080035b2       0x32 C:\Users\Dell\STM32CubeIDE\workspace_1.12.1\library_copy\SDK_1.0.3_NUCLEO-F401RE\lib_stm\libLibraries.a(ucg_rotate.o)
                0x00000000080035b2                ucg_UndoRotate
 .text.ucg_rotate_180_xy
                0x00000000080035e4       0x66 C:\Users\Dell\STM32CubeIDE\workspace_1.12.1\library_copy\SDK_1.0.3_NUCLEO-F401RE\lib_stm\libLibraries.a(ucg_rotate.o)
 *fill*         0x000000000800364a        0x2 
 .text.ucg_dev_rotate180
                0x000000000800364c      0x100 C:\Users\Dell\STM32CubeIDE\workspace_1.12.1\library_copy\SDK_1.0.3_NUCLEO-F401RE\lib_stm\libLibraries.a(ucg_rotate.o)
                0x000000000800364c                ucg_dev_rotate180
 .text.ucg_SetRotate180
                0x000000000800374c       0x34 C:\Users\Dell\STM32CubeIDE\workspace_1.12.1\library_copy\SDK_1.0.3_NUCLEO-F401RE\lib_stm\libLibraries.a(ucg_rotate.o)
                0x000000000800374c                ucg_SetRotate180
 .text.bufInit  0x0000000008003780       0x36 C:\Users\Dell\STM32CubeIDE\workspace_1.12.1\library_copy\SDK_1.0.3_NUCLEO-F401RE\lib_stm\libLibraries.a(buff.o)
                0x0000000008003780                bufInit
 .text.bufNumItems
                0x00000000080037b6       0x18 C:\Users\Dell\STM32CubeIDE\workspace_1.12.1\library_copy\SDK_1.0.3_NUCLEO-F401RE\lib_stm\libLibraries.a(buff.o)
                0x00000000080037b6                bufNumItems
 .text.bufIsFull
                0x00000000080037ce       0x26 C:\Users\Dell\STM32CubeIDE\workspace_1.12.1\library_copy\SDK_1.0.3_NUCLEO-F401RE\lib_stm\libLibraries.a(buff.o)
                0x00000000080037ce                bufIsFull
 .text.bufIsEmpty
                0x00000000080037f4       0x26 C:\Users\Dell\STM32CubeIDE\workspace_1.12.1\library_copy\SDK_1.0.3_NUCLEO-F401RE\lib_stm\libLibraries.a(buff.o)
                0x00000000080037f4                bufIsEmpty
 .text.bufFlush
                0x000000000800381a       0x32 C:\Users\Dell\STM32CubeIDE\workspace_1.12.1\library_copy\SDK_1.0.3_NUCLEO-F401RE\lib_stm\libLibraries.a(buff.o)
                0x000000000800381a                bufFlush
 .text.bufEnDat
                0x000000000800384c       0x9c C:\Users\Dell\STM32CubeIDE\workspace_1.12.1\library_copy\SDK_1.0.3_NUCLEO-F401RE\lib_stm\libLibraries.a(buff.o)
                0x000000000800384c                bufEnDat
 .text.bufDeDat
                0x00000000080038e8       0x84 C:\Users\Dell\STM32CubeIDE\workspace_1.12.1\library_copy\SDK_1.0.3_NUCLEO-F401RE\lib_stm\libLibraries.a(buff.o)
                0x00000000080038e8                bufDeDat
 .text.memsetl  0x000000000800396c       0x32 C:\Users\Dell\STM32CubeIDE\workspace_1.12.1\library_copy\SDK_1.0.3_NUCLEO-F401RE\lib_stm\libLibraries.a(utilities.o)
                0x000000000800396c                memsetl
 .text.ADC_DeInit
                0x000000000800399e       0x1c C:\Users\Dell\STM32CubeIDE\workspace_1.12.1\library_copy\SDK_1.0.3_NUCLEO-F401RE\lib_stm\libLibraries.a(stm32f401re_adc.o)
                0x000000000800399e                ADC_DeInit
 *fill*         0x00000000080039ba        0x2 
 .text.ADC_Init
                0x00000000080039bc       0xac C:\Users\Dell\STM32CubeIDE\workspace_1.12.1\library_copy\SDK_1.0.3_NUCLEO-F401RE\lib_stm\libLibraries.a(stm32f401re_adc.o)
                0x00000000080039bc                ADC_Init
 .text.ADC_CommonInit
                0x0000000008003a68       0x50 C:\Users\Dell\STM32CubeIDE\workspace_1.12.1\library_copy\SDK_1.0.3_NUCLEO-F401RE\lib_stm\libLibraries.a(stm32f401re_adc.o)
                0x0000000008003a68                ADC_CommonInit
 .text.ADC_Cmd  0x0000000008003ab8       0x38 C:\Users\Dell\STM32CubeIDE\workspace_1.12.1\library_copy\SDK_1.0.3_NUCLEO-F401RE\lib_stm\libLibraries.a(stm32f401re_adc.o)
                0x0000000008003ab8                ADC_Cmd
 .text.ADC_RegularChannelConfig
                0x0000000008003af0      0x194 C:\Users\Dell\STM32CubeIDE\workspace_1.12.1\library_copy\SDK_1.0.3_NUCLEO-F401RE\lib_stm\libLibraries.a(stm32f401re_adc.o)
                0x0000000008003af0                ADC_RegularChannelConfig
 .text.ADC_SoftwareStartConv
                0x0000000008003c84       0x20 C:\Users\Dell\STM32CubeIDE\workspace_1.12.1\library_copy\SDK_1.0.3_NUCLEO-F401RE\lib_stm\libLibraries.a(stm32f401re_adc.o)
                0x0000000008003c84                ADC_SoftwareStartConv
 .text.ADC_EOCOnEachRegularChannelCmd
                0x0000000008003ca4       0x38 C:\Users\Dell\STM32CubeIDE\workspace_1.12.1\library_copy\SDK_1.0.3_NUCLEO-F401RE\lib_stm\libLibraries.a(stm32f401re_adc.o)
                0x0000000008003ca4                ADC_EOCOnEachRegularChannelCmd
 .text.ADC_ContinuousModeCmd
                0x0000000008003cdc       0x38 C:\Users\Dell\STM32CubeIDE\workspace_1.12.1\library_copy\SDK_1.0.3_NUCLEO-F401RE\lib_stm\libLibraries.a(stm32f401re_adc.o)
                0x0000000008003cdc                ADC_ContinuousModeCmd
 .text.ADC_DiscModeChannelCountConfig
                0x0000000008003d14       0x44 C:\Users\Dell\STM32CubeIDE\workspace_1.12.1\library_copy\SDK_1.0.3_NUCLEO-F401RE\lib_stm\libLibraries.a(stm32f401re_adc.o)
                0x0000000008003d14                ADC_DiscModeChannelCountConfig
 .text.ADC_DiscModeCmd
                0x0000000008003d58       0x38 C:\Users\Dell\STM32CubeIDE\workspace_1.12.1\library_copy\SDK_1.0.3_NUCLEO-F401RE\lib_stm\libLibraries.a(stm32f401re_adc.o)
                0x0000000008003d58                ADC_DiscModeCmd
 .text.ADC_DMACmd
                0x0000000008003d90       0x38 C:\Users\Dell\STM32CubeIDE\workspace_1.12.1\library_copy\SDK_1.0.3_NUCLEO-F401RE\lib_stm\libLibraries.a(stm32f401re_adc.o)
                0x0000000008003d90                ADC_DMACmd
 .text.ADC_DMARequestAfterLastTransferCmd
                0x0000000008003dc8       0x38 C:\Users\Dell\STM32CubeIDE\workspace_1.12.1\library_copy\SDK_1.0.3_NUCLEO-F401RE\lib_stm\libLibraries.a(stm32f401re_adc.o)
                0x0000000008003dc8                ADC_DMARequestAfterLastTransferCmd
 .text.DMA_DeInit
                0x0000000008003e00      0x1a8 C:\Users\Dell\STM32CubeIDE\workspace_1.12.1\library_copy\SDK_1.0.3_NUCLEO-F401RE\lib_stm\libLibraries.a(stm32f401re_dma.o)
                0x0000000008003e00                DMA_DeInit
 .text.DMA_Init
                0x0000000008003fa8       0xb0 C:\Users\Dell\STM32CubeIDE\workspace_1.12.1\library_copy\SDK_1.0.3_NUCLEO-F401RE\lib_stm\libLibraries.a(stm32f401re_dma.o)
                0x0000000008003fa8                DMA_Init
 .text.DMA_Cmd  0x0000000008004058       0x38 C:\Users\Dell\STM32CubeIDE\workspace_1.12.1\library_copy\SDK_1.0.3_NUCLEO-F401RE\lib_stm\libLibraries.a(stm32f401re_dma.o)
                0x0000000008004058                DMA_Cmd
 .text.GPIO_Init
                0x0000000008004090      0x11c C:\Users\Dell\STM32CubeIDE\workspace_1.12.1\library_copy\SDK_1.0.3_NUCLEO-F401RE\lib_stm\libLibraries.a(stm32f401re_gpio.o)
                0x0000000008004090                GPIO_Init
 .text.GPIO_ReadInputDataBit
                0x00000000080041ac       0x34 C:\Users\Dell\STM32CubeIDE\workspace_1.12.1\library_copy\SDK_1.0.3_NUCLEO-F401RE\lib_stm\libLibraries.a(stm32f401re_gpio.o)
                0x00000000080041ac                GPIO_ReadInputDataBit
 .text.GPIO_SetBits
                0x00000000080041e0       0x1e C:\Users\Dell\STM32CubeIDE\workspace_1.12.1\library_copy\SDK_1.0.3_NUCLEO-F401RE\lib_stm\libLibraries.a(stm32f401re_gpio.o)
                0x00000000080041e0                GPIO_SetBits
 .text.GPIO_ResetBits
                0x00000000080041fe       0x1e C:\Users\Dell\STM32CubeIDE\workspace_1.12.1\library_copy\SDK_1.0.3_NUCLEO-F401RE\lib_stm\libLibraries.a(stm32f401re_gpio.o)
                0x00000000080041fe                GPIO_ResetBits
 .text.GPIO_WriteBit
                0x000000000800421c       0x30 C:\Users\Dell\STM32CubeIDE\workspace_1.12.1\library_copy\SDK_1.0.3_NUCLEO-F401RE\lib_stm\libLibraries.a(stm32f401re_gpio.o)
                0x000000000800421c                GPIO_WriteBit
 .text.GPIO_PinAFConfig
                0x000000000800424c       0x92 C:\Users\Dell\STM32CubeIDE\workspace_1.12.1\library_copy\SDK_1.0.3_NUCLEO-F401RE\lib_stm\libLibraries.a(stm32f401re_gpio.o)
                0x000000000800424c                GPIO_PinAFConfig
 *fill*         0x00000000080042de        0x2 
 .text.I2C_Init
                0x00000000080042e0      0x184 C:\Users\Dell\STM32CubeIDE\workspace_1.12.1\library_copy\SDK_1.0.3_NUCLEO-F401RE\lib_stm\libLibraries.a(stm32f401re_i2c.o)
                0x00000000080042e0                I2C_Init
 .text.I2C_Cmd  0x0000000008004464       0x40 C:\Users\Dell\STM32CubeIDE\workspace_1.12.1\library_copy\SDK_1.0.3_NUCLEO-F401RE\lib_stm\libLibraries.a(stm32f401re_i2c.o)
                0x0000000008004464                I2C_Cmd
 .text.I2C_GenerateSTART
                0x00000000080044a4       0x40 C:\Users\Dell\STM32CubeIDE\workspace_1.12.1\library_copy\SDK_1.0.3_NUCLEO-F401RE\lib_stm\libLibraries.a(stm32f401re_i2c.o)
                0x00000000080044a4                I2C_GenerateSTART
 .text.I2C_GenerateSTOP
                0x00000000080044e4       0x40 C:\Users\Dell\STM32CubeIDE\workspace_1.12.1\library_copy\SDK_1.0.3_NUCLEO-F401RE\lib_stm\libLibraries.a(stm32f401re_i2c.o)
                0x00000000080044e4                I2C_GenerateSTOP
 .text.I2C_Send7bitAddress
                0x0000000008004524       0x3c C:\Users\Dell\STM32CubeIDE\workspace_1.12.1\library_copy\SDK_1.0.3_NUCLEO-F401RE\lib_stm\libLibraries.a(stm32f401re_i2c.o)
                0x0000000008004524                I2C_Send7bitAddress
 .text.I2C_AcknowledgeConfig
                0x0000000008004560       0x40 C:\Users\Dell\STM32CubeIDE\workspace_1.12.1\library_copy\SDK_1.0.3_NUCLEO-F401RE\lib_stm\libLibraries.a(stm32f401re_i2c.o)
                0x0000000008004560                I2C_AcknowledgeConfig
 .text.I2C_SendData
                0x00000000080045a0       0x20 C:\Users\Dell\STM32CubeIDE\workspace_1.12.1\library_copy\SDK_1.0.3_NUCLEO-F401RE\lib_stm\libLibraries.a(stm32f401re_i2c.o)
                0x00000000080045a0                I2C_SendData
 .text.I2C_ReceiveData
                0x00000000080045c0       0x1c C:\Users\Dell\STM32CubeIDE\workspace_1.12.1\library_copy\SDK_1.0.3_NUCLEO-F401RE\lib_stm\libLibraries.a(stm32f401re_i2c.o)
                0x00000000080045c0                I2C_ReceiveData
 .text.I2C_CheckEvent
                0x00000000080045dc       0x60 C:\Users\Dell\STM32CubeIDE\workspace_1.12.1\library_copy\SDK_1.0.3_NUCLEO-F401RE\lib_stm\libLibraries.a(stm32f401re_i2c.o)
                0x00000000080045dc                I2C_CheckEvent
 .text.I2C_GetFlagStatus
                0x000000000800463c       0x66 C:\Users\Dell\STM32CubeIDE\workspace_1.12.1\library_copy\SDK_1.0.3_NUCLEO-F401RE\lib_stm\libLibraries.a(stm32f401re_i2c.o)
                0x000000000800463c                I2C_GetFlagStatus
 *fill*         0x00000000080046a2        0x2 
 .text.RCC_GetClocksFreq
                0x00000000080046a4      0x150 C:\Users\Dell\STM32CubeIDE\workspace_1.12.1\library_copy\SDK_1.0.3_NUCLEO-F401RE\lib_stm\libLibraries.a(stm32f401re_rcc.o)
                0x00000000080046a4                RCC_GetClocksFreq
 .text.RCC_AHB1PeriphClockCmd
                0x00000000080047f4       0x40 C:\Users\Dell\STM32CubeIDE\workspace_1.12.1\library_copy\SDK_1.0.3_NUCLEO-F401RE\lib_stm\libLibraries.a(stm32f401re_rcc.o)
                0x00000000080047f4                RCC_AHB1PeriphClockCmd
 .text.RCC_APB1PeriphClockCmd
                0x0000000008004834       0x40 C:\Users\Dell\STM32CubeIDE\workspace_1.12.1\library_copy\SDK_1.0.3_NUCLEO-F401RE\lib_stm\libLibraries.a(stm32f401re_rcc.o)
                0x0000000008004834                RCC_APB1PeriphClockCmd
 .text.RCC_APB2PeriphClockCmd
                0x0000000008004874       0x40 C:\Users\Dell\STM32CubeIDE\workspace_1.12.1\library_copy\SDK_1.0.3_NUCLEO-F401RE\lib_stm\libLibraries.a(stm32f401re_rcc.o)
                0x0000000008004874                RCC_APB2PeriphClockCmd
 .text.RCC_APB2PeriphResetCmd
                0x00000000080048b4       0x40 C:\Users\Dell\STM32CubeIDE\workspace_1.12.1\library_copy\SDK_1.0.3_NUCLEO-F401RE\lib_stm\libLibraries.a(stm32f401re_rcc.o)
                0x00000000080048b4                RCC_APB2PeriphResetCmd
 .text.TIM_TimeBaseInit
                0x00000000080048f4       0xd8 C:\Users\Dell\STM32CubeIDE\workspace_1.12.1\library_copy\SDK_1.0.3_NUCLEO-F401RE\lib_stm\libLibraries.a(stm32f401re_tim.o)
                0x00000000080048f4                TIM_TimeBaseInit
 .text.TIM_Cmd  0x00000000080049cc       0x40 C:\Users\Dell\STM32CubeIDE\workspace_1.12.1\library_copy\SDK_1.0.3_NUCLEO-F401RE\lib_stm\libLibraries.a(stm32f401re_tim.o)
                0x00000000080049cc                TIM_Cmd
 .text.TIM_OC1Init
                0x0000000008004a0c       0xf4 C:\Users\Dell\STM32CubeIDE\workspace_1.12.1\library_copy\SDK_1.0.3_NUCLEO-F401RE\lib_stm\libLibraries.a(stm32f401re_tim.o)
                0x0000000008004a0c                TIM_OC1Init
 .text.TIM_OC2Init
                0x0000000008004b00      0x110 C:\Users\Dell\STM32CubeIDE\workspace_1.12.1\library_copy\SDK_1.0.3_NUCLEO-F401RE\lib_stm\libLibraries.a(stm32f401re_tim.o)
                0x0000000008004b00                TIM_OC2Init
 .text.TIM_OC3Init
                0x0000000008004c10      0x10c C:\Users\Dell\STM32CubeIDE\workspace_1.12.1\library_copy\SDK_1.0.3_NUCLEO-F401RE\lib_stm\libLibraries.a(stm32f401re_tim.o)
                0x0000000008004c10                TIM_OC3Init
 .text.TIM_OC4Init
                0x0000000008004d1c       0xd0 C:\Users\Dell\STM32CubeIDE\workspace_1.12.1\library_copy\SDK_1.0.3_NUCLEO-F401RE\lib_stm\libLibraries.a(stm32f401re_tim.o)
                0x0000000008004d1c                TIM_OC4Init
 .text.TIM_SetCompare1
                0x0000000008004dec       0x1c C:\Users\Dell\STM32CubeIDE\workspace_1.12.1\library_copy\SDK_1.0.3_NUCLEO-F401RE\lib_stm\libLibraries.a(stm32f401re_tim.o)
                0x0000000008004dec                TIM_SetCompare1
 .text.TIM_SetCompare2
                0x0000000008004e08       0x1c C:\Users\Dell\STM32CubeIDE\workspace_1.12.1\library_copy\SDK_1.0.3_NUCLEO-F401RE\lib_stm\libLibraries.a(stm32f401re_tim.o)
                0x0000000008004e08                TIM_SetCompare2
 .text.TIM_SetCompare3
                0x0000000008004e24       0x1c C:\Users\Dell\STM32CubeIDE\workspace_1.12.1\library_copy\SDK_1.0.3_NUCLEO-F401RE\lib_stm\libLibraries.a(stm32f401re_tim.o)
                0x0000000008004e24                TIM_SetCompare3
 .text.TIM_SetCompare4
                0x0000000008004e40       0x1c C:\Users\Dell\STM32CubeIDE\workspace_1.12.1\library_copy\SDK_1.0.3_NUCLEO-F401RE\lib_stm\libLibraries.a(stm32f401re_tim.o)
                0x0000000008004e40                TIM_SetCompare4
 .text.TIM_CtrlPWMOutputs
                0x0000000008004e5c       0x4c C:\Users\Dell\STM32CubeIDE\workspace_1.12.1\library_copy\SDK_1.0.3_NUCLEO-F401RE\lib_stm\libLibraries.a(stm32f401re_tim.o)
                0x0000000008004e5c                TIM_CtrlPWMOutputs
 .text.USART_ReceiveData
                0x0000000008004ea8       0x20 C:\Users\Dell\STM32CubeIDE\workspace_1.12.1\library_copy\SDK_1.0.3_NUCLEO-F401RE\lib_stm\libLibraries.a(stm32f401re_usart.o)
                0x0000000008004ea8                USART_ReceiveData
 .text.USART_GetITStatus
                0x0000000008004ec8       0xb6 C:\Users\Dell\STM32CubeIDE\workspace_1.12.1\library_copy\SDK_1.0.3_NUCLEO-F401RE\lib_stm\libLibraries.a(stm32f401re_usart.o)
                0x0000000008004ec8                USART_GetITStatus
 .text.USART_ClearITPendingBit
                0x0000000008004f7e       0x3a C:\Users\Dell\STM32CubeIDE\workspace_1.12.1\library_copy\SDK_1.0.3_NUCLEO-F401RE\lib_stm\libLibraries.a(stm32f401re_usart.o)
                0x0000000008004f7e                USART_ClearITPendingBit
 .text.Button_Init
                0x0000000008004fb8       0xbc C:\Users\Dell\STM32CubeIDE\workspace_1.12.1\library_copy\SDK_1.0.3_NUCLEO-F401RE\lib_stm\libLibraries.a(button.o)
                0x0000000008004fb8                Button_Init
 .text.Button_SetMode
                0x0000000008005074       0x3c C:\Users\Dell\STM32CubeIDE\workspace_1.12.1\library_copy\SDK_1.0.3_NUCLEO-F401RE\lib_stm\libLibraries.a(button.o)
                0x0000000008005074                Button_SetMode
 .text.Button_RegisterEventCallback
                0x00000000080050b0       0x28 C:\Users\Dell\STM32CubeIDE\workspace_1.12.1\library_copy\SDK_1.0.3_NUCLEO-F401RE\lib_stm\libLibraries.a(button.o)
                0x00000000080050b0                Button_RegisterEventCallback
 .text.ButtonScanTypeEdge
                0x00000000080050d8      0x1fc C:\Users\Dell\STM32CubeIDE\workspace_1.12.1\library_copy\SDK_1.0.3_NUCLEO-F401RE\lib_stm\libLibraries.a(button.o)
 .text.ButtonScan
                0x00000000080052d4       0x4c C:\Users\Dell\STM32CubeIDE\workspace_1.12.1\library_copy\SDK_1.0.3_NUCLEO-F401RE\lib_stm\libLibraries.a(button.o)
 .text.BTNGPIO_Init
                0x0000000008005320       0x6c C:\Users\Dell\STM32CubeIDE\workspace_1.12.1\library_copy\SDK_1.0.3_NUCLEO-F401RE\lib_stm\libLibraries.a(button.o)
 .text.ucg_clip_is_x_visible
                0x000000000800538c       0x4a C:\Users\Dell\STM32CubeIDE\workspace_1.12.1\library_copy\SDK_1.0.3_NUCLEO-F401RE\lib_stm\libLibraries.a(ucg_clip.o)
 .text.ucg_clip_is_y_visible
                0x00000000080053d6       0x4a C:\Users\Dell\STM32CubeIDE\workspace_1.12.1\library_copy\SDK_1.0.3_NUCLEO-F401RE\lib_stm\libLibraries.a(ucg_clip.o)
 .text.ucg_clip_intersection
                0x0000000008005420       0x74 C:\Users\Dell\STM32CubeIDE\workspace_1.12.1\library_copy\SDK_1.0.3_NUCLEO-F401RE\lib_stm\libLibraries.a(ucg_clip.o)
 .text.ucg_clip_is_pixel_visible
                0x0000000008005494       0x32 C:\Users\Dell\STM32CubeIDE\workspace_1.12.1\library_copy\SDK_1.0.3_NUCLEO-F401RE\lib_stm\libLibraries.a(ucg_clip.o)
                0x0000000008005494                ucg_clip_is_pixel_visible
 *fill*         0x00000000080054c6        0x2 
 .text.ucg_clip_l90fx
                0x00000000080054c8      0x300 C:\Users\Dell\STM32CubeIDE\workspace_1.12.1\library_copy\SDK_1.0.3_NUCLEO-F401RE\lib_stm\libLibraries.a(ucg_clip.o)
                0x00000000080054c8                ucg_clip_l90fx
 .text.ucg_clip_l90se
                0x00000000080057c8       0x54 C:\Users\Dell\STM32CubeIDE\workspace_1.12.1\library_copy\SDK_1.0.3_NUCLEO-F401RE\lib_stm\libLibraries.a(ucg_clip.o)
                0x00000000080057c8                ucg_clip_l90se
 .text.ucg_com_PowerDown
                0x000000000800581c       0x3e C:\Users\Dell\STM32CubeIDE\workspace_1.12.1\library_copy\SDK_1.0.3_NUCLEO-F401RE\lib_stm\libLibraries.a(ucg_com_msg_api.o)
                0x000000000800581c                ucg_com_PowerDown
 .text.ucg_com_PowerUp
                0x000000000800585a       0x60 C:\Users\Dell\STM32CubeIDE\workspace_1.12.1\library_copy\SDK_1.0.3_NUCLEO-F401RE\lib_stm\libLibraries.a(ucg_com_msg_api.o)
                0x000000000800585a                ucg_com_PowerUp
 .text.ucg_com_SetLineStatus
                0x00000000080058ba       0xe2 C:\Users\Dell\STM32CubeIDE\workspace_1.12.1\library_copy\SDK_1.0.3_NUCLEO-F401RE\lib_stm\libLibraries.a(ucg_com_msg_api.o)
                0x00000000080058ba                ucg_com_SetLineStatus
 .text.ucg_com_SetResetLineStatus
                0x000000000800599c       0x20 C:\Users\Dell\STM32CubeIDE\workspace_1.12.1\library_copy\SDK_1.0.3_NUCLEO-F401RE\lib_stm\libLibraries.a(ucg_com_msg_api.o)
                0x000000000800599c                ucg_com_SetResetLineStatus
 .text.ucg_com_SetCSLineStatus
                0x00000000080059bc       0x20 C:\Users\Dell\STM32CubeIDE\workspace_1.12.1\library_copy\SDK_1.0.3_NUCLEO-F401RE\lib_stm\libLibraries.a(ucg_com_msg_api.o)
                0x00000000080059bc                ucg_com_SetCSLineStatus
 .text.ucg_com_SetCDLineStatus
                0x00000000080059dc       0x20 C:\Users\Dell\STM32CubeIDE\workspace_1.12.1\library_copy\SDK_1.0.3_NUCLEO-F401RE\lib_stm\libLibraries.a(ucg_com_msg_api.o)
                0x00000000080059dc                ucg_com_SetCDLineStatus
 .text.ucg_com_DelayMicroseconds
                0x00000000080059fc       0x22 C:\Users\Dell\STM32CubeIDE\workspace_1.12.1\library_copy\SDK_1.0.3_NUCLEO-F401RE\lib_stm\libLibraries.a(ucg_com_msg_api.o)
                0x00000000080059fc                ucg_com_DelayMicroseconds
 .text.ucg_com_DelayMilliseconds
                0x0000000008005a1e       0x2c C:\Users\Dell\STM32CubeIDE\workspace_1.12.1\library_copy\SDK_1.0.3_NUCLEO-F401RE\lib_stm\libLibraries.a(ucg_com_msg_api.o)
                0x0000000008005a1e                ucg_com_DelayMilliseconds
 .text.ucg_com_SendByte
                0x0000000008005a4a       0x24 C:\Users\Dell\STM32CubeIDE\workspace_1.12.1\library_copy\SDK_1.0.3_NUCLEO-F401RE\lib_stm\libLibraries.a(ucg_com_msg_api.o)
                0x0000000008005a4a                ucg_com_SendByte
 .text.ucg_com_SendStringP
                0x0000000008005a6e       0x40 C:\Users\Dell\STM32CubeIDE\workspace_1.12.1\library_copy\SDK_1.0.3_NUCLEO-F401RE\lib_stm\libLibraries.a(ucg_com_msg_api.o)
                0x0000000008005a6e                ucg_com_SendStringP
 .text.ucg_com_SendCmdArg
                0x0000000008005aae       0x74 C:\Users\Dell\STM32CubeIDE\workspace_1.12.1\library_copy\SDK_1.0.3_NUCLEO-F401RE\lib_stm\libLibraries.a(ucg_com_msg_api.o)
 *fill*         0x0000000008005b22        0x2 
 .text.ucg_com_SendCmdSeq
                0x0000000008005b24      0x278 C:\Users\Dell\STM32CubeIDE\workspace_1.12.1\library_copy\SDK_1.0.3_NUCLEO-F401RE\lib_stm\libLibraries.a(ucg_com_msg_api.o)
                0x0000000008005b24                ucg_com_SendCmdSeq
 .text.__errno  0x0000000008005d9c        0xc c:/st/stm32cubeide_1.12.1/stm32cubeide/plugins/com.st.stm32cube.ide.mcu.externaltools.gnu-tools-for-stm32.10.3-2021.10.win32_1.0.200.202301161003/tools/bin/../lib/gcc/arm-none-eabi/10.3.1/../../../../arm-none-eabi/lib/thumb/v7e-m+fp/hard\libc_nano.a(lib_a-errno.o)
                0x0000000008005d9c                __errno
 .text.__libc_init_array
                0x0000000008005da8       0x48 c:/st/stm32cubeide_1.12.1/stm32cubeide/plugins/com.st.stm32cube.ide.mcu.externaltools.gnu-tools-for-stm32.10.3-2021.10.win32_1.0.200.202301161003/tools/bin/../lib/gcc/arm-none-eabi/10.3.1/../../../../arm-none-eabi/lib/thumb/v7e-m+fp/hard\libc_nano.a(lib_a-init.o)
                0x0000000008005da8                __libc_init_array
 .text.memset   0x0000000008005df0       0x10 c:/st/stm32cubeide_1.12.1/stm32cubeide/plugins/com.st.stm32cube.ide.mcu.externaltools.gnu-tools-for-stm32.10.3-2021.10.win32_1.0.200.202301161003/tools/bin/../lib/gcc/arm-none-eabi/10.3.1/../../../../arm-none-eabi/lib/thumb/v7e-m+fp/hard\libc_nano.a(lib_a-memset.o)
                0x0000000008005df0                memset
 .text.sprintf  0x0000000008005e00       0x40 c:/st/stm32cubeide_1.12.1/stm32cubeide/plugins/com.st.stm32cube.ide.mcu.externaltools.gnu-tools-for-stm32.10.3-2021.10.win32_1.0.200.202301161003/tools/bin/../lib/gcc/arm-none-eabi/10.3.1/../../../../arm-none-eabi/lib/thumb/v7e-m+fp/hard\libc_nano.a(lib_a-sprintf.o)
                0x0000000008005e00                siprintf
                0x0000000008005e00                sprintf
 .text.__ssputs_r
                0x0000000008005e40       0xb6 c:/st/stm32cubeide_1.12.1/stm32cubeide/plugins/com.st.stm32cube.ide.mcu.externaltools.gnu-tools-for-stm32.10.3-2021.10.win32_1.0.200.202301161003/tools/bin/../lib/gcc/arm-none-eabi/10.3.1/../../../../arm-none-eabi/lib/thumb/v7e-m+fp/hard\libc_nano.a(lib_a-nano-svfprintf.o)
                0x0000000008005e40                __ssputs_r
 *fill*         0x0000000008005ef6        0x2 
 .text._svfprintf_r
                0x0000000008005ef8      0x200 c:/st/stm32cubeide_1.12.1/stm32cubeide/plugins/com.st.stm32cube.ide.mcu.externaltools.gnu-tools-for-stm32.10.3-2021.10.win32_1.0.200.202301161003/tools/bin/../lib/gcc/arm-none-eabi/10.3.1/../../../../arm-none-eabi/lib/thumb/v7e-m+fp/hard\libc_nano.a(lib_a-nano-svfprintf.o)
                0x0000000008005ef8                _svfiprintf_r
                0x0000000008005ef8                _svfprintf_r
 .text._printf_common
                0x00000000080060f8       0xda c:/st/stm32cubeide_1.12.1/stm32cubeide/plugins/com.st.stm32cube.ide.mcu.externaltools.gnu-tools-for-stm32.10.3-2021.10.win32_1.0.200.202301161003/tools/bin/../lib/gcc/arm-none-eabi/10.3.1/../../../../arm-none-eabi/lib/thumb/v7e-m+fp/hard\libc_nano.a(lib_a-nano-vfprintf_i.o)
                0x00000000080060f8                _printf_common
 *fill*         0x00000000080061d2        0x2 
 .text._printf_i
                0x00000000080061d4      0x24c c:/st/stm32cubeide_1.12.1/stm32cubeide/plugins/com.st.stm32cube.ide.mcu.externaltools.gnu-tools-for-stm32.10.3-2021.10.win32_1.0.200.202301161003/tools/bin/../lib/gcc/arm-none-eabi/10.3.1/../../../../arm-none-eabi/lib/thumb/v7e-m+fp/hard\libc_nano.a(lib_a-nano-vfprintf_i.o)
                0x00000000080061d4                _printf_i
 .text.memcpy   0x0000000008006420       0x1c c:/st/stm32cubeide_1.12.1/stm32cubeide/plugins/com.st.stm32cube.ide.mcu.externaltools.gnu-tools-for-stm32.10.3-2021.10.win32_1.0.200.202301161003/tools/bin/../lib/gcc/arm-none-eabi/10.3.1/../../../../arm-none-eabi/lib/thumb/v7e-m+fp/hard\libc_nano.a(lib_a-memcpy-stub.o)
                0x0000000008006420                memcpy
 .text.memmove  0x000000000800643c       0x34 c:/st/stm32cubeide_1.12.1/stm32cubeide/plugins/com.st.stm32cube.ide.mcu.externaltools.gnu-tools-for-stm32.10.3-2021.10.win32_1.0.200.202301161003/tools/bin/../lib/gcc/arm-none-eabi/10.3.1/../../../../arm-none-eabi/lib/thumb/v7e-m+fp/hard\libc_nano.a(lib_a-memmove.o)
                0x000000000800643c                memmove
 .text._free_r  0x0000000008006470       0x98 c:/st/stm32cubeide_1.12.1/stm32cubeide/plugins/com.st.stm32cube.ide.mcu.externaltools.gnu-tools-for-stm32.10.3-2021.10.win32_1.0.200.202301161003/tools/bin/../lib/gcc/arm-none-eabi/10.3.1/../../../../arm-none-eabi/lib/thumb/v7e-m+fp/hard\libc_nano.a(lib_a-nano-freer.o)
                0x0000000008006470                _free_r
 .text.sbrk_aligned
                0x0000000008006508       0x40 c:/st/stm32cubeide_1.12.1/stm32cubeide/plugins/com.st.stm32cube.ide.mcu.externaltools.gnu-tools-for-stm32.10.3-2021.10.win32_1.0.200.202301161003/tools/bin/../lib/gcc/arm-none-eabi/10.3.1/../../../../arm-none-eabi/lib/thumb/v7e-m+fp/hard\libc_nano.a(lib_a-nano-mallocr.o)
 .text._malloc_r
                0x0000000008006548       0xe8 c:/st/stm32cubeide_1.12.1/stm32cubeide/plugins/com.st.stm32cube.ide.mcu.externaltools.gnu-tools-for-stm32.10.3-2021.10.win32_1.0.200.202301161003/tools/bin/../lib/gcc/arm-none-eabi/10.3.1/../../../../arm-none-eabi/lib/thumb/v7e-m+fp/hard\libc_nano.a(lib_a-nano-mallocr.o)
                0x0000000008006548                _malloc_r
 .text._realloc_r
                0x0000000008006630       0x5e c:/st/stm32cubeide_1.12.1/stm32cubeide/plugins/com.st.stm32cube.ide.mcu.externaltools.gnu-tools-for-stm32.10.3-2021.10.win32_1.0.200.202301161003/tools/bin/../lib/gcc/arm-none-eabi/10.3.1/../../../../arm-none-eabi/lib/thumb/v7e-m+fp/hard\libc_nano.a(lib_a-nano-reallocr.o)
                0x0000000008006630                _realloc_r
 *fill*         0x000000000800668e        0x2 
 .text._sbrk_r  0x0000000008006690       0x20 c:/st/stm32cubeide_1.12.1/stm32cubeide/plugins/com.st.stm32cube.ide.mcu.externaltools.gnu-tools-for-stm32.10.3-2021.10.win32_1.0.200.202301161003/tools/bin/../lib/gcc/arm-none-eabi/10.3.1/../../../../arm-none-eabi/lib/thumb/v7e-m+fp/hard\libc_nano.a(lib_a-sbrkr.o)
                0x0000000008006690                _sbrk_r
 .text.__malloc_lock
                0x00000000080066b0        0xc c:/st/stm32cubeide_1.12.1/stm32cubeide/plugins/com.st.stm32cube.ide.mcu.externaltools.gnu-tools-for-stm32.10.3-2021.10.win32_1.0.200.202301161003/tools/bin/../lib/gcc/arm-none-eabi/10.3.1/../../../../arm-none-eabi/lib/thumb/v7e-m+fp/hard\libc_nano.a(lib_a-mlock.o)
                0x00000000080066b0                __malloc_lock
 .text.__malloc_unlock
                0x00000000080066bc        0xc c:/st/stm32cubeide_1.12.1/stm32cubeide/plugins/com.st.stm32cube.ide.mcu.externaltools.gnu-tools-for-stm32.10.3-2021.10.win32_1.0.200.202301161003/tools/bin/../lib/gcc/arm-none-eabi/10.3.1/../../../../arm-none-eabi/lib/thumb/v7e-m+fp/hard\libc_nano.a(lib_a-mlock.o)
                0x00000000080066bc                __malloc_unlock
 .text._malloc_usable_size_r
                0x00000000080066c8       0x10 c:/st/stm32cubeide_1.12.1/stm32cubeide/plugins/com.st.stm32cube.ide.mcu.externaltools.gnu-tools-for-stm32.10.3-2021.10.win32_1.0.200.202301161003/tools/bin/../lib/gcc/arm-none-eabi/10.3.1/../../../../arm-none-eabi/lib/thumb/v7e-m+fp/hard\libc_nano.a(lib_a-nano-msizer.o)
                0x00000000080066c8                _malloc_usable_size_r
 .text.__retarget_lock_acquire_recursive
                0x00000000080066d8        0x2 c:/st/stm32cubeide_1.12.1/stm32cubeide/plugins/com.st.stm32cube.ide.mcu.externaltools.gnu-tools-for-stm32.10.3-2021.10.win32_1.0.200.202301161003/tools/bin/../lib/gcc/arm-none-eabi/10.3.1/../../../../arm-none-eabi/lib/thumb/v7e-m+fp/hard\libc_nano.a(lib_a-lock.o)
                0x00000000080066d8                __retarget_lock_acquire_recursive
 .text.__retarget_lock_release_recursive
                0x00000000080066da        0x2 c:/st/stm32cubeide_1.12.1/stm32cubeide/plugins/com.st.stm32cube.ide.mcu.externaltools.gnu-tools-for-stm32.10.3-2021.10.win32_1.0.200.202301161003/tools/bin/../lib/gcc/arm-none-eabi/10.3.1/../../../../arm-none-eabi/lib/thumb/v7e-m+fp/hard\libc_nano.a(lib_a-lock.o)
                0x00000000080066da                __retarget_lock_release_recursive
 *(.glue_7)
 .glue_7        0x00000000080066dc        0x0 linker stubs
 *(.glue_7t)
 .glue_7t       0x00000000080066dc        0x0 linker stubs
 *(.eh_frame)
 .eh_frame      0x00000000080066dc        0x0 c:/st/stm32cubeide_1.12.1/stm32cubeide/plugins/com.st.stm32cube.ide.mcu.externaltools.gnu-tools-for-stm32.10.3-2021.10.win32_1.0.200.202301161003/tools/bin/../lib/gcc/arm-none-eabi/10.3.1/thumb/v7e-m+fp/hard/crtbegin.o
 *(.init)
 .init          0x00000000080066dc        0x4 c:/st/stm32cubeide_1.12.1/stm32cubeide/plugins/com.st.stm32cube.ide.mcu.externaltools.gnu-tools-for-stm32.10.3-2021.10.win32_1.0.200.202301161003/tools/bin/../lib/gcc/arm-none-eabi/10.3.1/thumb/v7e-m+fp/hard/crti.o
                0x00000000080066dc                _init
 .init          0x00000000080066e0        0x8 c:/st/stm32cubeide_1.12.1/stm32cubeide/plugins/com.st.stm32cube.ide.mcu.externaltools.gnu-tools-for-stm32.10.3-2021.10.win32_1.0.200.202301161003/tools/bin/../lib/gcc/arm-none-eabi/10.3.1/thumb/v7e-m+fp/hard/crtn.o
 *(.fini)
 .fini          0x00000000080066e8        0x4 c:/st/stm32cubeide_1.12.1/stm32cubeide/plugins/com.st.stm32cube.ide.mcu.externaltools.gnu-tools-for-stm32.10.3-2021.10.win32_1.0.200.202301161003/tools/bin/../lib/gcc/arm-none-eabi/10.3.1/thumb/v7e-m+fp/hard/crti.o
                0x00000000080066e8                _fini
 .fini          0x00000000080066ec        0x8 c:/st/stm32cubeide_1.12.1/stm32cubeide/plugins/com.st.stm32cube.ide.mcu.externaltools.gnu-tools-for-stm32.10.3-2021.10.win32_1.0.200.202301161003/tools/bin/../lib/gcc/arm-none-eabi/10.3.1/thumb/v7e-m+fp/hard/crtn.o
                0x00000000080066f4                . = ALIGN (0x4)
                0x00000000080066f4                _etext = .

.vfp11_veneer   0x00000000080066f4        0x0
 .vfp11_veneer  0x00000000080066f4        0x0 linker stubs

.v4_bx          0x00000000080066f4        0x0
 .v4_bx         0x00000000080066f4        0x0 linker stubs

.iplt           0x00000000080066f4        0x0
 .iplt          0x00000000080066f4        0x0 c:/st/stm32cubeide_1.12.1/stm32cubeide/plugins/com.st.stm32cube.ide.mcu.externaltools.gnu-tools-for-stm32.10.3-2021.10.win32_1.0.200.202301161003/tools/bin/../lib/gcc/arm-none-eabi/10.3.1/thumb/v7e-m+fp/hard/crtbegin.o

.rodata         0x00000000080066f4      0xb74
                0x00000000080066f4                . = ALIGN (0x4)
 *(.rodata)
 .rodata        0x00000000080066f4      0x195 ./Src/main.o
 *fill*         0x0000000008006889        0x3 
 .rodata        0x000000000800688c        0x5 C:\Users\Dell\STM32CubeIDE\workspace_1.12.1\library_copy\SDK_1.0.3_NUCLEO-F401RE\lib_stm\libLibraries.a(buzzer.o)
 *fill*         0x0000000008006891        0x3 
 .rodata        0x0000000008006894       0x16 C:\Users\Dell\STM32CubeIDE\workspace_1.12.1\library_copy\SDK_1.0.3_NUCLEO-F401RE\lib_stm\libLibraries.a(temhumsensor.o)
 *fill*         0x00000000080068aa        0x2 
 .rodata        0x00000000080068ac        0xf C:\Users\Dell\STM32CubeIDE\workspace_1.12.1\library_copy\SDK_1.0.3_NUCLEO-F401RE\lib_stm\libLibraries.a(ucg_font.o)
 *fill*         0x00000000080068bb        0x1 
 .rodata        0x00000000080068bc        0x1 C:\Users\Dell\STM32CubeIDE\workspace_1.12.1\library_copy\SDK_1.0.3_NUCLEO-F401RE\lib_stm\libLibraries.a(button.o)
 *(.rodata*)
 *fill*         0x00000000080068bd        0x3 
 .rodata.pinBuzz
                0x00000000080068c0        0x8 C:\Users\Dell\STM32CubeIDE\workspace_1.12.1\library_copy\SDK_1.0.3_NUCLEO-F401RE\lib_stm\libLibraries.a(buzzer.o)
 .rodata.ucg_st7735_set_pos_seq
                0x00000000080068c8       0x1e C:\Users\Dell\STM32CubeIDE\workspace_1.12.1\library_copy\SDK_1.0.3_NUCLEO-F401RE\lib_stm\libLibraries.a(ucg_dev_ic_st7735.o)
                0x00000000080068c8                ucg_st7735_set_pos_seq
 *fill*         0x00000000080068e6        0x2 
 .rodata.ucg_st7735_set_pos_dir0_seq
                0x00000000080068e8       0x1e C:\Users\Dell\STM32CubeIDE\workspace_1.12.1\library_copy\SDK_1.0.3_NUCLEO-F401RE\lib_stm\libLibraries.a(ucg_dev_ic_st7735.o)
                0x00000000080068e8                ucg_st7735_set_pos_dir0_seq
 *fill*         0x0000000008006906        0x2 
 .rodata.ucg_st7735_set_pos_dir1_seq
                0x0000000008006908       0x21 C:\Users\Dell\STM32CubeIDE\workspace_1.12.1\library_copy\SDK_1.0.3_NUCLEO-F401RE\lib_stm\libLibraries.a(ucg_dev_ic_st7735.o)
                0x0000000008006908                ucg_st7735_set_pos_dir1_seq
 *fill*         0x0000000008006929        0x3 
 .rodata.ucg_st7735_set_pos_dir2_seq
                0x000000000800692c       0x21 C:\Users\Dell\STM32CubeIDE\workspace_1.12.1\library_copy\SDK_1.0.3_NUCLEO-F401RE\lib_stm\libLibraries.a(ucg_dev_ic_st7735.o)
                0x000000000800692c                ucg_st7735_set_pos_dir2_seq
 *fill*         0x000000000800694d        0x3 
 .rodata.ucg_st7735_set_pos_dir3_seq
                0x0000000008006950       0x24 C:\Users\Dell\STM32CubeIDE\workspace_1.12.1\library_copy\SDK_1.0.3_NUCLEO-F401RE\lib_stm\libLibraries.a(ucg_dev_ic_st7735.o)
                0x0000000008006950                ucg_st7735_set_pos_dir3_seq
 .rodata.ucg_st7735_power_down_seq
                0x0000000008006974        0x7 C:\Users\Dell\STM32CubeIDE\workspace_1.12.1\library_copy\SDK_1.0.3_NUCLEO-F401RE\lib_stm\libLibraries.a(ucg_dev_ic_st7735.o)
 *fill*         0x000000000800697b        0x1 
 .rodata.ucg_tft_128x160_st7735_init_seq
                0x000000000800697c       0x2c C:\Users\Dell\STM32CubeIDE\workspace_1.12.1\library_copy\SDK_1.0.3_NUCLEO-F401RE\lib_stm\libLibraries.a(ucg_dev_tft_128x128_st7735.o)
 .rodata.ucg_font_helvR08_tf
                0x00000000080069a8      0x88b C:\Users\Dell\STM32CubeIDE\workspace_1.12.1\library_copy\SDK_1.0.3_NUCLEO-F401RE\lib_stm\libLibraries.a(ucg_pixel_font_data.o)
                0x00000000080069a8                ucg_font_helvR08_tf
 .rodata._svfprintf_r.str1.1
                0x0000000008007233       0x11 c:/st/stm32cubeide_1.12.1/stm32cubeide/plugins/com.st.stm32cube.ide.mcu.externaltools.gnu-tools-for-stm32.10.3-2021.10.win32_1.0.200.202301161003/tools/bin/../lib/gcc/arm-none-eabi/10.3.1/../../../../arm-none-eabi/lib/thumb/v7e-m+fp/hard\libc_nano.a(lib_a-nano-svfprintf.o)
 .rodata._printf_i.str1.1
                0x0000000008007244       0x22 c:/st/stm32cubeide_1.12.1/stm32cubeide/plugins/com.st.stm32cube.ide.mcu.externaltools.gnu-tools-for-stm32.10.3-2021.10.win32_1.0.200.202301161003/tools/bin/../lib/gcc/arm-none-eabi/10.3.1/../../../../arm-none-eabi/lib/thumb/v7e-m+fp/hard\libc_nano.a(lib_a-nano-vfprintf_i.o)
                0x0000000008007268                . = ALIGN (0x4)
 *fill*         0x0000000008007266        0x2 

.rel.dyn        0x0000000008007268        0x0
 .rel.iplt      0x0000000008007268        0x0 c:/st/stm32cubeide_1.12.1/stm32cubeide/plugins/com.st.stm32cube.ide.mcu.externaltools.gnu-tools-for-stm32.10.3-2021.10.win32_1.0.200.202301161003/tools/bin/../lib/gcc/arm-none-eabi/10.3.1/thumb/v7e-m+fp/hard/crtbegin.o

.ARM.extab      0x0000000008007268        0x0
                0x0000000008007268                . = ALIGN (0x4)
 *(.ARM.extab* .gnu.linkonce.armextab.*)
                0x0000000008007268                . = ALIGN (0x4)

.ARM            0x0000000008007268        0x0
                0x0000000008007268                . = ALIGN (0x4)
                0x0000000008007268                __exidx_start = .
 *(.ARM.exidx*)
                0x0000000008007268                __exidx_end = .
                0x0000000008007268                . = ALIGN (0x4)

.preinit_array  0x0000000008007268        0x0
                0x0000000008007268                . = ALIGN (0x4)
                0x0000000008007268                PROVIDE (__preinit_array_start = .)
 *(.preinit_array*)
                0x0000000008007268                PROVIDE (__preinit_array_end = .)
                0x0000000008007268                . = ALIGN (0x4)

.init_array     0x0000000008007268        0x4
                0x0000000008007268                . = ALIGN (0x4)
                0x0000000008007268                PROVIDE (__init_array_start = .)
 *(SORT_BY_NAME(.init_array.*))
 *(.init_array*)
 .init_array    0x0000000008007268        0x4 c:/st/stm32cubeide_1.12.1/stm32cubeide/plugins/com.st.stm32cube.ide.mcu.externaltools.gnu-tools-for-stm32.10.3-2021.10.win32_1.0.200.202301161003/tools/bin/../lib/gcc/arm-none-eabi/10.3.1/thumb/v7e-m+fp/hard/crtbegin.o
                0x000000000800726c                PROVIDE (__init_array_end = .)
                0x000000000800726c                . = ALIGN (0x4)

.fini_array     0x000000000800726c        0x4
                0x000000000800726c                . = ALIGN (0x4)
                [!provide]                        PROVIDE (__fini_array_start = .)
 *(SORT_BY_NAME(.fini_array.*))
 *(.fini_array*)
 .fini_array    0x000000000800726c        0x4 c:/st/stm32cubeide_1.12.1/stm32cubeide/plugins/com.st.stm32cube.ide.mcu.externaltools.gnu-tools-for-stm32.10.3-2021.10.win32_1.0.200.202301161003/tools/bin/../lib/gcc/arm-none-eabi/10.3.1/thumb/v7e-m+fp/hard/crtbegin.o
                [!provide]                        PROVIDE (__fini_array_end = .)
                0x0000000008007270                . = ALIGN (0x4)
                0x0000000008007270                _sidata = LOADADDR (.data)

.data           0x0000000020000000       0xcc load address 0x0000000008007270
                0x0000000020000000                . = ALIGN (0x4)
                0x0000000020000000                _sdata = .
 *(.data)
 *(.data*)
 .data.SystemCoreClock
                0x0000000020000000        0x4 C:\Users\Dell\STM32CubeIDE\workspace_1.12.1\library_copy\SDK_1.0.3_NUCLEO-F401RE\lib_stm\libLibraries.a(system_stm32f4xx.o)
                0x0000000020000000                SystemCoreClock
 .data.AHBPrescTable
                0x0000000020000004       0x10 C:\Users\Dell\STM32CubeIDE\workspace_1.12.1\library_copy\SDK_1.0.3_NUCLEO-F401RE\lib_stm\libLibraries.a(system_stm32f4xx.o)
                0x0000000020000004                AHBPrescTable
 .data.idBuzz   0x0000000020000014        0x1 C:\Users\Dell\STM32CubeIDE\workspace_1.12.1\library_copy\SDK_1.0.3_NUCLEO-F401RE\lib_stm\libLibraries.a(buzzer.o)
 *fill*         0x0000000020000015        0x3 
 .data.pbeep    0x0000000020000018        0x8 C:\Users\Dell\STM32CubeIDE\workspace_1.12.1\library_copy\SDK_1.0.3_NUCLEO-F401RE\lib_stm\libLibraries.a(melody.o)
                0x0000000020000018                pbeep
 .data.g_byTimeWaitGetTemp
                0x0000000020000020        0x1 C:\Users\Dell\STM32CubeIDE\workspace_1.12.1\library_copy\SDK_1.0.3_NUCLEO-F401RE\lib_stm\libLibraries.a(temhumsensor.o)
 .data.g_byTimeWaitGetHumi
                0x0000000020000021        0x1 C:\Users\Dell\STM32CubeIDE\workspace_1.12.1\library_copy\SDK_1.0.3_NUCLEO-F401RE\lib_stm\libLibraries.a(temhumsensor.o)
 .data.idTaskScanDecodeLen
                0x0000000020000022        0x1 C:\Users\Dell\STM32CubeIDE\workspace_1.12.1\library_copy\SDK_1.0.3_NUCLEO-F401RE\lib_stm\libLibraries.a(ucg_font.o)
 *fill*         0x0000000020000023        0x1 
 .data.APBAHBPrescTable
                0x0000000020000024       0x10 C:\Users\Dell\STM32CubeIDE\workspace_1.12.1\library_copy\SDK_1.0.3_NUCLEO-F401RE\lib_stm\libLibraries.a(stm32f401re_rcc.o)
 .data.pinBtnPad
                0x0000000020000034       0x30 C:\Users\Dell\STM32CubeIDE\workspace_1.12.1\library_copy\SDK_1.0.3_NUCLEO-F401RE\lib_stm\libLibraries.a(button.o)
 .data.idTaskScanButton
                0x0000000020000064        0x1 C:\Users\Dell\STM32CubeIDE\workspace_1.12.1\library_copy\SDK_1.0.3_NUCLEO-F401RE\lib_stm\libLibraries.a(button.o)
 *fill*         0x0000000020000065        0x3 
 .data._impure_ptr
                0x0000000020000068        0x4 c:/st/stm32cubeide_1.12.1/stm32cubeide/plugins/com.st.stm32cube.ide.mcu.externaltools.gnu-tools-for-stm32.10.3-2021.10.win32_1.0.200.202301161003/tools/bin/../lib/gcc/arm-none-eabi/10.3.1/../../../../arm-none-eabi/lib/thumb/v7e-m+fp/hard\libc_nano.a(lib_a-impure.o)
                0x0000000020000068                _impure_ptr
 .data.impure_data
                0x000000002000006c       0x60 c:/st/stm32cubeide_1.12.1/stm32cubeide/plugins/com.st.stm32cube.ide.mcu.externaltools.gnu-tools-for-stm32.10.3-2021.10.win32_1.0.200.202301161003/tools/bin/../lib/gcc/arm-none-eabi/10.3.1/../../../../arm-none-eabi/lib/thumb/v7e-m+fp/hard\libc_nano.a(lib_a-impure.o)
 *(.RamFunc)
 *(.RamFunc*)
                0x00000000200000cc                . = ALIGN (0x4)
                0x00000000200000cc                _edata = .

.igot.plt       0x00000000200000cc        0x0 load address 0x000000000800733c
 .igot.plt      0x00000000200000cc        0x0 c:/st/stm32cubeide_1.12.1/stm32cubeide/plugins/com.st.stm32cube.ide.mcu.externaltools.gnu-tools-for-stm32.10.3-2021.10.win32_1.0.200.202301161003/tools/bin/../lib/gcc/arm-none-eabi/10.3.1/thumb/v7e-m+fp/hard/crtbegin.o
                0x00000000200000cc                . = ALIGN (0x4)

.bss            0x00000000200000cc     0x1440 load address 0x000000000800733c
                0x00000000200000cc                _sbss = .
                0x00000000200000cc                __bss_start__ = _sbss
 *(.bss)
 .bss           0x00000000200000cc       0x1c c:/st/stm32cubeide_1.12.1/stm32cubeide/plugins/com.st.stm32cube.ide.mcu.externaltools.gnu-tools-for-stm32.10.3-2021.10.win32_1.0.200.202301161003/tools/bin/../lib/gcc/arm-none-eabi/10.3.1/thumb/v7e-m+fp/hard/crtbegin.o
 *(.bss*)
 .bss.ucg       0x00000000200000e8       0xb4 ./Src/main.o
 .bss.eCurrentState
                0x000000002000019c        0x1 ./Src/main.o
                0x000000002000019c                eCurrentState
 .bss.LevelLed  0x000000002000019d        0x1 ./Src/main.o
                0x000000002000019d                LevelLed
 *fill*         0x000000002000019e        0x2 
 .bss.__sbrk_heap_end
                0x00000000200001a0        0x4 ./Src/sysmem.o
 .bss.bBuzzInit
                0x00000000200001a4        0x1 C:\Users\Dell\STM32CubeIDE\workspace_1.12.1\library_copy\SDK_1.0.3_NUCLEO-F401RE\lib_stm\libLibraries.a(buzzer.o)
 *fill*         0x00000000200001a5        0x3 
 .bss.gpToneList
                0x00000000200001a8        0x4 C:\Users\Dell\STM32CubeIDE\workspace_1.12.1\library_copy\SDK_1.0.3_NUCLEO-F401RE\lib_stm\libLibraries.a(buzzer.o)
 .bss.g_brightnessLed
                0x00000000200001ac        0x1 C:\Users\Dell\STM32CubeIDE\workspace_1.12.1\library_copy\SDK_1.0.3_NUCLEO-F401RE\lib_stm\libLibraries.a(led.o)
 *fill*         0x00000000200001ad        0x3 
 .bss.pAppStateFunc
                0x00000000200001b0        0x4 C:\Users\Dell\STM32CubeIDE\workspace_1.12.1\library_copy\SDK_1.0.3_NUCLEO-F401RE\lib_stm\libLibraries.a(eventman.o)
 .bss.pBuffEvent
                0x00000000200001b4      0x100 C:\Users\Dell\STM32CubeIDE\workspace_1.12.1\library_copy\SDK_1.0.3_NUCLEO-F401RE\lib_stm\libLibraries.a(eventman.o)
 .bss.eventQueue
                0x00000000200002b4       0x10 C:\Users\Dell\STM32CubeIDE\workspace_1.12.1\library_copy\SDK_1.0.3_NUCLEO-F401RE\lib_stm\libLibraries.a(eventman.o)
 .bss.g_pTimerHandle
                0x00000000200002c4      0x180 C:\Users\Dell\STM32CubeIDE\workspace_1.12.1\library_copy\SDK_1.0.3_NUCLEO-F401RE\lib_stm\libLibraries.a(timer.o)
 .bss.g_wMilSecTickTimer
                0x0000000020000444        0x4 C:\Users\Dell\STM32CubeIDE\workspace_1.12.1\library_copy\SDK_1.0.3_NUCLEO-F401RE\lib_stm\libLibraries.a(timer.o)
 .bss.uhADCConvertedValue
                0x0000000020000448        0x2 C:\Users\Dell\STM32CubeIDE\workspace_1.12.1\library_copy\SDK_1.0.3_NUCLEO-F401RE\lib_stm\libLibraries.a(lightsensor.o)
 *fill*         0x000000002000044a        0x2 
 .bss.g_pUartQueueRx
                0x000000002000044c        0x8 C:\Users\Dell\STM32CubeIDE\workspace_1.12.1\library_copy\SDK_1.0.3_NUCLEO-F401RE\lib_stm\libLibraries.a(serial.o)
 .bss.fontQueue
                0x0000000020000454       0x10 C:\Users\Dell\STM32CubeIDE\workspace_1.12.1\library_copy\SDK_1.0.3_NUCLEO-F401RE\lib_stm\libLibraries.a(ucg_font.o)
 .bss.pQueueFont
                0x0000000020000464     0x1000 C:\Users\Dell\STM32CubeIDE\workspace_1.12.1\library_copy\SDK_1.0.3_NUCLEO-F401RE\lib_stm\libLibraries.a(ucg_font.o)
 .bss.next.7562
                0x0000000020001464        0x1 C:\Users\Dell\STM32CubeIDE\workspace_1.12.1\library_copy\SDK_1.0.3_NUCLEO-F401RE\lib_stm\libLibraries.a(ucg_font.o)
 *fill*         0x0000000020001465        0x3 
 .bss.kpad      0x0000000020001468       0x78 C:\Users\Dell\STM32CubeIDE\workspace_1.12.1\library_copy\SDK_1.0.3_NUCLEO-F401RE\lib_stm\libLibraries.a(button.o)
 .bss.pEventCallbacks
                0x00000000200014e0       0x10 C:\Users\Dell\STM32CubeIDE\workspace_1.12.1\library_copy\SDK_1.0.3_NUCLEO-F401RE\lib_stm\libLibraries.a(button.o)
 .bss.__malloc_free_list
                0x00000000200014f0        0x4 c:/st/stm32cubeide_1.12.1/stm32cubeide/plugins/com.st.stm32cube.ide.mcu.externaltools.gnu-tools-for-stm32.10.3-2021.10.win32_1.0.200.202301161003/tools/bin/../lib/gcc/arm-none-eabi/10.3.1/../../../../arm-none-eabi/lib/thumb/v7e-m+fp/hard\libc_nano.a(lib_a-nano-mallocr.o)
                0x00000000200014f0                __malloc_free_list
 .bss.__malloc_sbrk_start
                0x00000000200014f4        0x4 c:/st/stm32cubeide_1.12.1/stm32cubeide/plugins/com.st.stm32cube.ide.mcu.externaltools.gnu-tools-for-stm32.10.3-2021.10.win32_1.0.200.202301161003/tools/bin/../lib/gcc/arm-none-eabi/10.3.1/../../../../arm-none-eabi/lib/thumb/v7e-m+fp/hard\libc_nano.a(lib_a-nano-mallocr.o)
                0x00000000200014f4                __malloc_sbrk_start
 .bss.errno     0x00000000200014f8        0x4 c:/st/stm32cubeide_1.12.1/stm32cubeide/plugins/com.st.stm32cube.ide.mcu.externaltools.gnu-tools-for-stm32.10.3-2021.10.win32_1.0.200.202301161003/tools/bin/../lib/gcc/arm-none-eabi/10.3.1/../../../../arm-none-eabi/lib/thumb/v7e-m+fp/hard\libc_nano.a(lib_a-reent.o)
                0x00000000200014f8                errno
 .bss.__lock___malloc_recursive_mutex
                0x00000000200014fc        0x1 c:/st/stm32cubeide_1.12.1/stm32cubeide/plugins/com.st.stm32cube.ide.mcu.externaltools.gnu-tools-for-stm32.10.3-2021.10.win32_1.0.200.202301161003/tools/bin/../lib/gcc/arm-none-eabi/10.3.1/../../../../arm-none-eabi/lib/thumb/v7e-m+fp/hard\libc_nano.a(lib_a-lock.o)
                0x00000000200014fc                __lock___malloc_recursive_mutex
 *(COMMON)
 *fill*         0x00000000200014fd        0x3 
 COMMON         0x0000000020001500        0xc C:\Users\Dell\STM32CubeIDE\workspace_1.12.1\library_copy\SDK_1.0.3_NUCLEO-F401RE\lib_stm\libLibraries.a(ucg_font.o)
                0x0000000020001500                ucg_draw_str
                0x000000002000150c                . = ALIGN (0x4)
                0x000000002000150c                _ebss = .
                0x000000002000150c                __bss_end__ = _ebss

._user_heap_stack
                0x000000002000150c      0x604 load address 0x000000000800733c
                0x0000000020001510                . = ALIGN (0x8)
 *fill*         0x000000002000150c        0x4 
                [!provide]                        PROVIDE (end = .)
                0x0000000020001510                PROVIDE (_end = .)
                0x0000000020001710                . = (. + _Min_Heap_Size)
 *fill*         0x0000000020001510      0x200 
                0x0000000020001b10                . = (. + _Min_Stack_Size)
 *fill*         0x0000000020001710      0x400 
                0x0000000020001b10                . = ALIGN (0x8)

/DISCARD/
 libc.a(*)
 libm.a(*)
 libgcc.a(*)

.ARM.attributes
                0x0000000000000000       0x30
 *(.ARM.attributes)
 .ARM.attributes
                0x0000000000000000       0x1e c:/st/stm32cubeide_1.12.1/stm32cubeide/plugins/com.st.stm32cube.ide.mcu.externaltools.gnu-tools-for-stm32.10.3-2021.10.win32_1.0.200.202301161003/tools/bin/../lib/gcc/arm-none-eabi/10.3.1/thumb/v7e-m+fp/hard/crti.o
 .ARM.attributes
                0x000000000000001e       0x34 c:/st/stm32cubeide_1.12.1/stm32cubeide/plugins/com.st.stm32cube.ide.mcu.externaltools.gnu-tools-for-stm32.10.3-2021.10.win32_1.0.200.202301161003/tools/bin/../lib/gcc/arm-none-eabi/10.3.1/thumb/v7e-m+fp/hard/crtbegin.o
 .ARM.attributes
                0x0000000000000052       0x34 ./Src/main.o
 .ARM.attributes
                0x0000000000000086       0x34 ./Src/sysmem.o
 .ARM.attributes
                0x00000000000000ba       0x21 ./Startup/startup_stm32f401retx.o
 .ARM.attributes
                0x00000000000000db       0x39 C:\Users\Dell\STM32CubeIDE\workspace_1.12.1\library_copy\SDK_1.0.3_NUCLEO-F401RE\lib_stm\libLibraries.a(system_stm32f4xx.o)
 .ARM.attributes
                0x0000000000000114       0x39 C:\Users\Dell\STM32CubeIDE\workspace_1.12.1\library_copy\SDK_1.0.3_NUCLEO-F401RE\lib_stm\libLibraries.a(eventbutton.o)
 .ARM.attributes
                0x000000000000014d       0x39 C:\Users\Dell\STM32CubeIDE\workspace_1.12.1\library_copy\SDK_1.0.3_NUCLEO-F401RE\lib_stm\libLibraries.a(buzzer.o)
 .ARM.attributes
                0x0000000000000186       0x39 C:\Users\Dell\STM32CubeIDE\workspace_1.12.1\library_copy\SDK_1.0.3_NUCLEO-F401RE\lib_stm\libLibraries.a(melody.o)
 .ARM.attributes
                0x00000000000001bf       0x39 C:\Users\Dell\STM32CubeIDE\workspace_1.12.1\library_copy\SDK_1.0.3_NUCLEO-F401RE\lib_stm\libLibraries.a(led.o)
 .ARM.attributes
                0x00000000000001f8       0x39 C:\Users\Dell\STM32CubeIDE\workspace_1.12.1\library_copy\SDK_1.0.3_NUCLEO-F401RE\lib_stm\libLibraries.a(eventman.o)
 .ARM.attributes
                0x0000000000000231       0x39 C:\Users\Dell\STM32CubeIDE\workspace_1.12.1\library_copy\SDK_1.0.3_NUCLEO-F401RE\lib_stm\libLibraries.a(timer.o)
 .ARM.attributes
                0x000000000000026a       0x39 C:\Users\Dell\STM32CubeIDE\workspace_1.12.1\library_copy\SDK_1.0.3_NUCLEO-F401RE\lib_stm\libLibraries.a(lightsensor.o)
 .ARM.attributes
                0x00000000000002a3       0x39 C:\Users\Dell\STM32CubeIDE\workspace_1.12.1\library_copy\SDK_1.0.3_NUCLEO-F401RE\lib_stm\libLibraries.a(temhumsensor.o)
 .ARM.attributes
                0x00000000000002dc       0x39 C:\Users\Dell\STM32CubeIDE\workspace_1.12.1\library_copy\SDK_1.0.3_NUCLEO-F401RE\lib_stm\libLibraries.a(serial.o)
 .ARM.attributes
                0x0000000000000315       0x39 C:\Users\Dell\STM32CubeIDE\workspace_1.12.1\library_copy\SDK_1.0.3_NUCLEO-F401RE\lib_stm\libLibraries.a(Ucglib.o)
 .ARM.attributes
                0x000000000000034e       0x39 C:\Users\Dell\STM32CubeIDE\workspace_1.12.1\library_copy\SDK_1.0.3_NUCLEO-F401RE\lib_stm\libLibraries.a(ucg_box.o)
 .ARM.attributes
                0x0000000000000387       0x39 C:\Users\Dell\STM32CubeIDE\workspace_1.12.1\library_copy\SDK_1.0.3_NUCLEO-F401RE\lib_stm\libLibraries.a(ucg_ccs.o)
 .ARM.attributes
                0x00000000000003c0       0x39 C:\Users\Dell\STM32CubeIDE\workspace_1.12.1\library_copy\SDK_1.0.3_NUCLEO-F401RE\lib_stm\libLibraries.a(ucg_dev_default_cb.o)
 .ARM.attributes
                0x00000000000003f9       0x39 C:\Users\Dell\STM32CubeIDE\workspace_1.12.1\library_copy\SDK_1.0.3_NUCLEO-F401RE\lib_stm\libLibraries.a(ucg_dev_ic_st7735.o)
 .ARM.attributes
                0x0000000000000432       0x39 C:\Users\Dell\STM32CubeIDE\workspace_1.12.1\library_copy\SDK_1.0.3_NUCLEO-F401RE\lib_stm\libLibraries.a(ucg_dev_msg_api.o)
 .ARM.attributes
                0x000000000000046b       0x39 C:\Users\Dell\STM32CubeIDE\workspace_1.12.1\library_copy\SDK_1.0.3_NUCLEO-F401RE\lib_stm\libLibraries.a(ucg_dev_tft_128x128_st7735.o)
 .ARM.attributes
                0x00000000000004a4       0x39 C:\Users\Dell\STM32CubeIDE\workspace_1.12.1\library_copy\SDK_1.0.3_NUCLEO-F401RE\lib_stm\libLibraries.a(ucg_font.o)
 .ARM.attributes
                0x00000000000004dd       0x39 C:\Users\Dell\STM32CubeIDE\workspace_1.12.1\library_copy\SDK_1.0.3_NUCLEO-F401RE\lib_stm\libLibraries.a(ucg_init.o)
 .ARM.attributes
                0x0000000000000516       0x39 C:\Users\Dell\STM32CubeIDE\workspace_1.12.1\library_copy\SDK_1.0.3_NUCLEO-F401RE\lib_stm\libLibraries.a(ucg_line.o)
 .ARM.attributes
                0x000000000000054f       0x39 C:\Users\Dell\STM32CubeIDE\workspace_1.12.1\library_copy\SDK_1.0.3_NUCLEO-F401RE\lib_stm\libLibraries.a(ucg_pixel.o)
 .ARM.attributes
                0x0000000000000588       0x39 C:\Users\Dell\STM32CubeIDE\workspace_1.12.1\library_copy\SDK_1.0.3_NUCLEO-F401RE\lib_stm\libLibraries.a(ucg_pixel_font_data.o)
 .ARM.attributes
                0x00000000000005c1       0x39 C:\Users\Dell\STM32CubeIDE\workspace_1.12.1\library_copy\SDK_1.0.3_NUCLEO-F401RE\lib_stm\libLibraries.a(ucg_rotate.o)
 .ARM.attributes
                0x00000000000005fa       0x39 C:\Users\Dell\STM32CubeIDE\workspace_1.12.1\library_copy\SDK_1.0.3_NUCLEO-F401RE\lib_stm\libLibraries.a(buff.o)
 .ARM.attributes
                0x0000000000000633       0x39 C:\Users\Dell\STM32CubeIDE\workspace_1.12.1\library_copy\SDK_1.0.3_NUCLEO-F401RE\lib_stm\libLibraries.a(utilities.o)
 .ARM.attributes
                0x000000000000066c       0x39 C:\Users\Dell\STM32CubeIDE\workspace_1.12.1\library_copy\SDK_1.0.3_NUCLEO-F401RE\lib_stm\libLibraries.a(stm32f401re_adc.o)
 .ARM.attributes
                0x00000000000006a5       0x39 C:\Users\Dell\STM32CubeIDE\workspace_1.12.1\library_copy\SDK_1.0.3_NUCLEO-F401RE\lib_stm\libLibraries.a(stm32f401re_dma.o)
 .ARM.attributes
                0x00000000000006de       0x39 C:\Users\Dell\STM32CubeIDE\workspace_1.12.1\library_copy\SDK_1.0.3_NUCLEO-F401RE\lib_stm\libLibraries.a(stm32f401re_gpio.o)
 .ARM.attributes
                0x0000000000000717       0x39 C:\Users\Dell\STM32CubeIDE\workspace_1.12.1\library_copy\SDK_1.0.3_NUCLEO-F401RE\lib_stm\libLibraries.a(stm32f401re_i2c.o)
 .ARM.attributes
                0x0000000000000750       0x39 C:\Users\Dell\STM32CubeIDE\workspace_1.12.1\library_copy\SDK_1.0.3_NUCLEO-F401RE\lib_stm\libLibraries.a(stm32f401re_rcc.o)
 .ARM.attributes
                0x0000000000000789       0x39 C:\Users\Dell\STM32CubeIDE\workspace_1.12.1\library_copy\SDK_1.0.3_NUCLEO-F401RE\lib_stm\libLibraries.a(stm32f401re_tim.o)
 .ARM.attributes
                0x00000000000007c2       0x39 C:\Users\Dell\STM32CubeIDE\workspace_1.12.1\library_copy\SDK_1.0.3_NUCLEO-F401RE\lib_stm\libLibraries.a(stm32f401re_usart.o)
 .ARM.attributes
                0x00000000000007fb       0x39 C:\Users\Dell\STM32CubeIDE\workspace_1.12.1\library_copy\SDK_1.0.3_NUCLEO-F401RE\lib_stm\libLibraries.a(button.o)
 .ARM.attributes
                0x0000000000000834       0x39 C:\Users\Dell\STM32CubeIDE\workspace_1.12.1\library_copy\SDK_1.0.3_NUCLEO-F401RE\lib_stm\libLibraries.a(ucg_clip.o)
 .ARM.attributes
                0x000000000000086d       0x39 C:\Users\Dell\STM32CubeIDE\workspace_1.12.1\library_copy\SDK_1.0.3_NUCLEO-F401RE\lib_stm\libLibraries.a(ucg_com_msg_api.o)
 .ARM.attributes
                0x00000000000008a6       0x34 c:/st/stm32cubeide_1.12.1/stm32cubeide/plugins/com.st.stm32cube.ide.mcu.externaltools.gnu-tools-for-stm32.10.3-2021.10.win32_1.0.200.202301161003/tools/bin/../lib/gcc/arm-none-eabi/10.3.1/../../../../arm-none-eabi/lib/thumb/v7e-m+fp/hard\libc_nano.a(lib_a-errno.o)
 .ARM.attributes
                0x00000000000008da       0x34 c:/st/stm32cubeide_1.12.1/stm32cubeide/plugins/com.st.stm32cube.ide.mcu.externaltools.gnu-tools-for-stm32.10.3-2021.10.win32_1.0.200.202301161003/tools/bin/../lib/gcc/arm-none-eabi/10.3.1/../../../../arm-none-eabi/lib/thumb/v7e-m+fp/hard\libc_nano.a(lib_a-impure.o)
 .ARM.attributes
                0x000000000000090e       0x34 c:/st/stm32cubeide_1.12.1/stm32cubeide/plugins/com.st.stm32cube.ide.mcu.externaltools.gnu-tools-for-stm32.10.3-2021.10.win32_1.0.200.202301161003/tools/bin/../lib/gcc/arm-none-eabi/10.3.1/../../../../arm-none-eabi/lib/thumb/v7e-m+fp/hard\libc_nano.a(lib_a-init.o)
 .ARM.attributes
                0x0000000000000942       0x34 c:/st/stm32cubeide_1.12.1/stm32cubeide/plugins/com.st.stm32cube.ide.mcu.externaltools.gnu-tools-for-stm32.10.3-2021.10.win32_1.0.200.202301161003/tools/bin/../lib/gcc/arm-none-eabi/10.3.1/../../../../arm-none-eabi/lib/thumb/v7e-m+fp/hard\libc_nano.a(lib_a-memset.o)
 .ARM.attributes
                0x0000000000000976       0x34 c:/st/stm32cubeide_1.12.1/stm32cubeide/plugins/com.st.stm32cube.ide.mcu.externaltools.gnu-tools-for-stm32.10.3-2021.10.win32_1.0.200.202301161003/tools/bin/../lib/gcc/arm-none-eabi/10.3.1/../../../../arm-none-eabi/lib/thumb/v7e-m+fp/hard\libc_nano.a(lib_a-sprintf.o)
 .ARM.attributes
                0x00000000000009aa       0x34 c:/st/stm32cubeide_1.12.1/stm32cubeide/plugins/com.st.stm32cube.ide.mcu.externaltools.gnu-tools-for-stm32.10.3-2021.10.win32_1.0.200.202301161003/tools/bin/../lib/gcc/arm-none-eabi/10.3.1/../../../../arm-none-eabi/lib/thumb/v7e-m+fp/hard\libc_nano.a(lib_a-nano-svfprintf.o)