../Src/main.c:85:6:AppInitCommon	16	static
../Src/main.c:105:13:AppStateManager	16	static
../Src/main.c:131:13:SetStateApp	16	static
../Src/main.c:136:20:GetStateApp	4	static
../Src/main.c:141:6:LoadConfiguration	16	static
../Src/main.c:145:6:tangDoSangLed	8	static
../Src/main.c:153:6:giamDoSangLed	8	static
../Src/main.c:160:6:DeviceStateMachine	32	static
../Src/main.c:293:6:Task_multiSensorScan	232	static
../Src/main.c:312:6:MultiSensorScan	32	static
../Src/main.c:335:5:main	8	static
