../Src/main.c:84:6:AppInitCommon	16	static
../Src/main.c:104:13:AppStateManager	16	static
../Src/main.c:130:13:SetStateApp	16	static
../Src/main.c:135:20:GetStateApp	4	static
../Src/main.c:140:6:LoadConfiguration	16	static
../Src/main.c:144:6:tangDoSangLed	8	static
../Src/main.c:152:6:giamDoSangLed	8	static
../Src/main.c:159:6:DeviceStateMachine	32	static
../Src/main.c:291:6:Task_multiSensorScan	232	static
../Src/main.c:310:6:MultiSensorScan	32	static
../Src/main.c:333:5:main	8	static
